Archive member included because of file (symbol)

.\CortexM0\ARM_GCC_441\Debug\Blinking LED.a(PWM.o)
                              .\CortexM0\ARM_GCC_441\Debug\main.o (PWM_Start)
.\CortexM0\ARM_GCC_441\Debug\Blinking LED.a(Clock.o)
                              .\CortexM0\ARM_GCC_441\Debug\main.o (Clock_Start)
.\CortexM0\ARM_GCC_441\Debug\Blinking LED.a(CyBootAsmGnu.o)
                              .\CortexM0\ARM_GCC_441\Debug\Blinking LED.a(PWM.o) (CyEnterCriticalSection)
.\CortexM0\ARM_GCC_441\Debug\Blinking LED.a(cyfitter_cfg.o)
                              .\CortexM0\ARM_GCC_441\Debug\Cm0Start.o (cyfitter_cfg)
.\CortexM0\ARM_GCC_441\Debug\Blinking LED.a(CyLib.o)
                              .\CortexM0\ARM_GCC_441\Debug\Blinking LED.a(cyfitter_cfg.o) (CyDelayUs)
c:/program files (x86)/cypress/psoc creator/2.2/psoc creator/import/gnu_cs/arm/4.4.1/bin/../lib/gcc/arm-none-eabi/4.4.1/armv6-m\libgcc.a(_udivsi3.o)
                              .\CortexM0\ARM_GCC_441\Debug\Blinking LED.a(CyLib.o) (__aeabi_uidiv)
c:/program files (x86)/cypress/psoc creator/2.2/psoc creator/import/gnu_cs/arm/4.4.1/bin/../lib/gcc/arm-none-eabi/4.4.1/armv6-m\libgcc.a(_dvmd_tls.o)
                              c:/program files (x86)/cypress/psoc creator/2.2/psoc creator/import/gnu_cs/arm/4.4.1/bin/../lib/gcc/arm-none-eabi/4.4.1/armv6-m\libgcc.a(_udivsi3.o) (__aeabi_idiv0)
c:/program files (x86)/cypress/psoc creator/2.2/psoc creator/import/gnu_cs/arm/4.4.1/bin/../lib/gcc/arm-none-eabi/4.4.1/../../../../arm-none-eabi/lib/armv6-m\libc.a(lib_a-memcpy.o)
                              .\CortexM0\ARM_GCC_441\Debug\Blinking LED.a(cyfitter_cfg.o) (memcpy)
c:/program files (x86)/cypress/psoc creator/2.2/psoc creator/import/gnu_cs/arm/4.4.1/bin/../lib/gcc/arm-none-eabi/4.4.1/../../../../arm-none-eabi/lib/armv6-m\libc.a(lib_a-memset.o)
                              .\CortexM0\ARM_GCC_441\Debug\Blinking LED.a(cyfitter_cfg.o) (memset)
c:/program files (x86)/cypress/psoc creator/2.2/psoc creator/import/gnu_cs/arm/4.4.1/bin/../lib/gcc/arm-none-eabi/4.4.1/../../../../arm-none-eabi/lib/armv6-m\libcs3.a(start_c.o)
                              (__cs3_start_c)
c:/program files (x86)/cypress/psoc creator/2.2/psoc creator/import/gnu_cs/arm/4.4.1/bin/../lib/gcc/arm-none-eabi/4.4.1/../../../../arm-none-eabi/lib/armv6-m\libcs3micro.a(micro_isr_interrupt.o)
                              (__cs3_isr_nmi)
c:/program files (x86)/cypress/psoc creator/2.2/psoc creator/import/gnu_cs/arm/4.4.1/bin/../lib/gcc/arm-none-eabi/4.4.1/../../../../arm-none-eabi/lib/armv6-m\libc.a(lib_a-init.o)
                              c:/program files (x86)/cypress/psoc creator/2.2/psoc creator/import/gnu_cs/arm/4.4.1/bin/../lib/gcc/arm-none-eabi/4.4.1/../../../../arm-none-eabi/lib/armv6-m\libcs3.a(start_c.o) (__libc_init_array)

Discarded input sections

 .text          0x00000000        0x0 c:/program files (x86)/cypress/psoc creator/2.2/psoc creator/import/gnu_cs/arm/4.4.1/bin/../lib/gcc/arm-none-eabi/4.4.1/armv6-m/crti.o
 .data          0x00000000        0x0 c:/program files (x86)/cypress/psoc creator/2.2/psoc creator/import/gnu_cs/arm/4.4.1/bin/../lib/gcc/arm-none-eabi/4.4.1/armv6-m/crti.o
 .bss           0x00000000        0x0 c:/program files (x86)/cypress/psoc creator/2.2/psoc creator/import/gnu_cs/arm/4.4.1/bin/../lib/gcc/arm-none-eabi/4.4.1/armv6-m/crti.o
 .data          0x00000000        0x4 c:/program files (x86)/cypress/psoc creator/2.2/psoc creator/import/gnu_cs/arm/4.4.1/bin/../lib/gcc/arm-none-eabi/4.4.1/armv6-m/crtbegin.o
 .text          0x00000000        0x0 .\CortexM0\ARM_GCC_441\Debug\main.o
 .data          0x00000000        0x0 .\CortexM0\ARM_GCC_441\Debug\main.o
 .bss           0x00000000        0x0 .\CortexM0\ARM_GCC_441\Debug\main.o
 .text          0x00000000        0x0 .\CortexM0\ARM_GCC_441\Debug\Cm0Start.o
 .data          0x00000000        0x0 .\CortexM0\ARM_GCC_441\Debug\Cm0Start.o
 .bss           0x00000000        0x0 .\CortexM0\ARM_GCC_441\Debug\Cm0Start.o
 .text          0x00000000        0x0 .\CortexM0\ARM_GCC_441\Debug\Blinking LED.a(PWM.o)
 .data          0x00000000        0x0 .\CortexM0\ARM_GCC_441\Debug\Blinking LED.a(PWM.o)
 .text.PWM_Stop
                0x00000000       0x34 .\CortexM0\ARM_GCC_441\Debug\Blinking LED.a(PWM.o)
 .text.PWM_SetMode
                0x00000000       0x48 .\CortexM0\ARM_GCC_441\Debug\Blinking LED.a(PWM.o)
 .text.PWM_SetQDMode
                0x00000000       0x48 .\CortexM0\ARM_GCC_441\Debug\Blinking LED.a(PWM.o)
 .text.PWM_SetPrescaler
                0x00000000       0x48 .\CortexM0\ARM_GCC_441\Debug\Blinking LED.a(PWM.o)
 .text.PWM_SetOneShot
                0x00000000       0x50 .\CortexM0\ARM_GCC_441\Debug\Blinking LED.a(PWM.o)
 .text.PWM_SetPWMMode
                0x00000000       0x1c .\CortexM0\ARM_GCC_441\Debug\Blinking LED.a(PWM.o)
 .text.PWM_SetPWMSyncKill
                0x00000000       0x4c .\CortexM0\ARM_GCC_441\Debug\Blinking LED.a(PWM.o)
 .text.PWM_SetPWMStopOnKill
                0x00000000       0x4c .\CortexM0\ARM_GCC_441\Debug\Blinking LED.a(PWM.o)
 .text.PWM_SetPWMDeadTime
                0x00000000       0x50 .\CortexM0\ARM_GCC_441\Debug\Blinking LED.a(PWM.o)
 .text.PWM_SetPWMInvert
                0x00000000       0x48 .\CortexM0\ARM_GCC_441\Debug\Blinking LED.a(PWM.o)
 .text.PWM_WriteCounter
                0x00000000       0x1c .\CortexM0\ARM_GCC_441\Debug\Blinking LED.a(PWM.o)
 .text.PWM_ReadCounter
                0x00000000       0x18 .\CortexM0\ARM_GCC_441\Debug\Blinking LED.a(PWM.o)
 .text.PWM_SetCounterMode
                0x00000000       0x48 .\CortexM0\ARM_GCC_441\Debug\Blinking LED.a(PWM.o)
 .text.PWM_ReadPeriod
                0x00000000       0x18 .\CortexM0\ARM_GCC_441\Debug\Blinking LED.a(PWM.o)
 .text.PWM_SetCompareSwap
                0x00000000       0x48 .\CortexM0\ARM_GCC_441\Debug\Blinking LED.a(PWM.o)
 .text.PWM_WritePeriodBuf
                0x00000000       0x1c .\CortexM0\ARM_GCC_441\Debug\Blinking LED.a(PWM.o)
 .text.PWM_ReadPeriodBuf
                0x00000000       0x18 .\CortexM0\ARM_GCC_441\Debug\Blinking LED.a(PWM.o)
 .text.PWM_SetPeriodSwap
                0x00000000       0x4c .\CortexM0\ARM_GCC_441\Debug\Blinking LED.a(PWM.o)
 .text.PWM_ReadCompare
                0x00000000       0x18 .\CortexM0\ARM_GCC_441\Debug\Blinking LED.a(PWM.o)
 .text.PWM_WriteCompareBuf
                0x00000000       0x1c .\CortexM0\ARM_GCC_441\Debug\Blinking LED.a(PWM.o)
 .text.PWM_ReadCompareBuf
                0x00000000       0x18 .\CortexM0\ARM_GCC_441\Debug\Blinking LED.a(PWM.o)
 .text.PWM_ReadCapture
                0x00000000       0x18 .\CortexM0\ARM_GCC_441\Debug\Blinking LED.a(PWM.o)
 .text.PWM_ReadCaptureBuf
                0x00000000       0x18 .\CortexM0\ARM_GCC_441\Debug\Blinking LED.a(PWM.o)
 .text.PWM_SetCaptureMode
                0x00000000       0x44 .\CortexM0\ARM_GCC_441\Debug\Blinking LED.a(PWM.o)
 .text.PWM_SetReloadMode
                0x00000000       0x48 .\CortexM0\ARM_GCC_441\Debug\Blinking LED.a(PWM.o)
 .text.PWM_SetStartMode
                0x00000000       0x4c .\CortexM0\ARM_GCC_441\Debug\Blinking LED.a(PWM.o)
 .text.PWM_SetStopMode
                0x00000000       0x48 .\CortexM0\ARM_GCC_441\Debug\Blinking LED.a(PWM.o)
 .text.PWM_SetCountMode
                0x00000000       0x48 .\CortexM0\ARM_GCC_441\Debug\Blinking LED.a(PWM.o)
 .text.PWM_TriggerCommand
                0x00000000       0x3c .\CortexM0\ARM_GCC_441\Debug\Blinking LED.a(PWM.o)
 .text.PWM_ReadStatus
                0x00000000       0x20 .\CortexM0\ARM_GCC_441\Debug\Blinking LED.a(PWM.o)
 .text.PWM_GetInterruptSourceMasked
                0x00000000       0x14 .\CortexM0\ARM_GCC_441\Debug\Blinking LED.a(PWM.o)
 .text.PWM_GetInterruptSource
                0x00000000       0x14 .\CortexM0\ARM_GCC_441\Debug\Blinking LED.a(PWM.o)
 .text.PWM_ClearInterrupt
                0x00000000       0x18 .\CortexM0\ARM_GCC_441\Debug\Blinking LED.a(PWM.o)
 .text.PWM_SetInterrupt
                0x00000000       0x18 .\CortexM0\ARM_GCC_441\Debug\Blinking LED.a(PWM.o)
 .text          0x00000000        0x0 .\CortexM0\ARM_GCC_441\Debug\Blinking LED.a(Clock.o)
 .data          0x00000000        0x0 .\CortexM0\ARM_GCC_441\Debug\Blinking LED.a(Clock.o)
 .bss           0x00000000        0x0 .\CortexM0\ARM_GCC_441\Debug\Blinking LED.a(Clock.o)
 .text.Clock_Stop
                0x00000000       0x18 .\CortexM0\ARM_GCC_441\Debug\Blinking LED.a(Clock.o)
 .text.Clock_SetFractionalDividerRegister
                0x00000000       0x38 .\CortexM0\ARM_GCC_441\Debug\Blinking LED.a(Clock.o)
 .text.Clock_GetDividerRegister
                0x00000000       0x14 .\CortexM0\ARM_GCC_441\Debug\Blinking LED.a(Clock.o)
 .text.Clock_GetFractionalDividerRegister
                0x00000000        0xc .\CortexM0\ARM_GCC_441\Debug\Blinking LED.a(Clock.o)
 .data          0x00000000        0x0 .\CortexM0\ARM_GCC_441\Debug\Blinking LED.a(CyBootAsmGnu.o)
 .bss           0x00000000        0x0 .\CortexM0\ARM_GCC_441\Debug\Blinking LED.a(CyBootAsmGnu.o)
 .text          0x00000000        0x0 .\CortexM0\ARM_GCC_441\Debug\Blinking LED.a(cyfitter_cfg.o)
 .bss           0x00000000        0x0 .\CortexM0\ARM_GCC_441\Debug\Blinking LED.a(cyfitter_cfg.o)
 .text.CYCONFIGCPY
                0x00000000       0x24 .\CortexM0\ARM_GCC_441\Debug\Blinking LED.a(cyfitter_cfg.o)
 .text.CYCONFIGCPYCODE
                0x00000000       0x24 .\CortexM0\ARM_GCC_441\Debug\Blinking LED.a(cyfitter_cfg.o)
 .text          0x00000000        0x0 .\CortexM0\ARM_GCC_441\Debug\Blinking LED.a(CyLib.o)
 .bss           0x00000000        0x0 .\CortexM0\ARM_GCC_441\Debug\Blinking LED.a(CyLib.o)
 .text.CySysClkImoStart
                0x00000000       0x1c .\CortexM0\ARM_GCC_441\Debug\Blinking LED.a(CyLib.o)
 .text.CySysClkImoStop
                0x00000000       0x18 .\CortexM0\ARM_GCC_441\Debug\Blinking LED.a(CyLib.o)
 .text.CySysClkIloStart
                0x00000000       0x1c .\CortexM0\ARM_GCC_441\Debug\Blinking LED.a(CyLib.o)
 .text.CySysClkIloStop
                0x00000000       0x18 .\CortexM0\ARM_GCC_441\Debug\Blinking LED.a(CyLib.o)
 .text.CySysClkWriteHfclkDirect
                0x00000000       0x2c .\CortexM0\ARM_GCC_441\Debug\Blinking LED.a(CyLib.o)
 .text.CySysClkWriteSysclkDiv
                0x00000000       0x2c .\CortexM0\ARM_GCC_441\Debug\Blinking LED.a(CyLib.o)
 .text.CySysClkWriteImoFreq
                0x00000000      0x200 .\CortexM0\ARM_GCC_441\Debug\Blinking LED.a(CyLib.o)
 .text.CySysWdtLock
                0x00000000       0x44 .\CortexM0\ARM_GCC_441\Debug\Blinking LED.a(CyLib.o)
 .text.CySysWdtUnlock
                0x00000000       0x60 .\CortexM0\ARM_GCC_441\Debug\Blinking LED.a(CyLib.o)
 .text.CySysWdtReadEnabledStatus
                0x00000000       0x30 .\CortexM0\ARM_GCC_441\Debug\Blinking LED.a(CyLib.o)
 .text.CySysWdtWriteMode
                0x00000000       0x70 .\CortexM0\ARM_GCC_441\Debug\Blinking LED.a(CyLib.o)
 .text.CySysWdtReadMode
                0x00000000       0x24 .\CortexM0\ARM_GCC_441\Debug\Blinking LED.a(CyLib.o)
 .text.CySysWdtWriteClearOnMatch
                0x00000000       0x60 .\CortexM0\ARM_GCC_441\Debug\Blinking LED.a(CyLib.o)
 .text.CySysWdtReadClearOnMatch
                0x00000000       0x38 .\CortexM0\ARM_GCC_441\Debug\Blinking LED.a(CyLib.o)
 .text.CySysWdtEnable
                0x00000000       0x30 .\CortexM0\ARM_GCC_441\Debug\Blinking LED.a(CyLib.o)
 .text.CySysWdtDisable
                0x00000000       0x30 .\CortexM0\ARM_GCC_441\Debug\Blinking LED.a(CyLib.o)
 .text.CySysWdtWriteCascade
                0x00000000       0x68 .\CortexM0\ARM_GCC_441\Debug\Blinking LED.a(CyLib.o)
 .text.CySysWdtReadCascade
                0x00000000       0x1c .\CortexM0\ARM_GCC_441\Debug\Blinking LED.a(CyLib.o)
 .text.CySysWdtWriteMatch
                0x00000000       0x6c .\CortexM0\ARM_GCC_441\Debug\Blinking LED.a(CyLib.o)
 .text.CySysWdtWriteToggleBit
                0x00000000       0x54 .\CortexM0\ARM_GCC_441\Debug\Blinking LED.a(CyLib.o)
 .text.CySysWdtReadToggleBit
                0x00000000       0x18 .\CortexM0\ARM_GCC_441\Debug\Blinking LED.a(CyLib.o)
 .text.CySysWdtReadMatch
                0x00000000       0x38 .\CortexM0\ARM_GCC_441\Debug\Blinking LED.a(CyLib.o)
 .text.CySysWdtReadCount
                0x00000000       0x54 .\CortexM0\ARM_GCC_441\Debug\Blinking LED.a(CyLib.o)
 .text.CySysWdtGetInterruptSource
                0x00000000       0x1c .\CortexM0\ARM_GCC_441\Debug\Blinking LED.a(CyLib.o)
 .text.CySysWdtClearInterrupt
                0x00000000       0xac .\CortexM0\ARM_GCC_441\Debug\Blinking LED.a(CyLib.o)
 .text.CySysWdtResetCounters
                0x00000000       0x38 .\CortexM0\ARM_GCC_441\Debug\Blinking LED.a(CyLib.o)
 .text.CySysLvdEnable
                0x00000000       0x48 .\CortexM0\ARM_GCC_441\Debug\Blinking LED.a(CyLib.o)
 .text.CySysLvdDisable
                0x00000000       0x28 .\CortexM0\ARM_GCC_441\Debug\Blinking LED.a(CyLib.o)
 .text.CySysLvdGetInterruptSource
                0x00000000       0x18 .\CortexM0\ARM_GCC_441\Debug\Blinking LED.a(CyLib.o)
 .text.CySysLvdClearInterrupt
                0x00000000       0x14 .\CortexM0\ARM_GCC_441\Debug\Blinking LED.a(CyLib.o)
 .text.CyDisableInts
                0x00000000       0x24 .\CortexM0\ARM_GCC_441\Debug\Blinking LED.a(CyLib.o)
 .text.CyEnableInts
                0x00000000       0x18 .\CortexM0\ARM_GCC_441\Debug\Blinking LED.a(CyLib.o)
 .text.CyIntSetSysVector
                0x00000000       0x48 .\CortexM0\ARM_GCC_441\Debug\Blinking LED.a(CyLib.o)
 .text.CyIntGetSysVector
                0x00000000       0x34 .\CortexM0\ARM_GCC_441\Debug\Blinking LED.a(CyLib.o)
 .text.CyIntSetVector
                0x00000000       0x4c .\CortexM0\ARM_GCC_441\Debug\Blinking LED.a(CyLib.o)
 .text.CyIntGetVector
                0x00000000       0x38 .\CortexM0\ARM_GCC_441\Debug\Blinking LED.a(CyLib.o)
 .text.CyIntSetPriority
                0x00000000       0xa8 .\CortexM0\ARM_GCC_441\Debug\Blinking LED.a(CyLib.o)
 .text.CyIntGetPriority
                0x00000000       0x54 .\CortexM0\ARM_GCC_441\Debug\Blinking LED.a(CyLib.o)
 .text.CyIntEnable
                0x00000000       0x2c .\CortexM0\ARM_GCC_441\Debug\Blinking LED.a(CyLib.o)
 .text.CyIntGetState
                0x00000000       0x3c .\CortexM0\ARM_GCC_441\Debug\Blinking LED.a(CyLib.o)
 .text.CyIntDisable
                0x00000000       0x2c .\CortexM0\ARM_GCC_441\Debug\Blinking LED.a(CyLib.o)
 .text.CyIntSetPending
                0x00000000       0x2c .\CortexM0\ARM_GCC_441\Debug\Blinking LED.a(CyLib.o)
 .text.CyIntClearPending
                0x00000000       0x2c .\CortexM0\ARM_GCC_441\Debug\Blinking LED.a(CyLib.o)
 .text.CyHalt   0x00000000       0x14 .\CortexM0\ARM_GCC_441\Debug\Blinking LED.a(CyLib.o)
 .text.CySoftwareReset
                0x00000000       0x20 .\CortexM0\ARM_GCC_441\Debug\Blinking LED.a(CyLib.o)
 .text.CyDelay  0x00000000       0x48 .\CortexM0\ARM_GCC_441\Debug\Blinking LED.a(CyLib.o)
 .text.CyDelayFreq
                0x00000000       0x80 .\CortexM0\ARM_GCC_441\Debug\Blinking LED.a(CyLib.o)
 .rodata        0x00000000       0x30 .\CortexM0\ARM_GCC_441\Debug\Blinking LED.a(CyLib.o)
 .text          0x00000000       0x9c c:/program files (x86)/cypress/psoc creator/2.2/psoc creator/import/gnu_cs/arm/4.4.1/bin/../lib/gcc/arm-none-eabi/4.4.1/armv6-m\libgcc.a(_udivsi3.o)
 .data          0x00000000        0x0 c:/program files (x86)/cypress/psoc creator/2.2/psoc creator/import/gnu_cs/arm/4.4.1/bin/../lib/gcc/arm-none-eabi/4.4.1/armv6-m\libgcc.a(_udivsi3.o)
 .bss           0x00000000        0x0 c:/program files (x86)/cypress/psoc creator/2.2/psoc creator/import/gnu_cs/arm/4.4.1/bin/../lib/gcc/arm-none-eabi/4.4.1/armv6-m\libgcc.a(_udivsi3.o)
 .text          0x00000000        0x4 c:/program files (x86)/cypress/psoc creator/2.2/psoc creator/import/gnu_cs/arm/4.4.1/bin/../lib/gcc/arm-none-eabi/4.4.1/armv6-m\libgcc.a(_dvmd_tls.o)
 .data          0x00000000        0x0 c:/program files (x86)/cypress/psoc creator/2.2/psoc creator/import/gnu_cs/arm/4.4.1/bin/../lib/gcc/arm-none-eabi/4.4.1/armv6-m\libgcc.a(_dvmd_tls.o)
 .bss           0x00000000        0x0 c:/program files (x86)/cypress/psoc creator/2.2/psoc creator/import/gnu_cs/arm/4.4.1/bin/../lib/gcc/arm-none-eabi/4.4.1/armv6-m\libgcc.a(_dvmd_tls.o)
 .text          0x00000000      0x100 c:/program files (x86)/cypress/psoc creator/2.2/psoc creator/import/gnu_cs/arm/4.4.1/bin/../lib/gcc/arm-none-eabi/4.4.1/../../../../arm-none-eabi/lib/armv6-m\libc.a(lib_a-memcpy.o)
 .data          0x00000000        0x0 c:/program files (x86)/cypress/psoc creator/2.2/psoc creator/import/gnu_cs/arm/4.4.1/bin/../lib/gcc/arm-none-eabi/4.4.1/../../../../arm-none-eabi/lib/armv6-m\libc.a(lib_a-memcpy.o)
 .bss           0x00000000        0x0 c:/program files (x86)/cypress/psoc creator/2.2/psoc creator/import/gnu_cs/arm/4.4.1/bin/../lib/gcc/arm-none-eabi/4.4.1/../../../../arm-none-eabi/lib/armv6-m\libc.a(lib_a-memcpy.o)
 .data          0x00000000        0x0 c:/program files (x86)/cypress/psoc creator/2.2/psoc creator/import/gnu_cs/arm/4.4.1/bin/../lib/gcc/arm-none-eabi/4.4.1/../../../../arm-none-eabi/lib/armv6-m\libc.a(lib_a-memset.o)
 .bss           0x00000000        0x0 c:/program files (x86)/cypress/psoc creator/2.2/psoc creator/import/gnu_cs/arm/4.4.1/bin/../lib/gcc/arm-none-eabi/4.4.1/../../../../arm-none-eabi/lib/armv6-m\libc.a(lib_a-memset.o)
 .text          0x00000000        0x0 c:/program files (x86)/cypress/psoc creator/2.2/psoc creator/import/gnu_cs/arm/4.4.1/bin/../lib/gcc/arm-none-eabi/4.4.1/armv6-m/crtend.o
 .data          0x00000000        0x0 c:/program files (x86)/cypress/psoc creator/2.2/psoc creator/import/gnu_cs/arm/4.4.1/bin/../lib/gcc/arm-none-eabi/4.4.1/armv6-m/crtend.o
 .bss           0x00000000        0x0 c:/program files (x86)/cypress/psoc creator/2.2/psoc creator/import/gnu_cs/arm/4.4.1/bin/../lib/gcc/arm-none-eabi/4.4.1/armv6-m/crtend.o
 .text          0x00000000        0x0 c:/program files (x86)/cypress/psoc creator/2.2/psoc creator/import/gnu_cs/arm/4.4.1/bin/../lib/gcc/arm-none-eabi/4.4.1/armv6-m/crtn.o
 .data          0x00000000        0x0 c:/program files (x86)/cypress/psoc creator/2.2/psoc creator/import/gnu_cs/arm/4.4.1/bin/../lib/gcc/arm-none-eabi/4.4.1/armv6-m/crtn.o
 .bss           0x00000000        0x0 c:/program files (x86)/cypress/psoc creator/2.2/psoc creator/import/gnu_cs/arm/4.4.1/bin/../lib/gcc/arm-none-eabi/4.4.1/armv6-m/crtn.o
 .data          0x00000000        0x0 c:/program files (x86)/cypress/psoc creator/2.2/psoc creator/import/gnu_cs/arm/4.4.1/bin/../lib/gcc/arm-none-eabi/4.4.1/../../../../arm-none-eabi/lib/armv6-m\libcs3.a(start_c.o)
 .bss           0x00000000        0x0 c:/program files (x86)/cypress/psoc creator/2.2/psoc creator/import/gnu_cs/arm/4.4.1/bin/../lib/gcc/arm-none-eabi/4.4.1/../../../../arm-none-eabi/lib/armv6-m\libcs3.a(start_c.o)
 .data          0x00000000        0x0 c:/program files (x86)/cypress/psoc creator/2.2/psoc creator/import/gnu_cs/arm/4.4.1/bin/../lib/gcc/arm-none-eabi/4.4.1/../../../../arm-none-eabi/lib/armv6-m\libcs3micro.a(micro_isr_interrupt.o)
 .bss           0x00000000        0x0 c:/program files (x86)/cypress/psoc creator/2.2/psoc creator/import/gnu_cs/arm/4.4.1/bin/../lib/gcc/arm-none-eabi/4.4.1/../../../../arm-none-eabi/lib/armv6-m\libcs3micro.a(micro_isr_interrupt.o)
 .data          0x00000000        0x0 c:/program files (x86)/cypress/psoc creator/2.2/psoc creator/import/gnu_cs/arm/4.4.1/bin/../lib/gcc/arm-none-eabi/4.4.1/../../../../arm-none-eabi/lib/armv6-m\libc.a(lib_a-init.o)
 .bss           0x00000000        0x0 c:/program files (x86)/cypress/psoc creator/2.2/psoc creator/import/gnu_cs/arm/4.4.1/bin/../lib/gcc/arm-none-eabi/4.4.1/../../../../arm-none-eabi/lib/armv6-m\libc.a(lib_a-init.o)

Memory Configuration

Name             Origin             Length             Attributes
rom              0x00000000         0x00008000         xr
ram              0x20000000         0x00000b00         xrw
*default*        0x00000000         0xffffffff

Linker script and memory map

LOAD c:/program files (x86)/cypress/psoc creator/2.2/psoc creator/import/gnu_cs/arm/4.4.1/bin/../lib/gcc/arm-none-eabi/4.4.1/armv6-m/crti.o
LOAD c:/program files (x86)/cypress/psoc creator/2.2/psoc creator/import/gnu_cs/arm/4.4.1/bin/../lib/gcc/arm-none-eabi/4.4.1/armv6-m/crtbegin.o
START GROUP
LOAD .\CortexM0\ARM_GCC_441\Debug\main.o
LOAD .\CortexM0\ARM_GCC_441\Debug\Cm0Start.o
LOAD .\CortexM0\ARM_GCC_441\Debug\Blinking LED.a
LOAD C:\Program Files (x86)\Cypress\PSoC Creator\2.2\PSoC Creator\psoc\content\cycomponentlibrary\CyComponentLibrary.cylib\CortexM0\ARM_GCC_441\Debug\CyComponentLibrary.a
END GROUP
START GROUP
LOAD c:/program files (x86)/cypress/psoc creator/2.2/psoc creator/import/gnu_cs/arm/4.4.1/bin/../lib/gcc/arm-none-eabi/4.4.1/armv6-m\libgcc.a
LOAD c:/program files (x86)/cypress/psoc creator/2.2/psoc creator/import/gnu_cs/arm/4.4.1/bin/../lib/gcc/arm-none-eabi/4.4.1/../../../../arm-none-eabi/lib/armv6-m\libc.a
END GROUP
LOAD c:/program files (x86)/cypress/psoc creator/2.2/psoc creator/import/gnu_cs/arm/4.4.1/bin/../lib/gcc/arm-none-eabi/4.4.1/armv6-m/crtend.o
LOAD c:/program files (x86)/cypress/psoc creator/2.2/psoc creator/import/gnu_cs/arm/4.4.1/bin/../lib/gcc/arm-none-eabi/4.4.1/armv6-m/crtn.o
START GROUP
LOAD c:/program files (x86)/cypress/psoc creator/2.2/psoc creator/import/gnu_cs/arm/4.4.1/bin/../lib/gcc/arm-none-eabi/4.4.1/armv6-m\libgcc.a
LOAD c:/program files (x86)/cypress/psoc creator/2.2/psoc creator/import/gnu_cs/arm/4.4.1/bin/../lib/gcc/arm-none-eabi/4.4.1/../../../../arm-none-eabi/lib/armv6-m\libc.a
LOAD c:/program files (x86)/cypress/psoc creator/2.2/psoc creator/import/gnu_cs/arm/4.4.1/bin/../lib/gcc/arm-none-eabi/4.4.1/../../../../arm-none-eabi/lib/armv6-m\libcs3.a
LOAD c:/program files (x86)/cypress/psoc creator/2.2/psoc creator/import/gnu_cs/arm/4.4.1/bin/../lib/gcc/arm-none-eabi/4.4.1/../../../../arm-none-eabi/lib/armv6-m\libcs3unhosted.a
LOAD c:/program files (x86)/cypress/psoc creator/2.2/psoc creator/import/gnu_cs/arm/4.4.1/bin/../lib/gcc/arm-none-eabi/4.4.1/../../../../arm-none-eabi/lib/armv6-m\libcs3micro.a
END GROUP
                0x200000e8                PROVIDE (__cs3_heap_start, _end)
                0x00000001                PROVIDE (__cs3_region_num, ((__cs3_regions_end - __cs3_regions) / 0x14))
                0x20001000                PROVIDE (__cs3_stack, 0x20001000)
                0x20000c00                PROVIDE (__cs3_heap_end, (__cs3_stack - 0x400))

.text           0x00000000      0x67c
 CREATE_OBJECT_SYMBOLS
                0x00000000                PROVIDE (__cs3_interrupt_vector, RomVectors)
 *(.romvectors)
 .romvectors    0x00000000       0x10 .\CortexM0\ARM_GCC_441\Debug\Cm0Start.o
                0x00000000                RomVectors
 *(.cs3.interrupt_vector)
                0x00000001                ASSERT ((. != __cs3_interrupt_vector), No interrupt vector)
                0x000002ec                PROVIDE (__cs3_reset, Reset)
 *(.cs3.reset)
                0x00000001                ASSERT ((. != __cs3_reset), No reset code)
 *(.text.cs3.init)
 .text.cs3.init
                0x00000010       0x50 c:/program files (x86)/cypress/psoc creator/2.2/psoc creator/import/gnu_cs/arm/4.4.1/bin/../lib/gcc/arm-none-eabi/4.4.1/../../../../arm-none-eabi/lib/armv6-m\libcs3.a(start_c.o)
                0x00000010                __cs3_start_c
 *(.psocinit)
 .psocinit      0x00000060      0x244 .\CortexM0\ARM_GCC_441\Debug\Blinking LED.a(cyfitter_cfg.o)
                0x00000198                cyfitter_cfg
                0x000002a4                . = (. MAX 0x100)
 *(.text .text.* .gnu.linkonce.t.*)
 .text          0x000002a4       0x30 c:/program files (x86)/cypress/psoc creator/2.2/psoc creator/import/gnu_cs/arm/4.4.1/bin/../lib/gcc/arm-none-eabi/4.4.1/armv6-m/crtbegin.o
 .text.main     0x000002d4       0x10 .\CortexM0\ARM_GCC_441\Debug\main.o
                0x000002d4                main
 .text.IntDefaultHandler
                0x000002e4        0x8 .\CortexM0\ARM_GCC_441\Debug\Cm0Start.o
                0x000002e4                IntDefaultHandler
 .text.Reset    0x000002ec       0x10 .\CortexM0\ARM_GCC_441\Debug\Cm0Start.o
                0x000002ec                Reset
 .text.initialize_psoc
                0x000002fc       0x5c .\CortexM0\ARM_GCC_441\Debug\Cm0Start.o
                0x000002fc                initialize_psoc
 .text.PWM_Init
                0x00000358       0x58 .\CortexM0\ARM_GCC_441\Debug\Blinking LED.a(PWM.o)
                0x00000358                PWM_Init
 .text.PWM_Enable
                0x000003b0       0x34 .\CortexM0\ARM_GCC_441\Debug\Blinking LED.a(PWM.o)
                0x000003b0                PWM_Enable
 .text.PWM_Start
                0x000003e4       0x24 .\CortexM0\ARM_GCC_441\Debug\Blinking LED.a(PWM.o)
                0x000003e4                PWM_Start
 .text.PWM_WritePeriod
                0x00000408       0x1c .\CortexM0\ARM_GCC_441\Debug\Blinking LED.a(PWM.o)
                0x00000408                PWM_WritePeriod
 .text.PWM_WriteCompare
                0x00000424       0x1c .\CortexM0\ARM_GCC_441\Debug\Blinking LED.a(PWM.o)
                0x00000424                PWM_WriteCompare
 .text.PWM_SetInterruptMode
                0x00000440       0x18 .\CortexM0\ARM_GCC_441\Debug\Blinking LED.a(PWM.o)
                0x00000440                PWM_SetInterruptMode
 .text.Clock_Start
                0x00000458       0x1c .\CortexM0\ARM_GCC_441\Debug\Blinking LED.a(Clock.o)
                0x00000458                Clock_Start
 *fill*         0x00000474        0x4 00
 .text          0x00000478       0x20 .\CortexM0\ARM_GCC_441\Debug\Blinking LED.a(CyBootAsmGnu.o)
                0x00000478                CyDelayCycles
                0x0000048a                CyEnterCriticalSection
                0x00000492                CyExitCriticalSection
 .text.CYMEMZERO
                0x00000498       0x20 .\CortexM0\ARM_GCC_441\Debug\Blinking LED.a(cyfitter_cfg.o)
 .text.cfg_write_bytes32
                0x000004b8       0x80 .\CortexM0\ARM_GCC_441\Debug\Blinking LED.a(cyfitter_cfg.o)
 .text.AnalogSetDefault
                0x00000538        0x8 .\CortexM0\ARM_GCC_441\Debug\Blinking LED.a(cyfitter_cfg.o)
 .text.CyDelayUs
                0x00000540       0x28 .\CortexM0\ARM_GCC_441\Debug\Blinking LED.a(CyLib.o)
                0x00000540                CyDelayUs
 .text          0x00000568       0x8c c:/program files (x86)/cypress/psoc creator/2.2/psoc creator/import/gnu_cs/arm/4.4.1/bin/../lib/gcc/arm-none-eabi/4.4.1/../../../../arm-none-eabi/lib/armv6-m\libc.a(lib_a-memset.o)
                0x00000568                memset
 .text          0x000005f4       0x3c c:/program files (x86)/cypress/psoc creator/2.2/psoc creator/import/gnu_cs/arm/4.4.1/bin/../lib/gcc/arm-none-eabi/4.4.1/../../../../arm-none-eabi/lib/armv6-m\libcs3.a(start_c.o)
                0x000005f4                __cs3_premain
 .text          0x00000630        0x2 c:/program files (x86)/cypress/psoc creator/2.2/psoc creator/import/gnu_cs/arm/4.4.1/bin/../lib/gcc/arm-none-eabi/4.4.1/../../../../arm-none-eabi/lib/armv6-m\libcs3micro.a(micro_isr_interrupt.o)
                0x00000630                __cs3_isr_external_24
                0x00000630                __cs3_isr_external_9
                0x00000630                __cs3_isr_external_14
                0x00000630                __cs3_isr_reserved_9
                0x00000630                __cs3_isr_external_4
                0x00000630                __cs3_isr_external_21
                0x00000630                __cs3_isr_external_0
                0x00000630                __cs3_isr_external_27
                0x00000630                __cs3_isr_external_11
                0x00000630                __cs3_isr_usage_fault
                0x00000630                __cs3_isr_svcall
                0x00000630                __cs3_isr_external_3
                0x00000630                __cs3_isr_mpu_fault
                0x00000630                __cs3_isr_external_16
                0x00000630                __cs3_isr_pendsv
                0x00000630                __cs3_isr_external_31
                0x00000630                __cs3_isr_nmi
                0x00000630                __cs3_isr_external_5
                0x00000630                __cs3_isr_external_6
                0x00000630                __cs3_isr_external_12
                0x00000630                __cs3_isr_hard_fault
                0x00000630                __cs3_isr_bus_fault
                0x00000630                __cs3_isr_external_1
                0x00000630                __cs3_isr_external_13
                0x00000630                __cs3_isr_external_30
                0x00000630                __cs3_isr_external_23
                0x00000630                __cs3_isr_external_20
                0x00000630                __cs3_isr_debug
                0x00000630                __cs3_isr_reserved_13
                0x00000630                __cs3_isr_external_8
                0x00000630                __cs3_isr_external_26
                0x00000630                __cs3_isr_reserved_8
                0x00000630                __cs3_isr_reserved_7
                0x00000630                __cs3_isr_external_7
                0x00000630                __cs3_isr_external_28
                0x00000630                __cs3_isr_systick
                0x00000630                __cs3_isr_external_22
                0x00000630                __cs3_isr_external_10
                0x00000630                __cs3_isr_external_15
                0x00000630                __cs3_isr_interrupt
                0x00000630                __cs3_isr_external_18
                0x00000630                __cs3_isr_external_29
                0x00000630                __cs3_isr_external_25
                0x00000630                __cs3_isr_reserved_10
                0x00000630                __cs3_isr_external_2
                0x00000630                __cs3_isr_external_17
                0x00000630                __cs3_isr_external_19
 *fill*         0x00000632        0x2 00
 .text          0x00000634       0x48 c:/program files (x86)/cypress/psoc creator/2.2/psoc creator/import/gnu_cs/arm/4.4.1/bin/../lib/gcc/arm-none-eabi/4.4.1/../../../../arm-none-eabi/lib/armv6-m\libc.a(lib_a-init.o)
                0x00000634                __libc_init_array
 *(.plt)
 *(.gnu.warning)
 *(.glue_7t)
 .glue_7t       0x00000000        0x0 linker stubs
 *(.glue_7)
 .glue_7        0x00000000        0x0 linker stubs
 *(.vfp11_veneer)
 .vfp11_veneer  0x00000000        0x0 linker stubs
 *(.bootloader)
 *(.ARM.extab* .gnu.linkonce.armextab.*)
 *(.gcc_except_table)

.v4_bx          0x0000067c        0x0
 .v4_bx         0x00000000        0x0 linker stubs

.eh_frame_hdr
 *(.eh_frame_hdr)

.eh_frame
 *(.eh_frame)
                0x0000067c                PROVIDE (__exidx_start, .)

.ARM.exidx
 *(.ARM.exidx* .gnu.linkonce.armexidx.*)
                0x0000067c                __exidx_end = .

.rodata         0x0000067c       0x6c
 *(.rodata .rodata.* .gnu.linkonce.r.*)
 .rodata        0x0000067c       0x34 .\CortexM0\ARM_GCC_441\Debug\Blinking LED.a(cyfitter_cfg.o)
                0x000006b0                . = ALIGN (0x4)
 *(.init)
 .init          0x000006b0        0x4 c:/program files (x86)/cypress/psoc creator/2.2/psoc creator/import/gnu_cs/arm/4.4.1/bin/../lib/gcc/arm-none-eabi/4.4.1/armv6-m/crti.o
                0x000006b0                _init
 .init          0x000006b4        0x8 c:/program files (x86)/cypress/psoc creator/2.2/psoc creator/import/gnu_cs/arm/4.4.1/bin/../lib/gcc/arm-none-eabi/4.4.1/armv6-m/crtn.o
                0x000006bc                . = ALIGN (0x4)
                0x000006bc                __preinit_array_start = .
 *(.preinit_array)
                0x000006bc                __preinit_array_end = .
                0x000006bc                . = ALIGN (0x4)
                0x000006bc                __init_array_start = .
 *(SORT(.init_array.*))
 *(.init_array)
 .init_array    0x000006bc        0x4 c:/program files (x86)/cypress/psoc creator/2.2/psoc creator/import/gnu_cs/arm/4.4.1/bin/../lib/gcc/arm-none-eabi/4.4.1/armv6-m/crtbegin.o
 .init_array    0x000006c0        0x4 .\CortexM0\ARM_GCC_441\Debug\Cm0Start.o
                0x000006c4                __init_array_end = .
                0x000006c4                . = ALIGN (0x4)
 *(.fini)
 .fini          0x000006c4        0x4 c:/program files (x86)/cypress/psoc creator/2.2/psoc creator/import/gnu_cs/arm/4.4.1/bin/../lib/gcc/arm-none-eabi/4.4.1/armv6-m/crti.o
                0x000006c4                _fini
 .fini          0x000006c8        0x8 c:/program files (x86)/cypress/psoc creator/2.2/psoc creator/import/gnu_cs/arm/4.4.1/bin/../lib/gcc/arm-none-eabi/4.4.1/armv6-m/crtn.o
                0x000006d0                . = ALIGN (0x4)
                0x000006d0                __fini_array_start = .
 *(.fini_array)
 .fini_array    0x000006d0        0x4 c:/program files (x86)/cypress/psoc creator/2.2/psoc creator/import/gnu_cs/arm/4.4.1/bin/../lib/gcc/arm-none-eabi/4.4.1/armv6-m/crtbegin.o
 *(SORT(.fini_array.*))
                0x000006d4                __fini_array_end = .
                0x000006d4                . = ALIGN (0x4)
 *crtbegin.o(.ctors)
 *(EXCLUDE_FILE(*crtend.o) .ctors)
 *(SORT(.ctors.*))
 *crtend.o(.ctors)
                0x000006d4                . = ALIGN (0x4)
 *crtbegin.o(.dtors)
 *(EXCLUDE_FILE(*crtend.o) .dtors)
 *(SORT(.dtors.*))
 *crtend.o(.dtors)
                0x000006d4                . = ALIGN (0x4)
                0x000006d4                __cs3_regions = .
                0x000006d4        0x4 LONG 0x0
                0x000006d8        0x4 LONG 0x6e8 __cs3_region_init_ram
                0x000006dc        0x4 LONG 0x200000c8 __cs3_region_start_data
                0x000006e0        0x4 LONG 0x18 __cs3_region_init_size_ram
                0x000006e4        0x4 LONG 0x8 __cs3_region_zero_size_ram
                0x000006e8                __cs3_regions_end = .
                0x000006e8                . = ALIGN (0x8)
                0x000006e8                _etext = .

.ramvectors     0x20000000       0xc0
                0x20000000                __cs3_region_start_ram = .
 *(.cs3.region-head.ram)
                0x20000001                ASSERT ((. == __cs3_region_start_ram), .cs3.region-head.ram not permitted)
 *(.ramvectors)
 .ramvectors    0x20000000       0xc0 .\CortexM0\ARM_GCC_441\Debug\Cm0Start.o
                0x20000000                CyRamVectors

.noinit         0x200000c0        0x4
 *(.noinit)
 .noinit        0x200000c0        0x4 .\CortexM0\ARM_GCC_441\Debug\Cm0Start.o

.data           0x200000c8       0x18 load address 0x000006e8
                0x200000c8                __cs3_region_start_data = .
 *(.jcr)
 .jcr           0x200000c8        0x0 c:/program files (x86)/cypress/psoc creator/2.2/psoc creator/import/gnu_cs/arm/4.4.1/bin/../lib/gcc/arm-none-eabi/4.4.1/armv6-m/crtbegin.o
 .jcr           0x200000c8        0x4 c:/program files (x86)/cypress/psoc creator/2.2/psoc creator/import/gnu_cs/arm/4.4.1/bin/../lib/gcc/arm-none-eabi/4.4.1/armv6-m/crtend.o
 *(.got.plt)
 *(.got)
 *(.shdata)
 *(.data .data.* .gnu.linkonce.d.*)
 .data          0x200000cc        0x4 .\CortexM0\ARM_GCC_441\Debug\Blinking LED.a(cyfitter_cfg.o)
 .data          0x200000d0       0x10 .\CortexM0\ARM_GCC_441\Debug\Blinking LED.a(CyLib.o)
                0x200000d0                cydelayFreqHz
                0x200000d4                cydelayFreqKhz
                0x200000d8                cydelayFreqMhz
                0x200000dc                cydelay32kMs
                0x200000e0                . = ALIGN (0x8)
 *(.ram)
                0x200000e0                _edata = .

.bss            0x200000e0        0x8 load address 0x00000700
 *(.shbss)
 *(.bss .bss.* .gnu.linkonce.b.*)
 .bss           0x200000e0        0x1 c:/program files (x86)/cypress/psoc creator/2.2/psoc creator/import/gnu_cs/arm/4.4.1/bin/../lib/gcc/arm-none-eabi/4.4.1/armv6-m/crtbegin.o
 .bss           0x200000e1        0x1 .\CortexM0\ARM_GCC_441\Debug\Blinking LED.a(PWM.o)
                0x200000e1                PWM_initVar
 *(COMMON)
                0x200000e8                . = ALIGN (0x8)
 *fill*         0x200000e2        0x6 00
 *(.ram.b)
                0x200000e8                _end = .
                0x200000e8                __end = .
                0x20000b00                __cs3_region_end_ram = (__cs3_region_start_ram + 0xb00)
                0x00000b00                __cs3_region_size_ram = 0xb00
                0x000006e8                __cs3_region_init_ram = LOADADDR (.data)
                0x00000018                __cs3_region_init_size_ram = (_edata - ADDR (.data))
                0x00000008                __cs3_region_zero_size_ram = (_end - _edata)

.stab
 *(.stab)

.stabstr
 *(.stabstr)

.debug
 *(.debug)

.line
 *(.line)

.debug_srcinfo
 *(.debug_srcinfo)

.debug_sfnames
 *(.debug_sfnames)

.comment        0x00000000      0x102
 .comment       0x00000000       0x2b .\CortexM0\ARM_GCC_441\Debug\main.o
 .comment       0x0000002b       0x2b .\CortexM0\ARM_GCC_441\Debug\Cm0Start.o
 .comment       0x00000056       0x2b .\CortexM0\ARM_GCC_441\Debug\Blinking LED.a(PWM.o)
 .comment       0x00000081       0x2b .\CortexM0\ARM_GCC_441\Debug\Blinking LED.a(Clock.o)
 .comment       0x000000ac       0x2b .\CortexM0\ARM_GCC_441\Debug\Blinking LED.a(cyfitter_cfg.o)
 .comment       0x000000d7       0x2b .\CortexM0\ARM_GCC_441\Debug\Blinking LED.a(CyLib.o)

.debug_aranges  0x00000000      0x3f8
 *(.debug_aranges)
 .debug_aranges
                0x00000000       0x20 .\CortexM0\ARM_GCC_441\Debug\main.o
 .debug_aranges
                0x00000020       0x30 .\CortexM0\ARM_GCC_441\Debug\Cm0Start.o
 .debug_aranges
                0x00000050      0x158 .\CortexM0\ARM_GCC_441\Debug\Blinking LED.a(PWM.o)
 .debug_aranges
                0x000001a8       0x40 .\CortexM0\ARM_GCC_441\Debug\Blinking LED.a(Clock.o)
 .debug_aranges
                0x000001e8       0x20 .\CortexM0\ARM_GCC_441\Debug\Blinking LED.a(CyBootAsmGnu.o)
 .debug_aranges
                0x00000208       0x58 .\CortexM0\ARM_GCC_441\Debug\Blinking LED.a(cyfitter_cfg.o)
 .debug_aranges
                0x00000260      0x198 .\CortexM0\ARM_GCC_441\Debug\Blinking LED.a(CyLib.o)

.debug_pubnames
                0x00000000      0x91c
 *(.debug_pubnames)
 .debug_pubnames
                0x00000000       0x1b .\CortexM0\ARM_GCC_441\Debug\main.o
 .debug_pubnames
                0x0000001b       0x66 .\CortexM0\ARM_GCC_441\Debug\Cm0Start.o
 .debug_pubnames
                0x00000081      0x36c .\CortexM0\ARM_GCC_441\Debug\Blinking LED.a(PWM.o)
 .debug_pubnames
                0x000003ed       0x9c .\CortexM0\ARM_GCC_441\Debug\Blinking LED.a(Clock.o)
 .debug_pubnames
                0x00000489       0x23 .\CortexM0\ARM_GCC_441\Debug\Blinking LED.a(cyfitter_cfg.o)
 .debug_pubnames
                0x000004ac      0x470 .\CortexM0\ARM_GCC_441\Debug\Blinking LED.a(CyLib.o)

.debug_info     0x00000000     0x19b6
 *(.debug_info .gnu.linkonce.wi.*)
 .debug_info    0x00000000       0x9c .\CortexM0\ARM_GCC_441\Debug\main.o
 .debug_info    0x0000009c      0x150 .\CortexM0\ARM_GCC_441\Debug\Cm0Start.o
 .debug_info    0x000001ec      0x782 .\CortexM0\ARM_GCC_441\Debug\Blinking LED.a(PWM.o)
 .debug_info    0x0000096e      0x154 .\CortexM0\ARM_GCC_441\Debug\Blinking LED.a(Clock.o)
 .debug_info    0x00000ac2       0x95 .\CortexM0\ARM_GCC_441\Debug\Blinking LED.a(CyBootAsmGnu.o)
 .debug_info    0x00000b57      0x449 .\CortexM0\ARM_GCC_441\Debug\Blinking LED.a(cyfitter_cfg.o)
 .debug_info    0x00000fa0      0xa16 .\CortexM0\ARM_GCC_441\Debug\Blinking LED.a(CyLib.o)

.debug_abbrev   0x00000000      0x555
 *(.debug_abbrev)
 .debug_abbrev  0x00000000       0x48 .\CortexM0\ARM_GCC_441\Debug\main.o
 .debug_abbrev  0x00000048       0xcc .\CortexM0\ARM_GCC_441\Debug\Cm0Start.o
 .debug_abbrev  0x00000114       0xda .\CortexM0\ARM_GCC_441\Debug\Blinking LED.a(PWM.o)
 .debug_abbrev  0x000001ee       0x9a .\CortexM0\ARM_GCC_441\Debug\Blinking LED.a(Clock.o)
 .debug_abbrev  0x00000288       0x14 .\CortexM0\ARM_GCC_441\Debug\Blinking LED.a(CyBootAsmGnu.o)
 .debug_abbrev  0x0000029c      0x16a .\CortexM0\ARM_GCC_441\Debug\Blinking LED.a(cyfitter_cfg.o)
 .debug_abbrev  0x00000406      0x14f .\CortexM0\ARM_GCC_441\Debug\Blinking LED.a(CyLib.o)

.debug_line     0x00000000      0xbb5
 *(.debug_line)
 .debug_line    0x00000000       0x3b .\CortexM0\ARM_GCC_441\Debug\main.o
 .debug_line    0x0000003b       0xaa .\CortexM0\ARM_GCC_441\Debug\Cm0Start.o
 .debug_line    0x000000e5      0x389 .\CortexM0\ARM_GCC_441\Debug\Blinking LED.a(PWM.o)
 .debug_line    0x0000046e       0xc3 .\CortexM0\ARM_GCC_441\Debug\Blinking LED.a(Clock.o)
 .debug_line    0x00000531       0x68 .\CortexM0\ARM_GCC_441\Debug\Blinking LED.a(CyBootAsmGnu.o)
 .debug_line    0x00000599      0x1a6 .\CortexM0\ARM_GCC_441\Debug\Blinking LED.a(cyfitter_cfg.o)
 .debug_line    0x0000073f      0x476 .\CortexM0\ARM_GCC_441\Debug\Blinking LED.a(CyLib.o)

.debug_frame    0x00000000      0xdec
 *(.debug_frame)
 .debug_frame   0x00000000       0x2c .\CortexM0\ARM_GCC_441\Debug\main.o
 .debug_frame   0x0000002c       0x5c .\CortexM0\ARM_GCC_441\Debug\Cm0Start.o
 .debug_frame   0x00000088      0x4e0 .\CortexM0\ARM_GCC_441\Debug\Blinking LED.a(PWM.o)
 .debug_frame   0x00000568       0xa0 .\CortexM0\ARM_GCC_441\Debug\Blinking LED.a(Clock.o)
 .debug_frame   0x00000608      0x108 .\CortexM0\ARM_GCC_441\Debug\Blinking LED.a(cyfitter_cfg.o)
 .debug_frame   0x00000710      0x5ec .\CortexM0\ARM_GCC_441\Debug\Blinking LED.a(CyLib.o)
 .debug_frame   0x00000cfc       0x20 c:/program files (x86)/cypress/psoc creator/2.2/psoc creator/import/gnu_cs/arm/4.4.1/bin/../lib/gcc/arm-none-eabi/4.4.1/armv6-m\libgcc.a(_udivsi3.o)
 .debug_frame   0x00000d1c       0x30 c:/program files (x86)/cypress/psoc creator/2.2/psoc creator/import/gnu_cs/arm/4.4.1/bin/../lib/gcc/arm-none-eabi/4.4.1/../../../../arm-none-eabi/lib/armv6-m\libc.a(lib_a-memcpy.o)
 .debug_frame   0x00000d4c       0x2c c:/program files (x86)/cypress/psoc creator/2.2/psoc creator/import/gnu_cs/arm/4.4.1/bin/../lib/gcc/arm-none-eabi/4.4.1/../../../../arm-none-eabi/lib/armv6-m\libc.a(lib_a-memset.o)
 .debug_frame   0x00000d78       0x48 c:/program files (x86)/cypress/psoc creator/2.2/psoc creator/import/gnu_cs/arm/4.4.1/bin/../lib/gcc/arm-none-eabi/4.4.1/../../../../arm-none-eabi/lib/armv6-m\libcs3.a(start_c.o)
 .debug_frame   0x00000dc0       0x2c c:/program files (x86)/cypress/psoc creator/2.2/psoc creator/import/gnu_cs/arm/4.4.1/bin/../lib/gcc/arm-none-eabi/4.4.1/../../../../arm-none-eabi/lib/armv6-m\libc.a(lib_a-init.o)

.debug_str      0x00000000      0xc35
 *(.debug_str)
 .debug_str     0x00000000       0xbb .\CortexM0\ARM_GCC_441\Debug\main.o
                                 0xf4 (size before relaxing)
 .debug_str     0x000000bb       0x91 .\CortexM0\ARM_GCC_441\Debug\Cm0Start.o
                                0x17d (size before relaxing)
 .debug_str     0x0000014c      0x3aa .\CortexM0\ARM_GCC_441\Debug\Blinking LED.a(PWM.o)
                                0x497 (size before relaxing)
 .debug_str     0x000004f6       0xc6 .\CortexM0\ARM_GCC_441\Debug\Blinking LED.a(Clock.o)
                                0x1b9 (size before relaxing)
 .debug_str     0x000005bc      0x1a0 .\CortexM0\ARM_GCC_441\Debug\Blinking LED.a(cyfitter_cfg.o)
                                0x2c4 (size before relaxing)
 .debug_str     0x0000075c      0x4d9 .\CortexM0\ARM_GCC_441\Debug\Blinking LED.a(CyLib.o)
                                0x5fd (size before relaxing)

.debug_loc      0x00000000     0x14e4
 *(.debug_loc)
 .debug_loc     0x00000000       0x2b .\CortexM0\ARM_GCC_441\Debug\main.o
 .debug_loc     0x0000002b       0x62 .\CortexM0\ARM_GCC_441\Debug\Cm0Start.o
 .debug_loc     0x0000008d      0x808 .\CortexM0\ARM_GCC_441\Debug\Blinking LED.a(PWM.o)
 .debug_loc     0x00000895       0xe3 .\CortexM0\ARM_GCC_441\Debug\Blinking LED.a(Clock.o)
 .debug_loc     0x00000978      0x1a0 .\CortexM0\ARM_GCC_441\Debug\Blinking LED.a(cyfitter_cfg.o)
 .debug_loc     0x00000b18      0x9cc .\CortexM0\ARM_GCC_441\Debug\Blinking LED.a(CyLib.o)

.debug_macinfo
 *(.debug_macinfo)

.debug_ranges   0x00000000      0x3a8
 *(.debug_ranges)
 .debug_ranges  0x00000000       0x18 .\CortexM0\ARM_GCC_441\Debug\main.o
 .debug_ranges  0x00000018       0x28 .\CortexM0\ARM_GCC_441\Debug\Cm0Start.o
 .debug_ranges  0x00000040      0x150 .\CortexM0\ARM_GCC_441\Debug\Blinking LED.a(PWM.o)
 .debug_ranges  0x00000190       0x38 .\CortexM0\ARM_GCC_441\Debug\Blinking LED.a(Clock.o)
 .debug_ranges  0x000001c8       0x50 .\CortexM0\ARM_GCC_441\Debug\Blinking LED.a(cyfitter_cfg.o)
 .debug_ranges  0x00000218      0x190 .\CortexM0\ARM_GCC_441\Debug\Blinking LED.a(CyLib.o)

.debug_weaknames
 *(.debug_weaknames)

.debug_funcnames
 *(.debug_funcnames)

.debug_typenames
 *(.debug_typenames)

.debug_varnames
 *(.debug_varnames)

.note.gnu.arm.ident
 *(.note.gnu.arm.ident)

.ARM.attributes
                0x00000000       0x29
 *(.ARM.attributes)
 .ARM.attributes
                0x00000000       0x1d c:/program files (x86)/cypress/psoc creator/2.2/psoc creator/import/gnu_cs/arm/4.4.1/bin/../lib/gcc/arm-none-eabi/4.4.1/armv6-m/crti.o
 .ARM.attributes
                0x0000001d       0x2d c:/program files (x86)/cypress/psoc creator/2.2/psoc creator/import/gnu_cs/arm/4.4.1/bin/../lib/gcc/arm-none-eabi/4.4.1/armv6-m/crtbegin.o
 .ARM.attributes
                0x0000004a       0x33 .\CortexM0\ARM_GCC_441\Debug\main.o
 .ARM.attributes
                0x0000007d       0x33 .\CortexM0\ARM_GCC_441\Debug\Cm0Start.o
 .ARM.attributes
                0x000000b0       0x33 .\CortexM0\ARM_GCC_441\Debug\Blinking LED.a(PWM.o)
 .ARM.attributes
                0x000000e3       0x33 .\CortexM0\ARM_GCC_441\Debug\Blinking LED.a(Clock.o)
 .ARM.attributes
                0x00000116       0x23 .\CortexM0\ARM_GCC_441\Debug\Blinking LED.a(CyBootAsmGnu.o)
 .ARM.attributes
                0x00000139       0x33 .\CortexM0\ARM_GCC_441\Debug\Blinking LED.a(cyfitter_cfg.o)
 .ARM.attributes
                0x0000016c       0x33 .\CortexM0\ARM_GCC_441\Debug\Blinking LED.a(CyLib.o)
 .ARM.attributes
                0x0000019f       0x1f c:/program files (x86)/cypress/psoc creator/2.2/psoc creator/import/gnu_cs/arm/4.4.1/bin/../lib/gcc/arm-none-eabi/4.4.1/armv6-m\libgcc.a(_udivsi3.o)
 .ARM.attributes
                0x000001be       0x1f c:/program files (x86)/cypress/psoc creator/2.2/psoc creator/import/gnu_cs/arm/4.4.1/bin/../lib/gcc/arm-none-eabi/4.4.1/armv6-m\libgcc.a(_dvmd_tls.o)
 .ARM.attributes
                0x000001dd       0x2d c:/program files (x86)/cypress/psoc creator/2.2/psoc creator/import/gnu_cs/arm/4.4.1/bin/../lib/gcc/arm-none-eabi/4.4.1/../../../../arm-none-eabi/lib/armv6-m\libc.a(lib_a-memcpy.o)
 .ARM.attributes
                0x0000020a       0x2d c:/program files (x86)/cypress/psoc creator/2.2/psoc creator/import/gnu_cs/arm/4.4.1/bin/../lib/gcc/arm-none-eabi/4.4.1/../../../../arm-none-eabi/lib/armv6-m\libc.a(lib_a-memset.o)
 .ARM.attributes
                0x00000237       0x2d c:/program files (x86)/cypress/psoc creator/2.2/psoc creator/import/gnu_cs/arm/4.4.1/bin/../lib/gcc/arm-none-eabi/4.4.1/armv6-m/crtend.o
 .ARM.attributes
                0x00000264       0x1d c:/program files (x86)/cypress/psoc creator/2.2/psoc creator/import/gnu_cs/arm/4.4.1/bin/../lib/gcc/arm-none-eabi/4.4.1/armv6-m/crtn.o
 .ARM.attributes
                0x00000281       0x2d c:/program files (x86)/cypress/psoc creator/2.2/psoc creator/import/gnu_cs/arm/4.4.1/bin/../lib/gcc/arm-none-eabi/4.4.1/../../../../arm-none-eabi/lib/armv6-m\libcs3.a(start_c.o)
 .ARM.attributes
                0x000002ae       0x1d c:/program files (x86)/cypress/psoc creator/2.2/psoc creator/import/gnu_cs/arm/4.4.1/bin/../lib/gcc/arm-none-eabi/4.4.1/../../../../arm-none-eabi/lib/armv6-m\libcs3micro.a(micro_isr_interrupt.o)
 .ARM.attributes
                0x000002cb       0x2d c:/program files (x86)/cypress/psoc creator/2.2/psoc creator/import/gnu_cs/arm/4.4.1/bin/../lib/gcc/arm-none-eabi/4.4.1/../../../../arm-none-eabi/lib/armv6-m\libc.a(lib_a-init.o)

/DISCARD/
 *(.note.GNU-stack)
OUTPUT(.\CortexM0\ARM_GCC_441\Debug\Blinking LED.elf elf32-littlearm)
