Archive member included because of file (symbol)

.\CortexM0\ARM_GCC_441\Debug\CapSense.a(CapSense.o)
                              .\CortexM0\ARM_GCC_441\Debug\main.o (CapSense_Start)
.\CortexM0\ARM_GCC_441\Debug\CapSense.a(CapSense_CSHL.o)
                              .\CortexM0\ARM_GCC_441\Debug\main.o (CapSense_InitializeAllBaselines)
.\CortexM0\ARM_GCC_441\Debug\CapSense.a(CapSense_INT.o)
                              .\CortexM0\ARM_GCC_441\Debug\CapSense.a(CapSense.o) (CapSense_ISR)
.\CortexM0\ARM_GCC_441\Debug\CapSense.a(PWM.o)
                              .\CortexM0\ARM_GCC_441\Debug\main.o (PWM_WriteCompare)
.\CortexM0\ARM_GCC_441\Debug\CapSense.a(Clock.o)
                              .\CortexM0\ARM_GCC_441\Debug\main.o (Clock_Start)
.\CortexM0\ARM_GCC_441\Debug\CapSense.a(CapSense_CSD_Clk1.o)
                              .\CortexM0\ARM_GCC_441\Debug\CapSense.a(CapSense.o) (CapSense_CSD_Clk1_Start)
.\CortexM0\ARM_GCC_441\Debug\CapSense.a(CapSense_CSD_Clk2.o)
                              .\CortexM0\ARM_GCC_441\Debug\CapSense.a(CapSense.o) (CapSense_CSD_Clk2_Start)
.\CortexM0\ARM_GCC_441\Debug\CapSense.a(CyBootAsmGnu.o)
                              .\CortexM0\ARM_GCC_441\Debug\CapSense.a(CapSense.o) (CyEnterCriticalSection)
.\CortexM0\ARM_GCC_441\Debug\CapSense.a(CyLib.o)
                              .\CortexM0\ARM_GCC_441\Debug\CapSense.a(CapSense.o) (CyDelayUs)
.\CortexM0\ARM_GCC_441\Debug\CapSense.a(cyfitter_cfg.o)
                              .\CortexM0\ARM_GCC_441\Debug\Cm0Start.o (cyfitter_cfg)
c:/program files (x86)/cypress/psoc creator/2.2/psoc creator/import/gnu_cs/arm/4.4.1/bin/../lib/gcc/arm-none-eabi/4.4.1/armv6-m\libgcc.a(_udivsi3.o)
                              .\CortexM0\ARM_GCC_441\Debug\CapSense.a(CyLib.o) (__aeabi_uidiv)
c:/program files (x86)/cypress/psoc creator/2.2/psoc creator/import/gnu_cs/arm/4.4.1/bin/../lib/gcc/arm-none-eabi/4.4.1/armv6-m\libgcc.a(_divsi3.o)
                              .\CortexM0\ARM_GCC_441\Debug\CapSense.a(CapSense_CSHL.o) (__aeabi_idiv)
c:/program files (x86)/cypress/psoc creator/2.2/psoc creator/import/gnu_cs/arm/4.4.1/bin/../lib/gcc/arm-none-eabi/4.4.1/armv6-m\libgcc.a(_dvmd_tls.o)
                              c:/program files (x86)/cypress/psoc creator/2.2/psoc creator/import/gnu_cs/arm/4.4.1/bin/../lib/gcc/arm-none-eabi/4.4.1/armv6-m\libgcc.a(_udivsi3.o) (__aeabi_idiv0)
c:/program files (x86)/cypress/psoc creator/2.2/psoc creator/import/gnu_cs/arm/4.4.1/bin/../lib/gcc/arm-none-eabi/4.4.1/../../../../arm-none-eabi/lib/armv6-m\libc.a(lib_a-memcpy.o)
                              .\CortexM0\ARM_GCC_441\Debug\CapSense.a(cyfitter_cfg.o) (memcpy)
c:/program files (x86)/cypress/psoc creator/2.2/psoc creator/import/gnu_cs/arm/4.4.1/bin/../lib/gcc/arm-none-eabi/4.4.1/../../../../arm-none-eabi/lib/armv6-m\libc.a(lib_a-memset.o)
                              .\CortexM0\ARM_GCC_441\Debug\CapSense.a(cyfitter_cfg.o) (memset)
c:/program files (x86)/cypress/psoc creator/2.2/psoc creator/import/gnu_cs/arm/4.4.1/bin/../lib/gcc/arm-none-eabi/4.4.1/../../../../arm-none-eabi/lib/armv6-m\libcs3.a(start_c.o)
                              (__cs3_start_c)
c:/program files (x86)/cypress/psoc creator/2.2/psoc creator/import/gnu_cs/arm/4.4.1/bin/../lib/gcc/arm-none-eabi/4.4.1/../../../../arm-none-eabi/lib/armv6-m\libcs3micro.a(micro_isr_interrupt.o)
                              (__cs3_isr_nmi)
c:/program files (x86)/cypress/psoc creator/2.2/psoc creator/import/gnu_cs/arm/4.4.1/bin/../lib/gcc/arm-none-eabi/4.4.1/../../../../arm-none-eabi/lib/armv6-m\libc.a(lib_a-init.o)
                              c:/program files (x86)/cypress/psoc creator/2.2/psoc creator/import/gnu_cs/arm/4.4.1/bin/../lib/gcc/arm-none-eabi/4.4.1/../../../../arm-none-eabi/lib/armv6-m\libcs3.a(start_c.o) (__libc_init_array)

Allocating common symbols
Common symbol       size              file

CapSense_LowBaselineResetCnt
                    0x5               .\CortexM0\ARM_GCC_441\Debug\CapSense.a(CapSense_CSHL.o)

Discarded input sections

 .text          0x00000000        0x0 c:/program files (x86)/cypress/psoc creator/2.2/psoc creator/import/gnu_cs/arm/4.4.1/bin/../lib/gcc/arm-none-eabi/4.4.1/armv6-m/crti.o
 .data          0x00000000        0x0 c:/program files (x86)/cypress/psoc creator/2.2/psoc creator/import/gnu_cs/arm/4.4.1/bin/../lib/gcc/arm-none-eabi/4.4.1/armv6-m/crti.o
 .bss           0x00000000        0x0 c:/program files (x86)/cypress/psoc creator/2.2/psoc creator/import/gnu_cs/arm/4.4.1/bin/../lib/gcc/arm-none-eabi/4.4.1/armv6-m/crti.o
 .data          0x00000000        0x4 c:/program files (x86)/cypress/psoc creator/2.2/psoc creator/import/gnu_cs/arm/4.4.1/bin/../lib/gcc/arm-none-eabi/4.4.1/armv6-m/crtbegin.o
 .text          0x00000000        0x0 .\CortexM0\ARM_GCC_441\Debug\main.o
 .data          0x00000000        0x0 .\CortexM0\ARM_GCC_441\Debug\main.o
 .bss           0x00000000        0x0 .\CortexM0\ARM_GCC_441\Debug\main.o
 .text          0x00000000        0x0 .\CortexM0\ARM_GCC_441\Debug\Cm0Start.o
 .data          0x00000000        0x0 .\CortexM0\ARM_GCC_441\Debug\Cm0Start.o
 .bss           0x00000000        0x0 .\CortexM0\ARM_GCC_441\Debug\Cm0Start.o
 .text          0x00000000        0x0 .\CortexM0\ARM_GCC_441\Debug\CapSense.a(CapSense.o)
 .text.CapSense_Stop
                0x00000000       0x1c .\CortexM0\ARM_GCC_441\Debug\CapSense.a(CapSense.o)
 .text.CapSense_ReadSensorRaw
                0x00000000       0x24 .\CortexM0\ARM_GCC_441\Debug\CapSense.a(CapSense.o)
 .text.CapSense_GetResolutionIndex
                0x00000000       0x5c .\CortexM0\ARM_GCC_441\Debug\CapSense.a(CapSense.o)
 .text.CapSense_Calc_PRS_Resolution
                0x00000000       0x90 .\CortexM0\ARM_GCC_441\Debug\CapSense.a(CapSense.o)
 .text          0x00000000        0x0 .\CortexM0\ARM_GCC_441\Debug\CapSense.a(CapSense_CSHL.o)
 .text.CapSense_InitializeEnabledBaselines
                0x00000000       0x80 .\CortexM0\ARM_GCC_441\Debug\CapSense.a(CapSense_CSHL.o)
 .text.CapSense_CheckIsSensorActive
                0x00000000      0x1a0 .\CortexM0\ARM_GCC_441\Debug\CapSense.a(CapSense_CSHL.o)
 .text.CapSense_CheckIsWidgetActive
                0x00000000       0x88 .\CortexM0\ARM_GCC_441\Debug\CapSense.a(CapSense_CSHL.o)
 .text.CapSense_CheckIsAnyWidgetActive
                0x00000000       0x48 .\CortexM0\ARM_GCC_441\Debug\CapSense.a(CapSense_CSHL.o)
 .text.CapSense_EnableWidget
                0x00000000       0xa0 .\CortexM0\ARM_GCC_441\Debug\CapSense.a(CapSense_CSHL.o)
 .text.CapSense_DisableWidget
                0x00000000       0xa8 .\CortexM0\ARM_GCC_441\Debug\CapSense.a(CapSense_CSHL.o)
 .text          0x00000000        0x0 .\CortexM0\ARM_GCC_441\Debug\CapSense.a(CapSense_INT.o)
 .data          0x00000000        0x0 .\CortexM0\ARM_GCC_441\Debug\CapSense.a(CapSense_INT.o)
 .bss           0x00000000        0x0 .\CortexM0\ARM_GCC_441\Debug\CapSense.a(CapSense_INT.o)
 .text          0x00000000        0x0 .\CortexM0\ARM_GCC_441\Debug\CapSense.a(PWM.o)
 .data          0x00000000        0x0 .\CortexM0\ARM_GCC_441\Debug\CapSense.a(PWM.o)
 .text.PWM_Stop
                0x00000000       0x34 .\CortexM0\ARM_GCC_441\Debug\CapSense.a(PWM.o)
 .text.PWM_SetMode
                0x00000000       0x48 .\CortexM0\ARM_GCC_441\Debug\CapSense.a(PWM.o)
 .text.PWM_SetQDMode
                0x00000000       0x48 .\CortexM0\ARM_GCC_441\Debug\CapSense.a(PWM.o)
 .text.PWM_SetPrescaler
                0x00000000       0x48 .\CortexM0\ARM_GCC_441\Debug\CapSense.a(PWM.o)
 .text.PWM_SetOneShot
                0x00000000       0x50 .\CortexM0\ARM_GCC_441\Debug\CapSense.a(PWM.o)
 .text.PWM_SetPWMMode
                0x00000000       0x1c .\CortexM0\ARM_GCC_441\Debug\CapSense.a(PWM.o)
 .text.PWM_SetPWMSyncKill
                0x00000000       0x4c .\CortexM0\ARM_GCC_441\Debug\CapSense.a(PWM.o)
 .text.PWM_SetPWMStopOnKill
                0x00000000       0x4c .\CortexM0\ARM_GCC_441\Debug\CapSense.a(PWM.o)
 .text.PWM_SetPWMDeadTime
                0x00000000       0x50 .\CortexM0\ARM_GCC_441\Debug\CapSense.a(PWM.o)
 .text.PWM_SetPWMInvert
                0x00000000       0x48 .\CortexM0\ARM_GCC_441\Debug\CapSense.a(PWM.o)
 .text.PWM_WriteCounter
                0x00000000       0x1c .\CortexM0\ARM_GCC_441\Debug\CapSense.a(PWM.o)
 .text.PWM_ReadCounter
                0x00000000       0x18 .\CortexM0\ARM_GCC_441\Debug\CapSense.a(PWM.o)
 .text.PWM_SetCounterMode
                0x00000000       0x48 .\CortexM0\ARM_GCC_441\Debug\CapSense.a(PWM.o)
 .text.PWM_ReadPeriod
                0x00000000       0x18 .\CortexM0\ARM_GCC_441\Debug\CapSense.a(PWM.o)
 .text.PWM_SetCompareSwap
                0x00000000       0x48 .\CortexM0\ARM_GCC_441\Debug\CapSense.a(PWM.o)
 .text.PWM_WritePeriodBuf
                0x00000000       0x1c .\CortexM0\ARM_GCC_441\Debug\CapSense.a(PWM.o)
 .text.PWM_ReadPeriodBuf
                0x00000000       0x18 .\CortexM0\ARM_GCC_441\Debug\CapSense.a(PWM.o)
 .text.PWM_SetPeriodSwap
                0x00000000       0x4c .\CortexM0\ARM_GCC_441\Debug\CapSense.a(PWM.o)
 .text.PWM_ReadCompare
                0x00000000       0x18 .\CortexM0\ARM_GCC_441\Debug\CapSense.a(PWM.o)
 .text.PWM_WriteCompareBuf
                0x00000000       0x1c .\CortexM0\ARM_GCC_441\Debug\CapSense.a(PWM.o)
 .text.PWM_ReadCompareBuf
                0x00000000       0x18 .\CortexM0\ARM_GCC_441\Debug\CapSense.a(PWM.o)
 .text.PWM_ReadCapture
                0x00000000       0x18 .\CortexM0\ARM_GCC_441\Debug\CapSense.a(PWM.o)
 .text.PWM_ReadCaptureBuf
                0x00000000       0x18 .\CortexM0\ARM_GCC_441\Debug\CapSense.a(PWM.o)
 .text.PWM_SetCaptureMode
                0x00000000       0x44 .\CortexM0\ARM_GCC_441\Debug\CapSense.a(PWM.o)
 .text.PWM_SetReloadMode
                0x00000000       0x48 .\CortexM0\ARM_GCC_441\Debug\CapSense.a(PWM.o)
 .text.PWM_SetStartMode
                0x00000000       0x4c .\CortexM0\ARM_GCC_441\Debug\CapSense.a(PWM.o)
 .text.PWM_SetStopMode
                0x00000000       0x48 .\CortexM0\ARM_GCC_441\Debug\CapSense.a(PWM.o)
 .text.PWM_SetCountMode
                0x00000000       0x48 .\CortexM0\ARM_GCC_441\Debug\CapSense.a(PWM.o)
 .text.PWM_TriggerCommand
                0x00000000       0x3c .\CortexM0\ARM_GCC_441\Debug\CapSense.a(PWM.o)
 .text.PWM_ReadStatus
                0x00000000       0x20 .\CortexM0\ARM_GCC_441\Debug\CapSense.a(PWM.o)
 .text.PWM_GetInterruptSourceMasked
                0x00000000       0x14 .\CortexM0\ARM_GCC_441\Debug\CapSense.a(PWM.o)
 .text.PWM_GetInterruptSource
                0x00000000       0x14 .\CortexM0\ARM_GCC_441\Debug\CapSense.a(PWM.o)
 .text.PWM_ClearInterrupt
                0x00000000       0x18 .\CortexM0\ARM_GCC_441\Debug\CapSense.a(PWM.o)
 .text.PWM_SetInterrupt
                0x00000000       0x18 .\CortexM0\ARM_GCC_441\Debug\CapSense.a(PWM.o)
 .text          0x00000000        0x0 .\CortexM0\ARM_GCC_441\Debug\CapSense.a(Clock.o)
 .data          0x00000000        0x0 .\CortexM0\ARM_GCC_441\Debug\CapSense.a(Clock.o)
 .bss           0x00000000        0x0 .\CortexM0\ARM_GCC_441\Debug\CapSense.a(Clock.o)
 .text.Clock_Stop
                0x00000000       0x18 .\CortexM0\ARM_GCC_441\Debug\CapSense.a(Clock.o)
 .text.Clock_SetFractionalDividerRegister
                0x00000000       0x38 .\CortexM0\ARM_GCC_441\Debug\CapSense.a(Clock.o)
 .text.Clock_GetDividerRegister
                0x00000000       0x14 .\CortexM0\ARM_GCC_441\Debug\CapSense.a(Clock.o)
 .text.Clock_GetFractionalDividerRegister
                0x00000000        0xc .\CortexM0\ARM_GCC_441\Debug\CapSense.a(Clock.o)
 .text          0x00000000        0x0 .\CortexM0\ARM_GCC_441\Debug\CapSense.a(CapSense_CSD_Clk1.o)
 .data          0x00000000        0x0 .\CortexM0\ARM_GCC_441\Debug\CapSense.a(CapSense_CSD_Clk1.o)
 .bss           0x00000000        0x0 .\CortexM0\ARM_GCC_441\Debug\CapSense.a(CapSense_CSD_Clk1.o)
 .text.CapSense_CSD_Clk1_GetDividerRegister
                0x00000000       0x14 .\CortexM0\ARM_GCC_441\Debug\CapSense.a(CapSense_CSD_Clk1.o)
 .text.CapSense_CSD_Clk1_GetFractionalDividerRegister
                0x00000000        0xc .\CortexM0\ARM_GCC_441\Debug\CapSense.a(CapSense_CSD_Clk1.o)
 .text          0x00000000        0x0 .\CortexM0\ARM_GCC_441\Debug\CapSense.a(CapSense_CSD_Clk2.o)
 .data          0x00000000        0x0 .\CortexM0\ARM_GCC_441\Debug\CapSense.a(CapSense_CSD_Clk2.o)
 .bss           0x00000000        0x0 .\CortexM0\ARM_GCC_441\Debug\CapSense.a(CapSense_CSD_Clk2.o)
 .text.CapSense_CSD_Clk2_GetDividerRegister
                0x00000000       0x14 .\CortexM0\ARM_GCC_441\Debug\CapSense.a(CapSense_CSD_Clk2.o)
 .text.CapSense_CSD_Clk2_GetFractionalDividerRegister
                0x00000000        0xc .\CortexM0\ARM_GCC_441\Debug\CapSense.a(CapSense_CSD_Clk2.o)
 .data          0x00000000        0x0 .\CortexM0\ARM_GCC_441\Debug\CapSense.a(CyBootAsmGnu.o)
 .bss           0x00000000        0x0 .\CortexM0\ARM_GCC_441\Debug\CapSense.a(CyBootAsmGnu.o)
 .text          0x00000000        0x0 .\CortexM0\ARM_GCC_441\Debug\CapSense.a(CyLib.o)
 .bss           0x00000000        0x0 .\CortexM0\ARM_GCC_441\Debug\CapSense.a(CyLib.o)
 .text.CySysClkImoStart
                0x00000000       0x1c .\CortexM0\ARM_GCC_441\Debug\CapSense.a(CyLib.o)
 .text.CySysClkImoStop
                0x00000000       0x18 .\CortexM0\ARM_GCC_441\Debug\CapSense.a(CyLib.o)
 .text.CySysClkIloStart
                0x00000000       0x1c .\CortexM0\ARM_GCC_441\Debug\CapSense.a(CyLib.o)
 .text.CySysClkIloStop
                0x00000000       0x18 .\CortexM0\ARM_GCC_441\Debug\CapSense.a(CyLib.o)
 .text.CySysClkWriteHfclkDirect
                0x00000000       0x2c .\CortexM0\ARM_GCC_441\Debug\CapSense.a(CyLib.o)
 .text.CySysClkWriteSysclkDiv
                0x00000000       0x2c .\CortexM0\ARM_GCC_441\Debug\CapSense.a(CyLib.o)
 .text.CySysClkWriteImoFreq
                0x00000000      0x200 .\CortexM0\ARM_GCC_441\Debug\CapSense.a(CyLib.o)
 .text.CySysWdtLock
                0x00000000       0x44 .\CortexM0\ARM_GCC_441\Debug\CapSense.a(CyLib.o)
 .text.CySysWdtUnlock
                0x00000000       0x60 .\CortexM0\ARM_GCC_441\Debug\CapSense.a(CyLib.o)
 .text.CySysWdtReadEnabledStatus
                0x00000000       0x30 .\CortexM0\ARM_GCC_441\Debug\CapSense.a(CyLib.o)
 .text.CySysWdtWriteMode
                0x00000000       0x70 .\CortexM0\ARM_GCC_441\Debug\CapSense.a(CyLib.o)
 .text.CySysWdtReadMode
                0x00000000       0x24 .\CortexM0\ARM_GCC_441\Debug\CapSense.a(CyLib.o)
 .text.CySysWdtWriteClearOnMatch
                0x00000000       0x60 .\CortexM0\ARM_GCC_441\Debug\CapSense.a(CyLib.o)
 .text.CySysWdtReadClearOnMatch
                0x00000000       0x38 .\CortexM0\ARM_GCC_441\Debug\CapSense.a(CyLib.o)
 .text.CySysWdtEnable
                0x00000000       0x30 .\CortexM0\ARM_GCC_441\Debug\CapSense.a(CyLib.o)
 .text.CySysWdtDisable
                0x00000000       0x30 .\CortexM0\ARM_GCC_441\Debug\CapSense.a(CyLib.o)
 .text.CySysWdtWriteCascade
                0x00000000       0x68 .\CortexM0\ARM_GCC_441\Debug\CapSense.a(CyLib.o)
 .text.CySysWdtReadCascade
                0x00000000       0x1c .\CortexM0\ARM_GCC_441\Debug\CapSense.a(CyLib.o)
 .text.CySysWdtWriteMatch
                0x00000000       0x6c .\CortexM0\ARM_GCC_441\Debug\CapSense.a(CyLib.o)
 .text.CySysWdtWriteToggleBit
                0x00000000       0x54 .\CortexM0\ARM_GCC_441\Debug\CapSense.a(CyLib.o)
 .text.CySysWdtReadToggleBit
                0x00000000       0x18 .\CortexM0\ARM_GCC_441\Debug\CapSense.a(CyLib.o)
 .text.CySysWdtReadMatch
                0x00000000       0x38 .\CortexM0\ARM_GCC_441\Debug\CapSense.a(CyLib.o)
 .text.CySysWdtReadCount
                0x00000000       0x54 .\CortexM0\ARM_GCC_441\Debug\CapSense.a(CyLib.o)
 .text.CySysWdtGetInterruptSource
                0x00000000       0x1c .\CortexM0\ARM_GCC_441\Debug\CapSense.a(CyLib.o)
 .text.CySysWdtClearInterrupt
                0x00000000       0xac .\CortexM0\ARM_GCC_441\Debug\CapSense.a(CyLib.o)
 .text.CySysWdtResetCounters
                0x00000000       0x38 .\CortexM0\ARM_GCC_441\Debug\CapSense.a(CyLib.o)
 .text.CySysLvdEnable
                0x00000000       0x48 .\CortexM0\ARM_GCC_441\Debug\CapSense.a(CyLib.o)
 .text.CySysLvdDisable
                0x00000000       0x28 .\CortexM0\ARM_GCC_441\Debug\CapSense.a(CyLib.o)
 .text.CySysLvdGetInterruptSource
                0x00000000       0x18 .\CortexM0\ARM_GCC_441\Debug\CapSense.a(CyLib.o)
 .text.CySysLvdClearInterrupt
                0x00000000       0x14 .\CortexM0\ARM_GCC_441\Debug\CapSense.a(CyLib.o)
 .text.CyDisableInts
                0x00000000       0x24 .\CortexM0\ARM_GCC_441\Debug\CapSense.a(CyLib.o)
 .text.CyEnableInts
                0x00000000       0x18 .\CortexM0\ARM_GCC_441\Debug\CapSense.a(CyLib.o)
 .text.CyIntSetSysVector
                0x00000000       0x48 .\CortexM0\ARM_GCC_441\Debug\CapSense.a(CyLib.o)
 .text.CyIntGetSysVector
                0x00000000       0x34 .\CortexM0\ARM_GCC_441\Debug\CapSense.a(CyLib.o)
 .text.CyIntGetVector
                0x00000000       0x38 .\CortexM0\ARM_GCC_441\Debug\CapSense.a(CyLib.o)
 .text.CyIntGetPriority
                0x00000000       0x54 .\CortexM0\ARM_GCC_441\Debug\CapSense.a(CyLib.o)
 .text.CyIntGetState
                0x00000000       0x3c .\CortexM0\ARM_GCC_441\Debug\CapSense.a(CyLib.o)
 .text.CyIntSetPending
                0x00000000       0x2c .\CortexM0\ARM_GCC_441\Debug\CapSense.a(CyLib.o)
 .text.CyIntClearPending
                0x00000000       0x2c .\CortexM0\ARM_GCC_441\Debug\CapSense.a(CyLib.o)
 .text.CySoftwareReset
                0x00000000       0x20 .\CortexM0\ARM_GCC_441\Debug\CapSense.a(CyLib.o)
 .text.CyDelay  0x00000000       0x48 .\CortexM0\ARM_GCC_441\Debug\CapSense.a(CyLib.o)
 .text.CyDelayFreq
                0x00000000       0x80 .\CortexM0\ARM_GCC_441\Debug\CapSense.a(CyLib.o)
 .rodata        0x00000000       0x30 .\CortexM0\ARM_GCC_441\Debug\CapSense.a(CyLib.o)
 .text          0x00000000        0x0 .\CortexM0\ARM_GCC_441\Debug\CapSense.a(cyfitter_cfg.o)
 .bss           0x00000000        0x0 .\CortexM0\ARM_GCC_441\Debug\CapSense.a(cyfitter_cfg.o)
 .text.CYCONFIGCPY
                0x00000000       0x24 .\CortexM0\ARM_GCC_441\Debug\CapSense.a(cyfitter_cfg.o)
 .text.CYCONFIGCPYCODE
                0x00000000       0x24 .\CortexM0\ARM_GCC_441\Debug\CapSense.a(cyfitter_cfg.o)
 .text          0x00000000       0x9c c:/program files (x86)/cypress/psoc creator/2.2/psoc creator/import/gnu_cs/arm/4.4.1/bin/../lib/gcc/arm-none-eabi/4.4.1/armv6-m\libgcc.a(_udivsi3.o)
 .data          0x00000000        0x0 c:/program files (x86)/cypress/psoc creator/2.2/psoc creator/import/gnu_cs/arm/4.4.1/bin/../lib/gcc/arm-none-eabi/4.4.1/armv6-m\libgcc.a(_udivsi3.o)
 .bss           0x00000000        0x0 c:/program files (x86)/cypress/psoc creator/2.2/psoc creator/import/gnu_cs/arm/4.4.1/bin/../lib/gcc/arm-none-eabi/4.4.1/armv6-m\libgcc.a(_udivsi3.o)
 .data          0x00000000        0x0 c:/program files (x86)/cypress/psoc creator/2.2/psoc creator/import/gnu_cs/arm/4.4.1/bin/../lib/gcc/arm-none-eabi/4.4.1/armv6-m\libgcc.a(_divsi3.o)
 .bss           0x00000000        0x0 c:/program files (x86)/cypress/psoc creator/2.2/psoc creator/import/gnu_cs/arm/4.4.1/bin/../lib/gcc/arm-none-eabi/4.4.1/armv6-m\libgcc.a(_divsi3.o)
 .data          0x00000000        0x0 c:/program files (x86)/cypress/psoc creator/2.2/psoc creator/import/gnu_cs/arm/4.4.1/bin/../lib/gcc/arm-none-eabi/4.4.1/armv6-m\libgcc.a(_dvmd_tls.o)
 .bss           0x00000000        0x0 c:/program files (x86)/cypress/psoc creator/2.2/psoc creator/import/gnu_cs/arm/4.4.1/bin/../lib/gcc/arm-none-eabi/4.4.1/armv6-m\libgcc.a(_dvmd_tls.o)
 .text          0x00000000      0x100 c:/program files (x86)/cypress/psoc creator/2.2/psoc creator/import/gnu_cs/arm/4.4.1/bin/../lib/gcc/arm-none-eabi/4.4.1/../../../../arm-none-eabi/lib/armv6-m\libc.a(lib_a-memcpy.o)
 .data          0x00000000        0x0 c:/program files (x86)/cypress/psoc creator/2.2/psoc creator/import/gnu_cs/arm/4.4.1/bin/../lib/gcc/arm-none-eabi/4.4.1/../../../../arm-none-eabi/lib/armv6-m\libc.a(lib_a-memcpy.o)
 .bss           0x00000000        0x0 c:/program files (x86)/cypress/psoc creator/2.2/psoc creator/import/gnu_cs/arm/4.4.1/bin/../lib/gcc/arm-none-eabi/4.4.1/../../../../arm-none-eabi/lib/armv6-m\libc.a(lib_a-memcpy.o)
 .data          0x00000000        0x0 c:/program files (x86)/cypress/psoc creator/2.2/psoc creator/import/gnu_cs/arm/4.4.1/bin/../lib/gcc/arm-none-eabi/4.4.1/../../../../arm-none-eabi/lib/armv6-m\libc.a(lib_a-memset.o)
 .bss           0x00000000        0x0 c:/program files (x86)/cypress/psoc creator/2.2/psoc creator/import/gnu_cs/arm/4.4.1/bin/../lib/gcc/arm-none-eabi/4.4.1/../../../../arm-none-eabi/lib/armv6-m\libc.a(lib_a-memset.o)
 .text          0x00000000        0x0 c:/program files (x86)/cypress/psoc creator/2.2/psoc creator/import/gnu_cs/arm/4.4.1/bin/../lib/gcc/arm-none-eabi/4.4.1/armv6-m/crtend.o
 .data          0x00000000        0x0 c:/program files (x86)/cypress/psoc creator/2.2/psoc creator/import/gnu_cs/arm/4.4.1/bin/../lib/gcc/arm-none-eabi/4.4.1/armv6-m/crtend.o
 .bss           0x00000000        0x0 c:/program files (x86)/cypress/psoc creator/2.2/psoc creator/import/gnu_cs/arm/4.4.1/bin/../lib/gcc/arm-none-eabi/4.4.1/armv6-m/crtend.o
 .text          0x00000000        0x0 c:/program files (x86)/cypress/psoc creator/2.2/psoc creator/import/gnu_cs/arm/4.4.1/bin/../lib/gcc/arm-none-eabi/4.4.1/armv6-m/crtn.o
 .data          0x00000000        0x0 c:/program files (x86)/cypress/psoc creator/2.2/psoc creator/import/gnu_cs/arm/4.4.1/bin/../lib/gcc/arm-none-eabi/4.4.1/armv6-m/crtn.o
 .bss           0x00000000        0x0 c:/program files (x86)/cypress/psoc creator/2.2/psoc creator/import/gnu_cs/arm/4.4.1/bin/../lib/gcc/arm-none-eabi/4.4.1/armv6-m/crtn.o
 .data          0x00000000        0x0 c:/program files (x86)/cypress/psoc creator/2.2/psoc creator/import/gnu_cs/arm/4.4.1/bin/../lib/gcc/arm-none-eabi/4.4.1/../../../../arm-none-eabi/lib/armv6-m\libcs3.a(start_c.o)
 .bss           0x00000000        0x0 c:/program files (x86)/cypress/psoc creator/2.2/psoc creator/import/gnu_cs/arm/4.4.1/bin/../lib/gcc/arm-none-eabi/4.4.1/../../../../arm-none-eabi/lib/armv6-m\libcs3.a(start_c.o)
 .data          0x00000000        0x0 c:/program files (x86)/cypress/psoc creator/2.2/psoc creator/import/gnu_cs/arm/4.4.1/bin/../lib/gcc/arm-none-eabi/4.4.1/../../../../arm-none-eabi/lib/armv6-m\libcs3micro.a(micro_isr_interrupt.o)
 .bss           0x00000000        0x0 c:/program files (x86)/cypress/psoc creator/2.2/psoc creator/import/gnu_cs/arm/4.4.1/bin/../lib/gcc/arm-none-eabi/4.4.1/../../../../arm-none-eabi/lib/armv6-m\libcs3micro.a(micro_isr_interrupt.o)
 .data          0x00000000        0x0 c:/program files (x86)/cypress/psoc creator/2.2/psoc creator/import/gnu_cs/arm/4.4.1/bin/../lib/gcc/arm-none-eabi/4.4.1/../../../../arm-none-eabi/lib/armv6-m\libc.a(lib_a-init.o)
 .bss           0x00000000        0x0 c:/program files (x86)/cypress/psoc creator/2.2/psoc creator/import/gnu_cs/arm/4.4.1/bin/../lib/gcc/arm-none-eabi/4.4.1/../../../../arm-none-eabi/lib/armv6-m\libc.a(lib_a-init.o)

Memory Configuration

Name             Origin             Length             Attributes
rom              0x00000000         0x00008000         xr
ram              0x20000000         0x00000b00         xrw
*default*        0x00000000         0xffffffff

Linker script and memory map

LOAD c:/program files (x86)/cypress/psoc creator/2.2/psoc creator/import/gnu_cs/arm/4.4.1/bin/../lib/gcc/arm-none-eabi/4.4.1/armv6-m/crti.o
LOAD c:/program files (x86)/cypress/psoc creator/2.2/psoc creator/import/gnu_cs/arm/4.4.1/bin/../lib/gcc/arm-none-eabi/4.4.1/armv6-m/crtbegin.o
START GROUP
LOAD .\CortexM0\ARM_GCC_441\Debug\main.o
LOAD .\CortexM0\ARM_GCC_441\Debug\Cm0Start.o
LOAD .\CortexM0\ARM_GCC_441\Debug\CapSense.a
LOAD C:\Program Files (x86)\Cypress\PSoC Creator\2.2\PSoC Creator\psoc\content\cycomponentlibrary\CyComponentLibrary.cylib\CortexM0\ARM_GCC_441\Debug\CyComponentLibrary.a
END GROUP
START GROUP
LOAD c:/program files (x86)/cypress/psoc creator/2.2/psoc creator/import/gnu_cs/arm/4.4.1/bin/../lib/gcc/arm-none-eabi/4.4.1/armv6-m\libgcc.a
LOAD c:/program files (x86)/cypress/psoc creator/2.2/psoc creator/import/gnu_cs/arm/4.4.1/bin/../lib/gcc/arm-none-eabi/4.4.1/../../../../arm-none-eabi/lib/armv6-m\libc.a
END GROUP
LOAD c:/program files (x86)/cypress/psoc creator/2.2/psoc creator/import/gnu_cs/arm/4.4.1/bin/../lib/gcc/arm-none-eabi/4.4.1/armv6-m/crtend.o
LOAD c:/program files (x86)/cypress/psoc creator/2.2/psoc creator/import/gnu_cs/arm/4.4.1/bin/../lib/gcc/arm-none-eabi/4.4.1/armv6-m/crtn.o
START GROUP
LOAD c:/program files (x86)/cypress/psoc creator/2.2/psoc creator/import/gnu_cs/arm/4.4.1/bin/../lib/gcc/arm-none-eabi/4.4.1/armv6-m\libgcc.a
LOAD c:/program files (x86)/cypress/psoc creator/2.2/psoc creator/import/gnu_cs/arm/4.4.1/bin/../lib/gcc/arm-none-eabi/4.4.1/../../../../arm-none-eabi/lib/armv6-m\libc.a
LOAD c:/program files (x86)/cypress/psoc creator/2.2/psoc creator/import/gnu_cs/arm/4.4.1/bin/../lib/gcc/arm-none-eabi/4.4.1/../../../../arm-none-eabi/lib/armv6-m\libcs3.a
LOAD c:/program files (x86)/cypress/psoc creator/2.2/psoc creator/import/gnu_cs/arm/4.4.1/bin/../lib/gcc/arm-none-eabi/4.4.1/../../../../arm-none-eabi/lib/armv6-m\libcs3unhosted.a
LOAD c:/program files (x86)/cypress/psoc creator/2.2/psoc creator/import/gnu_cs/arm/4.4.1/bin/../lib/gcc/arm-none-eabi/4.4.1/../../../../arm-none-eabi/lib/armv6-m\libcs3micro.a
END GROUP
                0x20000160                PROVIDE (__cs3_heap_start, _end)
                0x00000001                PROVIDE (__cs3_region_num, ((__cs3_regions_end - __cs3_regions) / 0x14))
                0x20001000                PROVIDE (__cs3_stack, 0x20001000)
                0x20000c00                PROVIDE (__cs3_heap_end, (__cs3_stack - 0x400))

.text           0x00000000     0x1780
 CREATE_OBJECT_SYMBOLS
                0x00000000                PROVIDE (__cs3_interrupt_vector, RomVectors)
 *(.romvectors)
 .romvectors    0x00000000       0x10 .\CortexM0\ARM_GCC_441\Debug\Cm0Start.o
                0x00000000                RomVectors
 *(.cs3.interrupt_vector)
                0x00000001                ASSERT ((. != __cs3_interrupt_vector), No interrupt vector)
                0x000003ec                PROVIDE (__cs3_reset, Reset)
 *(.cs3.reset)
                0x00000001                ASSERT ((. != __cs3_reset), No reset code)
 *(.text.cs3.init)
 .text.cs3.init
                0x00000010       0x50 c:/program files (x86)/cypress/psoc creator/2.2/psoc creator/import/gnu_cs/arm/4.4.1/bin/../lib/gcc/arm-none-eabi/4.4.1/../../../../arm-none-eabi/lib/armv6-m\libcs3.a(start_c.o)
                0x00000010                __cs3_start_c
 *(.psocinit)
 .psocinit      0x00000060      0x2d4 .\CortexM0\ARM_GCC_441\Debug\CapSense.a(cyfitter_cfg.o)
                0x000001c4                cyfitter_cfg
                0x00000334                . = (. MAX 0x100)
 *(.text .text.* .gnu.linkonce.t.*)
 .text          0x00000334       0x30 c:/program files (x86)/cypress/psoc creator/2.2/psoc creator/import/gnu_cs/arm/4.4.1/bin/../lib/gcc/arm-none-eabi/4.4.1/armv6-m/crtbegin.o
 .text.main     0x00000364       0x80 .\CortexM0\ARM_GCC_441\Debug\main.o
                0x00000364                main
 .text.IntDefaultHandler
                0x000003e4        0x8 .\CortexM0\ARM_GCC_441\Debug\Cm0Start.o
                0x000003e4                IntDefaultHandler
 .text.Reset    0x000003ec       0x10 .\CortexM0\ARM_GCC_441\Debug\Cm0Start.o
                0x000003ec                Reset
 .text.initialize_psoc
                0x000003fc       0x5c .\CortexM0\ARM_GCC_441\Debug\Cm0Start.o
                0x000003fc                initialize_psoc
 .text.CapSense_Init
                0x00000458       0x94 .\CortexM0\ARM_GCC_441\Debug\CapSense.a(CapSense.o)
                0x00000458                CapSense_Init
 .text.CapSense_Enable
                0x000004ec       0x4c .\CortexM0\ARM_GCC_441\Debug\CapSense.a(CapSense.o)
                0x000004ec                CapSense_Enable
 .text.CapSense_Start
                0x00000538       0x34 .\CortexM0\ARM_GCC_441\Debug\CapSense.a(CapSense.o)
                0x00000538                CapSense_Start
 .text.CapSense_FindNextSensor
                0x0000056c       0x68 .\CortexM0\ARM_GCC_441\Debug\CapSense.a(CapSense.o)
                0x0000056c                CapSense_FindNextSensor
 .text.CapSense_SetScanSlotSettings
                0x000005d4       0x64 .\CortexM0\ARM_GCC_441\Debug\CapSense.a(CapSense.o)
                0x000005d4                CapSense_SetScanSlotSettings
 .text.CapSense_ScanSensor
                0x00000638       0x3c .\CortexM0\ARM_GCC_441\Debug\CapSense.a(CapSense.o)
                0x00000638                CapSense_ScanSensor
 .text.CapSense_ScanEnabledWidgets
                0x00000674       0x58 .\CortexM0\ARM_GCC_441\Debug\CapSense.a(CapSense.o)
                0x00000674                CapSense_ScanEnabledWidgets
 .text.CapSense_IsBusy
                0x000006cc       0x28 .\CortexM0\ARM_GCC_441\Debug\CapSense.a(CapSense.o)
                0x000006cc                CapSense_IsBusy
 .text.CapSense_ClearSensors
                0x000006f4       0x30 .\CortexM0\ARM_GCC_441\Debug\CapSense.a(CapSense.o)
                0x000006f4                CapSense_ClearSensors
 .text.CapSense_EnableSensor
                0x00000724       0xb8 .\CortexM0\ARM_GCC_441\Debug\CapSense.a(CapSense.o)
                0x00000724                CapSense_EnableSensor
 .text.CapSense_DisableSensor
                0x000007dc       0xe4 .\CortexM0\ARM_GCC_441\Debug\CapSense.a(CapSense.o)
                0x000007dc                CapSense_DisableSensor
 .text.CapSense_PreScan
                0x000008c0       0xcc .\CortexM0\ARM_GCC_441\Debug\CapSense.a(CapSense.o)
                0x000008c0                CapSense_PreScan
 .text.CapSense_PostScan
                0x0000098c       0x34 .\CortexM0\ARM_GCC_441\Debug\CapSense.a(CapSense.o)
                0x0000098c                CapSense_PostScan
 .text.CapSense_SetShieldDelay
                0x000009c0       0x38 .\CortexM0\ARM_GCC_441\Debug\CapSense.a(CapSense.o)
                0x000009c0                CapSense_SetShieldDelay
 .text.CapSense_BaseInit
                0x000009f8       0x4c .\CortexM0\ARM_GCC_441\Debug\CapSense.a(CapSense_CSHL.o)
                0x000009f8                CapSense_BaseInit
 .text.CapSense_InitializeSensorBaseline
                0x00000a44       0x30 .\CortexM0\ARM_GCC_441\Debug\CapSense.a(CapSense_CSHL.o)
                0x00000a44                CapSense_InitializeSensorBaseline
 .text.CapSense_InitializeAllBaselines
                0x00000a74       0x30 .\CortexM0\ARM_GCC_441\Debug\CapSense.a(CapSense_CSHL.o)
                0x00000a74                CapSense_InitializeAllBaselines
 .text.CapSense_UpdateSensorBaseline
                0x00000aa4      0x1cc .\CortexM0\ARM_GCC_441\Debug\CapSense.a(CapSense_CSHL.o)
                0x00000aa4                CapSense_UpdateSensorBaseline
 .text.CapSense_UpdateEnabledBaselines
                0x00000c70       0x64 .\CortexM0\ARM_GCC_441\Debug\CapSense.a(CapSense_CSHL.o)
                0x00000c70                CapSense_UpdateEnabledBaselines
 .text.CapSense_FindMaximum
                0x00000cd4       0xb0 .\CortexM0\ARM_GCC_441\Debug\CapSense.a(CapSense_CSHL.o)
                0x00000cd4                CapSense_FindMaximum
 .text.CapSense_CalcCentroid
                0x00000d84      0x184 .\CortexM0\ARM_GCC_441\Debug\CapSense.a(CapSense_CSHL.o)
                0x00000d84                CapSense_CalcCentroid
 .text.CapSense_GetCentroidPos
                0x00000f08      0x194 .\CortexM0\ARM_GCC_441\Debug\CapSense.a(CapSense_CSHL.o)
                0x00000f08                CapSense_GetCentroidPos
 .text.CapSense_IIR4Filter
                0x0000109c       0x3c .\CortexM0\ARM_GCC_441\Debug\CapSense.a(CapSense_CSHL.o)
                0x0000109c                CapSense_IIR4Filter
 .text.CapSense_ISR
                0x000010d8       0x98 .\CortexM0\ARM_GCC_441\Debug\CapSense.a(CapSense_INT.o)
                0x000010d8                CapSense_ISR
 .text.PWM_Init
                0x00001170       0x4c .\CortexM0\ARM_GCC_441\Debug\CapSense.a(PWM.o)
                0x00001170                PWM_Init
 .text.PWM_Enable
                0x000011bc       0x34 .\CortexM0\ARM_GCC_441\Debug\CapSense.a(PWM.o)
                0x000011bc                PWM_Enable
 .text.PWM_Start
                0x000011f0       0x24 .\CortexM0\ARM_GCC_441\Debug\CapSense.a(PWM.o)
                0x000011f0                PWM_Start
 .text.PWM_WritePeriod
                0x00001214       0x1c .\CortexM0\ARM_GCC_441\Debug\CapSense.a(PWM.o)
                0x00001214                PWM_WritePeriod
 .text.PWM_WriteCompare
                0x00001230       0x1c .\CortexM0\ARM_GCC_441\Debug\CapSense.a(PWM.o)
                0x00001230                PWM_WriteCompare
 .text.PWM_SetInterruptMode
                0x0000124c       0x18 .\CortexM0\ARM_GCC_441\Debug\CapSense.a(PWM.o)
                0x0000124c                PWM_SetInterruptMode
 .text.Clock_Start
                0x00001264       0x1c .\CortexM0\ARM_GCC_441\Debug\CapSense.a(Clock.o)
                0x00001264                Clock_Start
 .text.CapSense_CSD_Clk1_Start
                0x00001280       0x1c .\CortexM0\ARM_GCC_441\Debug\CapSense.a(CapSense_CSD_Clk1.o)
                0x00001280                CapSense_CSD_Clk1_Start
 .text.CapSense_CSD_Clk1_Stop
                0x0000129c       0x18 .\CortexM0\ARM_GCC_441\Debug\CapSense.a(CapSense_CSD_Clk1.o)
                0x0000129c                CapSense_CSD_Clk1_Stop
 .text.CapSense_CSD_Clk1_SetFractionalDividerRegister
                0x000012b4       0x38 .\CortexM0\ARM_GCC_441\Debug\CapSense.a(CapSense_CSD_Clk1.o)
                0x000012b4                CapSense_CSD_Clk1_SetFractionalDividerRegister
 .text.CapSense_CSD_Clk2_Start
                0x000012ec       0x1c .\CortexM0\ARM_GCC_441\Debug\CapSense.a(CapSense_CSD_Clk2.o)
                0x000012ec                CapSense_CSD_Clk2_Start
 .text.CapSense_CSD_Clk2_Stop
                0x00001308       0x18 .\CortexM0\ARM_GCC_441\Debug\CapSense.a(CapSense_CSD_Clk2.o)
                0x00001308                CapSense_CSD_Clk2_Stop
 .text.CapSense_CSD_Clk2_SetFractionalDividerRegister
                0x00001320       0x38 .\CortexM0\ARM_GCC_441\Debug\CapSense.a(CapSense_CSD_Clk2.o)
                0x00001320                CapSense_CSD_Clk2_SetFractionalDividerRegister
 .text          0x00001358       0x20 .\CortexM0\ARM_GCC_441\Debug\CapSense.a(CyBootAsmGnu.o)
                0x00001358                CyDelayCycles
                0x0000136a                CyEnterCriticalSection
                0x00001372                CyExitCriticalSection
 .text.CyIntSetVector
                0x00001378       0x4c .\CortexM0\ARM_GCC_441\Debug\CapSense.a(CyLib.o)
                0x00001378                CyIntSetVector
 .text.CyIntSetPriority
                0x000013c4       0xa8 .\CortexM0\ARM_GCC_441\Debug\CapSense.a(CyLib.o)
                0x000013c4                CyIntSetPriority
 .text.CyIntEnable
                0x0000146c       0x2c .\CortexM0\ARM_GCC_441\Debug\CapSense.a(CyLib.o)
                0x0000146c                CyIntEnable
 .text.CyIntDisable
                0x00001498       0x2c .\CortexM0\ARM_GCC_441\Debug\CapSense.a(CyLib.o)
                0x00001498                CyIntDisable
 .text.CyHalt   0x000014c4       0x14 .\CortexM0\ARM_GCC_441\Debug\CapSense.a(CyLib.o)
                0x000014c4                CyHalt
 .text.CyDelayUs
                0x000014d8       0x28 .\CortexM0\ARM_GCC_441\Debug\CapSense.a(CyLib.o)
                0x000014d8                CyDelayUs
 .text.CYMEMZERO
                0x00001500       0x20 .\CortexM0\ARM_GCC_441\Debug\CapSense.a(cyfitter_cfg.o)
 .text.cfg_write_bytes32
                0x00001520       0x80 .\CortexM0\ARM_GCC_441\Debug\CapSense.a(cyfitter_cfg.o)
 .text.AnalogSetDefault
                0x000015a0        0x8 .\CortexM0\ARM_GCC_441\Debug\CapSense.a(cyfitter_cfg.o)
 .text          0x000015a8       0xc0 c:/program files (x86)/cypress/psoc creator/2.2/psoc creator/import/gnu_cs/arm/4.4.1/bin/../lib/gcc/arm-none-eabi/4.4.1/armv6-m\libgcc.a(_divsi3.o)
                0x000015a8                __divsi3
                0x000015a8                __aeabi_idiv
                0x00001654                __aeabi_idivmod
 .text          0x00001668        0x4 c:/program files (x86)/cypress/psoc creator/2.2/psoc creator/import/gnu_cs/arm/4.4.1/bin/../lib/gcc/arm-none-eabi/4.4.1/armv6-m\libgcc.a(_dvmd_tls.o)
                0x00001668                __aeabi_idiv0
                0x00001668                __aeabi_ldiv0
 .text          0x0000166c       0x8c c:/program files (x86)/cypress/psoc creator/2.2/psoc creator/import/gnu_cs/arm/4.4.1/bin/../lib/gcc/arm-none-eabi/4.4.1/../../../../arm-none-eabi/lib/armv6-m\libc.a(lib_a-memset.o)
                0x0000166c                memset
 .text          0x000016f8       0x3c c:/program files (x86)/cypress/psoc creator/2.2/psoc creator/import/gnu_cs/arm/4.4.1/bin/../lib/gcc/arm-none-eabi/4.4.1/../../../../arm-none-eabi/lib/armv6-m\libcs3.a(start_c.o)
                0x000016f8                __cs3_premain
 .text          0x00001734        0x2 c:/program files (x86)/cypress/psoc creator/2.2/psoc creator/import/gnu_cs/arm/4.4.1/bin/../lib/gcc/arm-none-eabi/4.4.1/../../../../arm-none-eabi/lib/armv6-m\libcs3micro.a(micro_isr_interrupt.o)
                0x00001734                __cs3_isr_external_24
                0x00001734                __cs3_isr_external_9
                0x00001734                __cs3_isr_external_14
                0x00001734                __cs3_isr_reserved_9
                0x00001734                __cs3_isr_external_4
                0x00001734                __cs3_isr_external_21
                0x00001734                __cs3_isr_external_0
                0x00001734                __cs3_isr_external_27
                0x00001734                __cs3_isr_external_11
                0x00001734                __cs3_isr_usage_fault
                0x00001734                __cs3_isr_svcall
                0x00001734                __cs3_isr_external_3
                0x00001734                __cs3_isr_mpu_fault
                0x00001734                __cs3_isr_external_16
                0x00001734                __cs3_isr_pendsv
                0x00001734                __cs3_isr_external_31
                0x00001734                __cs3_isr_nmi
                0x00001734                __cs3_isr_external_5
                0x00001734                __cs3_isr_external_6
                0x00001734                __cs3_isr_external_12
                0x00001734                __cs3_isr_hard_fault
                0x00001734                __cs3_isr_bus_fault
                0x00001734                __cs3_isr_external_1
                0x00001734                __cs3_isr_external_13
                0x00001734                __cs3_isr_external_30
                0x00001734                __cs3_isr_external_23
                0x00001734                __cs3_isr_external_20
                0x00001734                __cs3_isr_debug
                0x00001734                __cs3_isr_reserved_13
                0x00001734                __cs3_isr_external_8
                0x00001734                __cs3_isr_external_26
                0x00001734                __cs3_isr_reserved_8
                0x00001734                __cs3_isr_reserved_7
                0x00001734                __cs3_isr_external_7
                0x00001734                __cs3_isr_external_28
                0x00001734                __cs3_isr_systick
                0x00001734                __cs3_isr_external_22
                0x00001734                __cs3_isr_external_10
                0x00001734                __cs3_isr_external_15
                0x00001734                __cs3_isr_interrupt
                0x00001734                __cs3_isr_external_18
                0x00001734                __cs3_isr_external_29
                0x00001734                __cs3_isr_external_25
                0x00001734                __cs3_isr_reserved_10
                0x00001734                __cs3_isr_external_2
                0x00001734                __cs3_isr_external_17
                0x00001734                __cs3_isr_external_19
 *fill*         0x00001736        0x2 00
 .text          0x00001738       0x48 c:/program files (x86)/cypress/psoc creator/2.2/psoc creator/import/gnu_cs/arm/4.4.1/bin/../lib/gcc/arm-none-eabi/4.4.1/../../../../arm-none-eabi/lib/armv6-m\libc.a(lib_a-init.o)
                0x00001738                __libc_init_array
 *(.plt)
 *(.gnu.warning)
 *(.glue_7t)
 .glue_7t       0x00000000        0x0 linker stubs
 *(.glue_7)
 .glue_7        0x00000000        0x0 linker stubs
 *(.vfp11_veneer)
 .vfp11_veneer  0x00000000        0x0 linker stubs
 *(.bootloader)
 *(.ARM.extab* .gnu.linkonce.armextab.*)
 *(.gcc_except_table)

.v4_bx          0x00001780        0x0
 .v4_bx         0x00000000        0x0 linker stubs

.eh_frame_hdr
 *(.eh_frame_hdr)

.eh_frame
 *(.eh_frame)
                0x00001780                PROVIDE (__exidx_start, .)

.ARM.exidx
 *(.ARM.exidx* .gnu.linkonce.armexidx.*)
                0x00001780                __exidx_end = .

.rodata         0x00001780      0x138
 *(.rodata .rodata.* .gnu.linkonce.r.*)
 .rodata        0x00001780       0x70 .\CortexM0\ARM_GCC_441\Debug\CapSense.a(CapSense.o)
                0x00001780                CapSense_portTable
                0x00001788                CapSense_maskTable
                0x0000179c                CapSense_pinShiftTbl
                0x000017a4                CapSense_idac1Settings
                0x000017ac                CapSense_idac2Settings
                0x000017b4                CapSense_widgetResolution
                0x000017b8                CapSense_widgetNumber
                0x000017c0                CapSense_PrtSelTbl
                0x000017d0                CapSense_PrtCfgTbl
                0x000017e0                CapSense_PrtDRTbl
 .rodata        0x000017f0       0x20 .\CortexM0\ARM_GCC_441\Debug\CapSense.a(CapSense_CSHL.o)
                0x000017f0                CapSense_fingerThreshold
                0x000017f4                CapSense_noiseThreshold
                0x000017f8                CapSense_hysteresis
                0x000017fc                CapSense_debounce
                0x00001800                CapSense_rawDataIndex
                0x00001804                CapSense_numberOfSensors
                0x00001808                CapSense_centroidMult
                0x0000180c                CapSense_posFiltersMask
 .rodata        0x00001810       0x6c .\CortexM0\ARM_GCC_441\Debug\CapSense.a(cyfitter_cfg.o)
                0x0000187c                . = ALIGN (0x4)
 *(.init)
 .init          0x0000187c        0x4 c:/program files (x86)/cypress/psoc creator/2.2/psoc creator/import/gnu_cs/arm/4.4.1/bin/../lib/gcc/arm-none-eabi/4.4.1/armv6-m/crti.o
                0x0000187c                _init
 .init          0x00001880        0x8 c:/program files (x86)/cypress/psoc creator/2.2/psoc creator/import/gnu_cs/arm/4.4.1/bin/../lib/gcc/arm-none-eabi/4.4.1/armv6-m/crtn.o
                0x00001888                . = ALIGN (0x4)
                0x00001888                __preinit_array_start = .
 *(.preinit_array)
                0x00001888                __preinit_array_end = .
                0x00001888                . = ALIGN (0x4)
                0x00001888                __init_array_start = .
 *(SORT(.init_array.*))
 *(.init_array)
 .init_array    0x00001888        0x4 c:/program files (x86)/cypress/psoc creator/2.2/psoc creator/import/gnu_cs/arm/4.4.1/bin/../lib/gcc/arm-none-eabi/4.4.1/armv6-m/crtbegin.o
 .init_array    0x0000188c        0x4 .\CortexM0\ARM_GCC_441\Debug\Cm0Start.o
                0x00001890                __init_array_end = .
                0x00001890                . = ALIGN (0x4)
 *(.fini)
 .fini          0x00001890        0x4 c:/program files (x86)/cypress/psoc creator/2.2/psoc creator/import/gnu_cs/arm/4.4.1/bin/../lib/gcc/arm-none-eabi/4.4.1/armv6-m/crti.o
                0x00001890                _fini
 .fini          0x00001894        0x8 c:/program files (x86)/cypress/psoc creator/2.2/psoc creator/import/gnu_cs/arm/4.4.1/bin/../lib/gcc/arm-none-eabi/4.4.1/armv6-m/crtn.o
                0x0000189c                . = ALIGN (0x4)
                0x0000189c                __fini_array_start = .
 *(.fini_array)
 .fini_array    0x0000189c        0x4 c:/program files (x86)/cypress/psoc creator/2.2/psoc creator/import/gnu_cs/arm/4.4.1/bin/../lib/gcc/arm-none-eabi/4.4.1/armv6-m/crtbegin.o
 *(SORT(.fini_array.*))
                0x000018a0                __fini_array_end = .
                0x000018a0                . = ALIGN (0x4)
 *crtbegin.o(.ctors)
 *(EXCLUDE_FILE(*crtend.o) .ctors)
 *(SORT(.ctors.*))
 *crtend.o(.ctors)
                0x000018a0                . = ALIGN (0x4)
 *crtbegin.o(.dtors)
 *(EXCLUDE_FILE(*crtend.o) .dtors)
 *(SORT(.dtors.*))
 *crtend.o(.dtors)
                0x000018a0                . = ALIGN (0x4)
                0x000018a0                __cs3_regions = .
                0x000018a0        0x4 LONG 0x0
                0x000018a4        0x4 LONG 0x18b8 __cs3_region_init_ram
                0x000018a8        0x4 LONG 0x200000c8 __cs3_region_start_data
                0x000018ac        0x4 LONG 0x38 __cs3_region_init_size_ram
                0x000018b0        0x4 LONG 0x60 __cs3_region_zero_size_ram
                0x000018b4                __cs3_regions_end = .
                0x000018b8                . = ALIGN (0x8)
 *fill*         0x000018b4        0x4 00
                0x000018b8                _etext = .

.ramvectors     0x20000000       0xc0
                0x20000000                __cs3_region_start_ram = .
 *(.cs3.region-head.ram)
                0x20000001                ASSERT ((. == __cs3_region_start_ram), .cs3.region-head.ram not permitted)
 *(.ramvectors)
 .ramvectors    0x20000000       0xc0 .\CortexM0\ARM_GCC_441\Debug\Cm0Start.o
                0x20000000                CyRamVectors

.noinit         0x200000c0        0x4
 *(.noinit)
 .noinit        0x200000c0        0x4 .\CortexM0\ARM_GCC_441\Debug\Cm0Start.o

.data           0x200000c8       0x38 load address 0x000018b8
                0x200000c8                __cs3_region_start_data = .
 *(.jcr)
 .jcr           0x200000c8        0x0 c:/program files (x86)/cypress/psoc creator/2.2/psoc creator/import/gnu_cs/arm/4.4.1/bin/../lib/gcc/arm-none-eabi/4.4.1/armv6-m/crtbegin.o
 .jcr           0x200000c8        0x4 c:/program files (x86)/cypress/psoc creator/2.2/psoc creator/import/gnu_cs/arm/4.4.1/bin/../lib/gcc/arm-none-eabi/4.4.1/armv6-m/crtend.o
 *(.got.plt)
 *(.got)
 *(.shdata)
 *(.data .data.* .gnu.linkonce.d.*)
 .data          0x200000cc       0x1c .\CortexM0\ARM_GCC_441\Debug\CapSense.a(CapSense.o)
                0x200000cc                CapSense_SensorEnableMask
                0x200000d0                CapSense_pcTable
                0x200000e4                CapSense_Clk1DividerVal
                0x200000e5                CapSense_Clk2DividerVal
 .data          0x200000e8        0x4 .\CortexM0\ARM_GCC_441\Debug\CapSense.a(CapSense_CSHL.o)
                0x200000e8                CapSense_posFiltersData
 .data          0x200000ec       0x10 .\CortexM0\ARM_GCC_441\Debug\CapSense.a(CyLib.o)
                0x200000ec                cydelayFreqHz
                0x200000f0                cydelayFreqKhz
                0x200000f4                cydelayFreqMhz
                0x200000f8                cydelay32kMs
 .data          0x200000fc        0x4 .\CortexM0\ARM_GCC_441\Debug\CapSense.a(cyfitter_cfg.o)
                0x20000100                . = ALIGN (0x8)
 *(.ram)
                0x20000100                _edata = .

.bss            0x20000100       0x60 load address 0x000018f0
 *(.shbss)
 *(.bss .bss.* .gnu.linkonce.b.*)
 .bss           0x20000100        0x1 c:/program files (x86)/cypress/psoc creator/2.2/psoc creator/import/gnu_cs/arm/4.4.1/bin/../lib/gcc/arm-none-eabi/4.4.1/armv6-m/crtbegin.o
 *fill*         0x20000101        0x3 00
 .bss           0x20000104       0x24 .\CortexM0\ARM_GCC_441\Debug\CapSense.a(CapSense.o)
                0x20000104                CapSense_initVar
                0x20000105                CapSense_csv
                0x20000106                CapSense_sensorIndex
                0x20000108                CapSense_SensorRaw
                0x20000114                CapSense_PRSResolutionTbl
 .bss           0x20000128       0x28 .\CortexM0\ARM_GCC_441\Debug\CapSense.a(CapSense_CSHL.o)
                0x20000128                CapSense_SensorBaseline
                0x20000134                CapSense_SensorBaselineLow
                0x2000013c                CapSense_SensorSignal
                0x20000144                CapSense_SensorOnMask
                0x2000014c                CapSense_debounceCounter
 .bss           0x20000150        0x1 .\CortexM0\ARM_GCC_441\Debug\CapSense.a(PWM.o)
                0x20000150                PWM_initVar
 *(COMMON)
 *fill*         0x20000151        0x3 00
 COMMON         0x20000154        0x5 .\CortexM0\ARM_GCC_441\Debug\CapSense.a(CapSense_CSHL.o)
                0x20000154                CapSense_LowBaselineResetCnt
                0x20000160                . = ALIGN (0x8)
 *fill*         0x20000159        0x7 00
 *(.ram.b)
                0x20000160                _end = .
                0x20000160                __end = .
                0x20000b00                __cs3_region_end_ram = (__cs3_region_start_ram + 0xb00)
                0x00000b00                __cs3_region_size_ram = 0xb00
                0x000018b8                __cs3_region_init_ram = LOADADDR (.data)
                0x00000038                __cs3_region_init_size_ram = (_edata - ADDR (.data))
                0x00000060                __cs3_region_zero_size_ram = (_end - _edata)

.stab
 *(.stab)

.stabstr
 *(.stabstr)

.debug
 *(.debug)

.line
 *(.line)

.debug_srcinfo
 *(.debug_srcinfo)

.debug_sfnames
 *(.debug_sfnames)

.comment        0x00000000      0x1d9
 .comment       0x00000000       0x2b .\CortexM0\ARM_GCC_441\Debug\main.o
 .comment       0x0000002b       0x2b .\CortexM0\ARM_GCC_441\Debug\Cm0Start.o
 .comment       0x00000056       0x2b .\CortexM0\ARM_GCC_441\Debug\CapSense.a(CapSense.o)
 .comment       0x00000081       0x2b .\CortexM0\ARM_GCC_441\Debug\CapSense.a(CapSense_CSHL.o)
 .comment       0x000000ac       0x2b .\CortexM0\ARM_GCC_441\Debug\CapSense.a(CapSense_INT.o)
 .comment       0x000000d7       0x2b .\CortexM0\ARM_GCC_441\Debug\CapSense.a(PWM.o)
 .comment       0x00000102       0x2b .\CortexM0\ARM_GCC_441\Debug\CapSense.a(Clock.o)
 .comment       0x0000012d       0x2b .\CortexM0\ARM_GCC_441\Debug\CapSense.a(CapSense_CSD_Clk1.o)
 .comment       0x00000158       0x2b .\CortexM0\ARM_GCC_441\Debug\CapSense.a(CapSense_CSD_Clk2.o)
 .comment       0x00000183       0x2b .\CortexM0\ARM_GCC_441\Debug\CapSense.a(CyLib.o)
 .comment       0x000001ae       0x2b .\CortexM0\ARM_GCC_441\Debug\CapSense.a(cyfitter_cfg.o)

.debug_aranges  0x00000000      0x5d0
 *(.debug_aranges)
 .debug_aranges
                0x00000000       0x20 .\CortexM0\ARM_GCC_441\Debug\main.o
 .debug_aranges
                0x00000020       0x30 .\CortexM0\ARM_GCC_441\Debug\Cm0Start.o
 .debug_aranges
                0x00000050       0xa8 .\CortexM0\ARM_GCC_441\Debug\CapSense.a(CapSense.o)
 .debug_aranges
                0x000000f8       0x90 .\CortexM0\ARM_GCC_441\Debug\CapSense.a(CapSense_CSHL.o)
 .debug_aranges
                0x00000188       0x20 .\CortexM0\ARM_GCC_441\Debug\CapSense.a(CapSense_INT.o)
 .debug_aranges
                0x000001a8      0x158 .\CortexM0\ARM_GCC_441\Debug\CapSense.a(PWM.o)
 .debug_aranges
                0x00000300       0x40 .\CortexM0\ARM_GCC_441\Debug\CapSense.a(Clock.o)
 .debug_aranges
                0x00000340       0x40 .\CortexM0\ARM_GCC_441\Debug\CapSense.a(CapSense_CSD_Clk1.o)
 .debug_aranges
                0x00000380       0x40 .\CortexM0\ARM_GCC_441\Debug\CapSense.a(CapSense_CSD_Clk2.o)
 .debug_aranges
                0x000003c0       0x20 .\CortexM0\ARM_GCC_441\Debug\CapSense.a(CyBootAsmGnu.o)
 .debug_aranges
                0x000003e0      0x198 .\CortexM0\ARM_GCC_441\Debug\CapSense.a(CyLib.o)
 .debug_aranges
                0x00000578       0x58 .\CortexM0\ARM_GCC_441\Debug\CapSense.a(cyfitter_cfg.o)

.debug_pubnames
                0x00000000     0x121e
 *(.debug_pubnames)
 .debug_pubnames
                0x00000000       0x1b .\CortexM0\ARM_GCC_441\Debug\main.o
 .debug_pubnames
                0x0000001b       0x66 .\CortexM0\ARM_GCC_441\Debug\Cm0Start.o
 .debug_pubnames
                0x00000081      0x3b0 .\CortexM0\ARM_GCC_441\Debug\CapSense.a(CapSense.o)
 .debug_pubnames
                0x00000431      0x37f .\CortexM0\ARM_GCC_441\Debug\CapSense.a(CapSense_CSHL.o)
 .debug_pubnames
                0x000007b0       0x23 .\CortexM0\ARM_GCC_441\Debug\CapSense.a(CapSense_INT.o)
 .debug_pubnames
                0x000007d3      0x36c .\CortexM0\ARM_GCC_441\Debug\CapSense.a(PWM.o)
 .debug_pubnames
                0x00000b3f       0x9c .\CortexM0\ARM_GCC_441\Debug\CapSense.a(Clock.o)
 .debug_pubnames
                0x00000bdb       0xd8 .\CortexM0\ARM_GCC_441\Debug\CapSense.a(CapSense_CSD_Clk1.o)
 .debug_pubnames
                0x00000cb3       0xd8 .\CortexM0\ARM_GCC_441\Debug\CapSense.a(CapSense_CSD_Clk2.o)
 .debug_pubnames
                0x00000d8b      0x470 .\CortexM0\ARM_GCC_441\Debug\CapSense.a(CyLib.o)
 .debug_pubnames
                0x000011fb       0x23 .\CortexM0\ARM_GCC_441\Debug\CapSense.a(cyfitter_cfg.o)

.debug_info     0x00000000     0x2be6
 *(.debug_info .gnu.linkonce.wi.*)
 .debug_info    0x00000000       0xc4 .\CortexM0\ARM_GCC_441\Debug\main.o
 .debug_info    0x000000c4      0x150 .\CortexM0\ARM_GCC_441\Debug\Cm0Start.o
 .debug_info    0x00000214      0x674 .\CortexM0\ARM_GCC_441\Debug\CapSense.a(CapSense.o)
 .debug_info    0x00000888      0x827 .\CortexM0\ARM_GCC_441\Debug\CapSense.a(CapSense_CSHL.o)
 .debug_info    0x000010af       0xda .\CortexM0\ARM_GCC_441\Debug\CapSense.a(CapSense_INT.o)
 .debug_info    0x00001189      0x782 .\CortexM0\ARM_GCC_441\Debug\CapSense.a(PWM.o)
 .debug_info    0x0000190b      0x154 .\CortexM0\ARM_GCC_441\Debug\CapSense.a(Clock.o)
 .debug_info    0x00001a5f      0x154 .\CortexM0\ARM_GCC_441\Debug\CapSense.a(CapSense_CSD_Clk1.o)
 .debug_info    0x00001bb3      0x154 .\CortexM0\ARM_GCC_441\Debug\CapSense.a(CapSense_CSD_Clk2.o)
 .debug_info    0x00001d07       0x80 .\CortexM0\ARM_GCC_441\Debug\CapSense.a(CyBootAsmGnu.o)
 .debug_info    0x00001d87      0xa16 .\CortexM0\ARM_GCC_441\Debug\CapSense.a(CyLib.o)
 .debug_info    0x0000279d      0x449 .\CortexM0\ARM_GCC_441\Debug\CapSense.a(cyfitter_cfg.o)

.debug_abbrev   0x00000000      0x96b
 *(.debug_abbrev)
 .debug_abbrev  0x00000000       0x64 .\CortexM0\ARM_GCC_441\Debug\main.o
 .debug_abbrev  0x00000064       0xcc .\CortexM0\ARM_GCC_441\Debug\Cm0Start.o
 .debug_abbrev  0x00000130      0x11a .\CortexM0\ARM_GCC_441\Debug\CapSense.a(CapSense.o)
 .debug_abbrev  0x0000024a      0x12c .\CortexM0\ARM_GCC_441\Debug\CapSense.a(CapSense_CSHL.o)
 .debug_abbrev  0x00000376       0x80 .\CortexM0\ARM_GCC_441\Debug\CapSense.a(CapSense_INT.o)
 .debug_abbrev  0x000003f6       0xda .\CortexM0\ARM_GCC_441\Debug\CapSense.a(PWM.o)
 .debug_abbrev  0x000004d0       0x9a .\CortexM0\ARM_GCC_441\Debug\CapSense.a(Clock.o)
 .debug_abbrev  0x0000056a       0x9a .\CortexM0\ARM_GCC_441\Debug\CapSense.a(CapSense_CSD_Clk1.o)
 .debug_abbrev  0x00000604       0x9a .\CortexM0\ARM_GCC_441\Debug\CapSense.a(CapSense_CSD_Clk2.o)
 .debug_abbrev  0x0000069e       0x14 .\CortexM0\ARM_GCC_441\Debug\CapSense.a(CyBootAsmGnu.o)
 .debug_abbrev  0x000006b2      0x14f .\CortexM0\ARM_GCC_441\Debug\CapSense.a(CyLib.o)
 .debug_abbrev  0x00000801      0x16a .\CortexM0\ARM_GCC_441\Debug\CapSense.a(cyfitter_cfg.o)

.debug_line     0x00000000     0x12a3
 *(.debug_line)
 .debug_line    0x00000000       0x73 .\CortexM0\ARM_GCC_441\Debug\main.o
 .debug_line    0x00000073       0xaa .\CortexM0\ARM_GCC_441\Debug\Cm0Start.o
 .debug_line    0x0000011d      0x223 .\CortexM0\ARM_GCC_441\Debug\CapSense.a(CapSense.o)
 .debug_line    0x00000340      0x25e .\CortexM0\ARM_GCC_441\Debug\CapSense.a(CapSense_CSHL.o)
 .debug_line    0x0000059e       0x8a .\CortexM0\ARM_GCC_441\Debug\CapSense.a(CapSense_INT.o)
 .debug_line    0x00000628      0x389 .\CortexM0\ARM_GCC_441\Debug\CapSense.a(PWM.o)
 .debug_line    0x000009b1       0xc3 .\CortexM0\ARM_GCC_441\Debug\CapSense.a(Clock.o)
 .debug_line    0x00000a74       0xcf .\CortexM0\ARM_GCC_441\Debug\CapSense.a(CapSense_CSD_Clk1.o)
 .debug_line    0x00000b43       0xcf .\CortexM0\ARM_GCC_441\Debug\CapSense.a(CapSense_CSD_Clk2.o)
 .debug_line    0x00000c12       0x68 .\CortexM0\ARM_GCC_441\Debug\CapSense.a(CyBootAsmGnu.o)
 .debug_line    0x00000c7a      0x476 .\CortexM0\ARM_GCC_441\Debug\CapSense.a(CyLib.o)
 .debug_line    0x000010f0      0x1b3 .\CortexM0\ARM_GCC_441\Debug\CapSense.a(cyfitter_cfg.o)

.debug_frame    0x00000000     0x13b8
 *(.debug_frame)
 .debug_frame   0x00000000       0x30 .\CortexM0\ARM_GCC_441\Debug\main.o
 .debug_frame   0x00000030       0x5c .\CortexM0\ARM_GCC_441\Debug\Cm0Start.o
 .debug_frame   0x0000008c      0x240 .\CortexM0\ARM_GCC_441\Debug\CapSense.a(CapSense.o)
 .debug_frame   0x000002cc      0x1f8 .\CortexM0\ARM_GCC_441\Debug\CapSense.a(CapSense_CSHL.o)
 .debug_frame   0x000004c4       0x30 .\CortexM0\ARM_GCC_441\Debug\CapSense.a(CapSense_INT.o)
 .debug_frame   0x000004f4      0x4e0 .\CortexM0\ARM_GCC_441\Debug\CapSense.a(PWM.o)
 .debug_frame   0x000009d4       0xa0 .\CortexM0\ARM_GCC_441\Debug\CapSense.a(Clock.o)
 .debug_frame   0x00000a74       0xa0 .\CortexM0\ARM_GCC_441\Debug\CapSense.a(CapSense_CSD_Clk1.o)
 .debug_frame   0x00000b14       0xa0 .\CortexM0\ARM_GCC_441\Debug\CapSense.a(CapSense_CSD_Clk2.o)
 .debug_frame   0x00000bb4      0x5ec .\CortexM0\ARM_GCC_441\Debug\CapSense.a(CyLib.o)
 .debug_frame   0x000011a0      0x108 .\CortexM0\ARM_GCC_441\Debug\CapSense.a(cyfitter_cfg.o)
 .debug_frame   0x000012a8       0x20 c:/program files (x86)/cypress/psoc creator/2.2/psoc creator/import/gnu_cs/arm/4.4.1/bin/../lib/gcc/arm-none-eabi/4.4.1/armv6-m\libgcc.a(_udivsi3.o)
 .debug_frame   0x000012c8       0x20 c:/program files (x86)/cypress/psoc creator/2.2/psoc creator/import/gnu_cs/arm/4.4.1/bin/../lib/gcc/arm-none-eabi/4.4.1/armv6-m\libgcc.a(_divsi3.o)
 .debug_frame   0x000012e8       0x30 c:/program files (x86)/cypress/psoc creator/2.2/psoc creator/import/gnu_cs/arm/4.4.1/bin/../lib/gcc/arm-none-eabi/4.4.1/../../../../arm-none-eabi/lib/armv6-m\libc.a(lib_a-memcpy.o)
 .debug_frame   0x00001318       0x2c c:/program files (x86)/cypress/psoc creator/2.2/psoc creator/import/gnu_cs/arm/4.4.1/bin/../lib/gcc/arm-none-eabi/4.4.1/../../../../arm-none-eabi/lib/armv6-m\libc.a(lib_a-memset.o)
 .debug_frame   0x00001344       0x48 c:/program files (x86)/cypress/psoc creator/2.2/psoc creator/import/gnu_cs/arm/4.4.1/bin/../lib/gcc/arm-none-eabi/4.4.1/../../../../arm-none-eabi/lib/armv6-m\libcs3.a(start_c.o)
 .debug_frame   0x0000138c       0x2c c:/program files (x86)/cypress/psoc creator/2.2/psoc creator/import/gnu_cs/arm/4.4.1/bin/../lib/gcc/arm-none-eabi/4.4.1/../../../../arm-none-eabi/lib/armv6-m\libc.a(lib_a-init.o)

.debug_str      0x00000000     0x15b9
 *(.debug_str)
 .debug_str     0x00000000       0xc9 .\CortexM0\ARM_GCC_441\Debug\main.o
                                0x102 (size before relaxing)
 .debug_str     0x000000c9       0x91 .\CortexM0\ARM_GCC_441\Debug\Cm0Start.o
                                0x168 (size before relaxing)
 .debug_str     0x0000015a      0x3c6 .\CortexM0\ARM_GCC_441\Debug\CapSense.a(CapSense.o)
                                0x4b6 (size before relaxing)
 .debug_str     0x00000520      0x3eb .\CortexM0\ARM_GCC_441\Debug\CapSense.a(CapSense_CSHL.o)
                                0x580 (size before relaxing)
 .debug_str     0x0000090b       0x35 .\CortexM0\ARM_GCC_441\Debug\CapSense.a(CapSense_INT.o)
                                0x13d (size before relaxing)
 .debug_str     0x00000940      0x399 .\CortexM0\ARM_GCC_441\Debug\CapSense.a(PWM.o)
                                0x482 (size before relaxing)
 .debug_str     0x00000cd9       0xbf .\CortexM0\ARM_GCC_441\Debug\CapSense.a(Clock.o)
                                0x1a4 (size before relaxing)
 .debug_str     0x00000d98       0xdf .\CortexM0\ARM_GCC_441\Debug\CapSense.a(CapSense_CSD_Clk1.o)
                                0x1ec (size before relaxing)
 .debug_str     0x00000e77       0xdf .\CortexM0\ARM_GCC_441\Debug\CapSense.a(CapSense_CSD_Clk2.o)
                                0x1ec (size before relaxing)
 .debug_str     0x00000f56      0x4d5 .\CortexM0\ARM_GCC_441\Debug\CapSense.a(CyLib.o)
                                0x5e8 (size before relaxing)
 .debug_str     0x0000142b      0x18e .\CortexM0\ARM_GCC_441\Debug\CapSense.a(cyfitter_cfg.o)
                                0x2af (size before relaxing)

.debug_loc      0x00000000     0x1dbc
 *(.debug_loc)
 .debug_loc     0x00000000       0x37 .\CortexM0\ARM_GCC_441\Debug\main.o
 .debug_loc     0x00000037       0x62 .\CortexM0\ARM_GCC_441\Debug\Cm0Start.o
 .debug_loc     0x00000099      0x396 .\CortexM0\ARM_GCC_441\Debug\CapSense.a(CapSense.o)
 .debug_loc     0x0000042f      0x339 .\CortexM0\ARM_GCC_441\Debug\CapSense.a(CapSense_CSHL.o)
 .debug_loc     0x00000768       0x37 .\CortexM0\ARM_GCC_441\Debug\CapSense.a(CapSense_INT.o)
 .debug_loc     0x0000079f      0x808 .\CortexM0\ARM_GCC_441\Debug\CapSense.a(PWM.o)
 .debug_loc     0x00000fa7       0xe3 .\CortexM0\ARM_GCC_441\Debug\CapSense.a(Clock.o)
 .debug_loc     0x0000108a       0xe3 .\CortexM0\ARM_GCC_441\Debug\CapSense.a(CapSense_CSD_Clk1.o)
 .debug_loc     0x0000116d       0xe3 .\CortexM0\ARM_GCC_441\Debug\CapSense.a(CapSense_CSD_Clk2.o)
 .debug_loc     0x00001250      0x9cc .\CortexM0\ARM_GCC_441\Debug\CapSense.a(CyLib.o)
 .debug_loc     0x00001c1c      0x1a0 .\CortexM0\ARM_GCC_441\Debug\CapSense.a(cyfitter_cfg.o)

.debug_macinfo
 *(.debug_macinfo)

.debug_ranges   0x00000000      0x558
 *(.debug_ranges)
 .debug_ranges  0x00000000       0x18 .\CortexM0\ARM_GCC_441\Debug\main.o
 .debug_ranges  0x00000018       0x28 .\CortexM0\ARM_GCC_441\Debug\Cm0Start.o
 .debug_ranges  0x00000040       0xa0 .\CortexM0\ARM_GCC_441\Debug\CapSense.a(CapSense.o)
 .debug_ranges  0x000000e0       0x88 .\CortexM0\ARM_GCC_441\Debug\CapSense.a(CapSense_CSHL.o)
 .debug_ranges  0x00000168       0x18 .\CortexM0\ARM_GCC_441\Debug\CapSense.a(CapSense_INT.o)
 .debug_ranges  0x00000180      0x150 .\CortexM0\ARM_GCC_441\Debug\CapSense.a(PWM.o)
 .debug_ranges  0x000002d0       0x38 .\CortexM0\ARM_GCC_441\Debug\CapSense.a(Clock.o)
 .debug_ranges  0x00000308       0x38 .\CortexM0\ARM_GCC_441\Debug\CapSense.a(CapSense_CSD_Clk1.o)
 .debug_ranges  0x00000340       0x38 .\CortexM0\ARM_GCC_441\Debug\CapSense.a(CapSense_CSD_Clk2.o)
 .debug_ranges  0x00000378      0x190 .\CortexM0\ARM_GCC_441\Debug\CapSense.a(CyLib.o)
 .debug_ranges  0x00000508       0x50 .\CortexM0\ARM_GCC_441\Debug\CapSense.a(cyfitter_cfg.o)

.debug_weaknames
 *(.debug_weaknames)

.debug_funcnames
 *(.debug_funcnames)

.debug_typenames
 *(.debug_typenames)

.debug_varnames
 *(.debug_varnames)

.note.gnu.arm.ident
 *(.note.gnu.arm.ident)

.ARM.attributes
                0x00000000       0x29
 *(.ARM.attributes)
 .ARM.attributes
                0x00000000       0x1d c:/program files (x86)/cypress/psoc creator/2.2/psoc creator/import/gnu_cs/arm/4.4.1/bin/../lib/gcc/arm-none-eabi/4.4.1/armv6-m/crti.o
 .ARM.attributes
                0x0000001d       0x2d c:/program files (x86)/cypress/psoc creator/2.2/psoc creator/import/gnu_cs/arm/4.4.1/bin/../lib/gcc/arm-none-eabi/4.4.1/armv6-m/crtbegin.o
 .ARM.attributes
                0x0000004a       0x33 .\CortexM0\ARM_GCC_441\Debug\main.o
 .ARM.attributes
                0x0000007d       0x33 .\CortexM0\ARM_GCC_441\Debug\Cm0Start.o
 .ARM.attributes
                0x000000b0       0x33 .\CortexM0\ARM_GCC_441\Debug\CapSense.a(CapSense.o)
 .ARM.attributes
                0x000000e3       0x33 .\CortexM0\ARM_GCC_441\Debug\CapSense.a(CapSense_CSHL.o)
 .ARM.attributes
                0x00000116       0x33 .\CortexM0\ARM_GCC_441\Debug\CapSense.a(CapSense_INT.o)
 .ARM.attributes
                0x00000149       0x33 .\CortexM0\ARM_GCC_441\Debug\CapSense.a(PWM.o)
 .ARM.attributes
                0x0000017c       0x33 .\CortexM0\ARM_GCC_441\Debug\CapSense.a(Clock.o)
 .ARM.attributes
                0x000001af       0x33 .\CortexM0\ARM_GCC_441\Debug\CapSense.a(CapSense_CSD_Clk1.o)
 .ARM.attributes
                0x000001e2       0x33 .\CortexM0\ARM_GCC_441\Debug\CapSense.a(CapSense_CSD_Clk2.o)
 .ARM.attributes
                0x00000215       0x23 .\CortexM0\ARM_GCC_441\Debug\CapSense.a(CyBootAsmGnu.o)
 .ARM.attributes
                0x00000238       0x33 .\CortexM0\ARM_GCC_441\Debug\CapSense.a(CyLib.o)
 .ARM.attributes
                0x0000026b       0x33 .\CortexM0\ARM_GCC_441\Debug\CapSense.a(cyfitter_cfg.o)
 .ARM.attributes
                0x0000029e       0x1f c:/program files (x86)/cypress/psoc creator/2.2/psoc creator/import/gnu_cs/arm/4.4.1/bin/../lib/gcc/arm-none-eabi/4.4.1/armv6-m\libgcc.a(_udivsi3.o)
 .ARM.attributes
                0x000002bd       0x1f c:/program files (x86)/cypress/psoc creator/2.2/psoc creator/import/gnu_cs/arm/4.4.1/bin/../lib/gcc/arm-none-eabi/4.4.1/armv6-m\libgcc.a(_divsi3.o)
 .ARM.attributes
                0x000002dc       0x1f c:/program files (x86)/cypress/psoc creator/2.2/psoc creator/import/gnu_cs/arm/4.4.1/bin/../lib/gcc/arm-none-eabi/4.4.1/armv6-m\libgcc.a(_dvmd_tls.o)
 .ARM.attributes
                0x000002fb       0x2d c:/program files (x86)/cypress/psoc creator/2.2/psoc creator/import/gnu_cs/arm/4.4.1/bin/../lib/gcc/arm-none-eabi/4.4.1/../../../../arm-none-eabi/lib/armv6-m\libc.a(lib_a-memcpy.o)
 .ARM.attributes
                0x00000328       0x2d c:/program files (x86)/cypress/psoc creator/2.2/psoc creator/import/gnu_cs/arm/4.4.1/bin/../lib/gcc/arm-none-eabi/4.4.1/../../../../arm-none-eabi/lib/armv6-m\libc.a(lib_a-memset.o)
 .ARM.attributes
                0x00000355       0x2d c:/program files (x86)/cypress/psoc creator/2.2/psoc creator/import/gnu_cs/arm/4.4.1/bin/../lib/gcc/arm-none-eabi/4.4.1/armv6-m/crtend.o
 .ARM.attributes
                0x00000382       0x1d c:/program files (x86)/cypress/psoc creator/2.2/psoc creator/import/gnu_cs/arm/4.4.1/bin/../lib/gcc/arm-none-eabi/4.4.1/armv6-m/crtn.o
 .ARM.attributes
                0x0000039f       0x2d c:/program files (x86)/cypress/psoc creator/2.2/psoc creator/import/gnu_cs/arm/4.4.1/bin/../lib/gcc/arm-none-eabi/4.4.1/../../../../arm-none-eabi/lib/armv6-m\libcs3.a(start_c.o)
 .ARM.attributes
                0x000003cc       0x1d c:/program files (x86)/cypress/psoc creator/2.2/psoc creator/import/gnu_cs/arm/4.4.1/bin/../lib/gcc/arm-none-eabi/4.4.1/../../../../arm-none-eabi/lib/armv6-m\libcs3micro.a(micro_isr_interrupt.o)
 .ARM.attributes
                0x000003e9       0x2d c:/program files (x86)/cypress/psoc creator/2.2/psoc creator/import/gnu_cs/arm/4.4.1/bin/../lib/gcc/arm-none-eabi/4.4.1/../../../../arm-none-eabi/lib/armv6-m\libc.a(lib_a-init.o)

/DISCARD/
 *(.note.GNU-stack)
OUTPUT(.\CortexM0\ARM_GCC_441\Debug\CapSense.elf elf32-littlearm)
