Archive member included because of file (symbol)

.\CortexM0\ARM_GCC_441\Debug\Comparator_PSoC4_Example01.a(Comp.o)
                              .\CortexM0\ARM_GCC_441\Debug\main.o (Comp_Start)
.\CortexM0\ARM_GCC_441\Debug\Comparator_PSoC4_Example01.a(CyLib.o)
                              .\CortexM0\ARM_GCC_441\Debug\Comparator_PSoC4_Example01.a(Comp.o) (CyDelayUs)
.\CortexM0\ARM_GCC_441\Debug\Comparator_PSoC4_Example01.a(UART.o)
                              .\CortexM0\ARM_GCC_441\Debug\main.o (UART_Start)
.\CortexM0\ARM_GCC_441\Debug\Comparator_PSoC4_Example01.a(UART_UART.o)
                              .\CortexM0\ARM_GCC_441\Debug\Comparator_PSoC4_Example01.a(UART.o) (UART_UartInit)
.\CortexM0\ARM_GCC_441\Debug\Comparator_PSoC4_Example01.a(cyfitter_cfg.o)
                              .\CortexM0\ARM_GCC_441\Debug\Cm0Start.o (cyfitter_cfg)
.\CortexM0\ARM_GCC_441\Debug\Comparator_PSoC4_Example01.a(CyBootAsmGnu.o)
                              .\CortexM0\ARM_GCC_441\Debug\Comparator_PSoC4_Example01.a(CyLib.o) (CyDelayCycles)
.\CortexM0\ARM_GCC_441\Debug\Comparator_PSoC4_Example01.a(UART_SPI_UART.o)
                              .\CortexM0\ARM_GCC_441\Debug\Comparator_PSoC4_Example01.a(UART_UART.o) (UART_SpiUartReadRxData)
c:/program files/cypress/psoc creator/2.2/psoc creator/import/gnu_cs/arm/4.4.1/bin/../lib/gcc/arm-none-eabi/4.4.1/armv6-m\libgcc.a(_udivsi3.o)
                              .\CortexM0\ARM_GCC_441\Debug\Comparator_PSoC4_Example01.a(CyLib.o) (__aeabi_uidiv)
c:/program files/cypress/psoc creator/2.2/psoc creator/import/gnu_cs/arm/4.4.1/bin/../lib/gcc/arm-none-eabi/4.4.1/armv6-m\libgcc.a(_dvmd_tls.o)
                              c:/program files/cypress/psoc creator/2.2/psoc creator/import/gnu_cs/arm/4.4.1/bin/../lib/gcc/arm-none-eabi/4.4.1/armv6-m\libgcc.a(_udivsi3.o) (__aeabi_idiv0)
c:/program files/cypress/psoc creator/2.2/psoc creator/import/gnu_cs/arm/4.4.1/bin/../lib/gcc/arm-none-eabi/4.4.1/../../../../arm-none-eabi/lib/armv6-m\libc.a(lib_a-memcpy.o)
                              .\CortexM0\ARM_GCC_441\Debug\Comparator_PSoC4_Example01.a(cyfitter_cfg.o) (memcpy)
c:/program files/cypress/psoc creator/2.2/psoc creator/import/gnu_cs/arm/4.4.1/bin/../lib/gcc/arm-none-eabi/4.4.1/../../../../arm-none-eabi/lib/armv6-m\libc.a(lib_a-memset.o)
                              .\CortexM0\ARM_GCC_441\Debug\Comparator_PSoC4_Example01.a(cyfitter_cfg.o) (memset)
c:/program files/cypress/psoc creator/2.2/psoc creator/import/gnu_cs/arm/4.4.1/bin/../lib/gcc/arm-none-eabi/4.4.1/../../../../arm-none-eabi/lib/armv6-m\libcs3.a(start_c.o)
                              (__cs3_start_c)
c:/program files/cypress/psoc creator/2.2/psoc creator/import/gnu_cs/arm/4.4.1/bin/../lib/gcc/arm-none-eabi/4.4.1/../../../../arm-none-eabi/lib/armv6-m\libcs3micro.a(micro_isr_interrupt.o)
                              (__cs3_isr_nmi)
c:/program files/cypress/psoc creator/2.2/psoc creator/import/gnu_cs/arm/4.4.1/bin/../lib/gcc/arm-none-eabi/4.4.1/../../../../arm-none-eabi/lib/armv6-m\libc.a(lib_a-init.o)
                              c:/program files/cypress/psoc creator/2.2/psoc creator/import/gnu_cs/arm/4.4.1/bin/../lib/gcc/arm-none-eabi/4.4.1/../../../../arm-none-eabi/lib/armv6-m\libcs3.a(start_c.o) (__libc_init_array)

Discarded input sections

 .text          0x00000000        0x0 c:/program files/cypress/psoc creator/2.2/psoc creator/import/gnu_cs/arm/4.4.1/bin/../lib/gcc/arm-none-eabi/4.4.1/armv6-m/crti.o
 .data          0x00000000        0x0 c:/program files/cypress/psoc creator/2.2/psoc creator/import/gnu_cs/arm/4.4.1/bin/../lib/gcc/arm-none-eabi/4.4.1/armv6-m/crti.o
 .bss           0x00000000        0x0 c:/program files/cypress/psoc creator/2.2/psoc creator/import/gnu_cs/arm/4.4.1/bin/../lib/gcc/arm-none-eabi/4.4.1/armv6-m/crti.o
 .data          0x00000000        0x4 c:/program files/cypress/psoc creator/2.2/psoc creator/import/gnu_cs/arm/4.4.1/bin/../lib/gcc/arm-none-eabi/4.4.1/armv6-m/crtbegin.o
 .text          0x00000000        0x0 .\CortexM0\ARM_GCC_441\Debug\main.o
 .data          0x00000000        0x0 .\CortexM0\ARM_GCC_441\Debug\main.o
 .bss           0x00000000        0x0 .\CortexM0\ARM_GCC_441\Debug\main.o
 .text          0x00000000        0x0 .\CortexM0\ARM_GCC_441\Debug\Cm0Start.o
 .data          0x00000000        0x0 .\CortexM0\ARM_GCC_441\Debug\Cm0Start.o
 .bss           0x00000000        0x0 .\CortexM0\ARM_GCC_441\Debug\Cm0Start.o
 .text          0x00000000        0x0 .\CortexM0\ARM_GCC_441\Debug\Comparator_PSoC4_Example01.a(Comp.o)
 .data          0x00000000        0x0 .\CortexM0\ARM_GCC_441\Debug\Comparator_PSoC4_Example01.a(Comp.o)
 .text.Comp_Stop
                0x00000000       0x1c .\CortexM0\ARM_GCC_441\Debug\Comparator_PSoC4_Example01.a(Comp.o)
 .text.Comp_ZeroCal
                0x00000000       0x70 .\CortexM0\ARM_GCC_441\Debug\Comparator_PSoC4_Example01.a(Comp.o)
 .text.Comp_LoadTrim
                0x00000000       0x18 .\CortexM0\ARM_GCC_441\Debug\Comparator_PSoC4_Example01.a(Comp.o)
 .text          0x00000000        0x0 .\CortexM0\ARM_GCC_441\Debug\Comparator_PSoC4_Example01.a(CyLib.o)
 .bss           0x00000000        0x0 .\CortexM0\ARM_GCC_441\Debug\Comparator_PSoC4_Example01.a(CyLib.o)
 .text.CySysClkImoStart
                0x00000000       0x1c .\CortexM0\ARM_GCC_441\Debug\Comparator_PSoC4_Example01.a(CyLib.o)
 .text.CySysClkImoStop
                0x00000000       0x18 .\CortexM0\ARM_GCC_441\Debug\Comparator_PSoC4_Example01.a(CyLib.o)
 .text.CySysClkIloStart
                0x00000000       0x1c .\CortexM0\ARM_GCC_441\Debug\Comparator_PSoC4_Example01.a(CyLib.o)
 .text.CySysClkIloStop
                0x00000000       0x18 .\CortexM0\ARM_GCC_441\Debug\Comparator_PSoC4_Example01.a(CyLib.o)
 .text.CySysClkWriteHfclkDirect
                0x00000000       0x2c .\CortexM0\ARM_GCC_441\Debug\Comparator_PSoC4_Example01.a(CyLib.o)
 .text.CySysClkWriteSysclkDiv
                0x00000000       0x2c .\CortexM0\ARM_GCC_441\Debug\Comparator_PSoC4_Example01.a(CyLib.o)
 .text.CySysClkWriteImoFreq
                0x00000000      0x200 .\CortexM0\ARM_GCC_441\Debug\Comparator_PSoC4_Example01.a(CyLib.o)
 .text.CySysWdtLock
                0x00000000       0x44 .\CortexM0\ARM_GCC_441\Debug\Comparator_PSoC4_Example01.a(CyLib.o)
 .text.CySysWdtUnlock
                0x00000000       0x60 .\CortexM0\ARM_GCC_441\Debug\Comparator_PSoC4_Example01.a(CyLib.o)
 .text.CySysWdtReadEnabledStatus
                0x00000000       0x30 .\CortexM0\ARM_GCC_441\Debug\Comparator_PSoC4_Example01.a(CyLib.o)
 .text.CySysWdtWriteMode
                0x00000000       0x70 .\CortexM0\ARM_GCC_441\Debug\Comparator_PSoC4_Example01.a(CyLib.o)
 .text.CySysWdtReadMode
                0x00000000       0x24 .\CortexM0\ARM_GCC_441\Debug\Comparator_PSoC4_Example01.a(CyLib.o)
 .text.CySysWdtWriteClearOnMatch
                0x00000000       0x60 .\CortexM0\ARM_GCC_441\Debug\Comparator_PSoC4_Example01.a(CyLib.o)
 .text.CySysWdtReadClearOnMatch
                0x00000000       0x38 .\CortexM0\ARM_GCC_441\Debug\Comparator_PSoC4_Example01.a(CyLib.o)
 .text.CySysWdtEnable
                0x00000000       0x30 .\CortexM0\ARM_GCC_441\Debug\Comparator_PSoC4_Example01.a(CyLib.o)
 .text.CySysWdtDisable
                0x00000000       0x30 .\CortexM0\ARM_GCC_441\Debug\Comparator_PSoC4_Example01.a(CyLib.o)
 .text.CySysWdtWriteCascade
                0x00000000       0x68 .\CortexM0\ARM_GCC_441\Debug\Comparator_PSoC4_Example01.a(CyLib.o)
 .text.CySysWdtReadCascade
                0x00000000       0x1c .\CortexM0\ARM_GCC_441\Debug\Comparator_PSoC4_Example01.a(CyLib.o)
 .text.CySysWdtWriteMatch
                0x00000000       0x6c .\CortexM0\ARM_GCC_441\Debug\Comparator_PSoC4_Example01.a(CyLib.o)
 .text.CySysWdtWriteToggleBit
                0x00000000       0x54 .\CortexM0\ARM_GCC_441\Debug\Comparator_PSoC4_Example01.a(CyLib.o)
 .text.CySysWdtReadToggleBit
                0x00000000       0x18 .\CortexM0\ARM_GCC_441\Debug\Comparator_PSoC4_Example01.a(CyLib.o)
 .text.CySysWdtReadMatch
                0x00000000       0x38 .\CortexM0\ARM_GCC_441\Debug\Comparator_PSoC4_Example01.a(CyLib.o)
 .text.CySysWdtReadCount
                0x00000000       0x54 .\CortexM0\ARM_GCC_441\Debug\Comparator_PSoC4_Example01.a(CyLib.o)
 .text.CySysWdtGetInterruptSource
                0x00000000       0x1c .\CortexM0\ARM_GCC_441\Debug\Comparator_PSoC4_Example01.a(CyLib.o)
 .text.CySysWdtClearInterrupt
                0x00000000       0xac .\CortexM0\ARM_GCC_441\Debug\Comparator_PSoC4_Example01.a(CyLib.o)
 .text.CySysWdtResetCounters
                0x00000000       0x38 .\CortexM0\ARM_GCC_441\Debug\Comparator_PSoC4_Example01.a(CyLib.o)
 .text.CySysLvdEnable
                0x00000000       0x48 .\CortexM0\ARM_GCC_441\Debug\Comparator_PSoC4_Example01.a(CyLib.o)
 .text.CySysLvdDisable
                0x00000000       0x28 .\CortexM0\ARM_GCC_441\Debug\Comparator_PSoC4_Example01.a(CyLib.o)
 .text.CySysLvdGetInterruptSource
                0x00000000       0x18 .\CortexM0\ARM_GCC_441\Debug\Comparator_PSoC4_Example01.a(CyLib.o)
 .text.CySysLvdClearInterrupt
                0x00000000       0x14 .\CortexM0\ARM_GCC_441\Debug\Comparator_PSoC4_Example01.a(CyLib.o)
 .text.CyDisableInts
                0x00000000       0x24 .\CortexM0\ARM_GCC_441\Debug\Comparator_PSoC4_Example01.a(CyLib.o)
 .text.CyEnableInts
                0x00000000       0x18 .\CortexM0\ARM_GCC_441\Debug\Comparator_PSoC4_Example01.a(CyLib.o)
 .text.CyIntSetSysVector
                0x00000000       0x48 .\CortexM0\ARM_GCC_441\Debug\Comparator_PSoC4_Example01.a(CyLib.o)
 .text.CyIntGetSysVector
                0x00000000       0x34 .\CortexM0\ARM_GCC_441\Debug\Comparator_PSoC4_Example01.a(CyLib.o)
 .text.CyIntSetVector
                0x00000000       0x4c .\CortexM0\ARM_GCC_441\Debug\Comparator_PSoC4_Example01.a(CyLib.o)
 .text.CyIntGetVector
                0x00000000       0x38 .\CortexM0\ARM_GCC_441\Debug\Comparator_PSoC4_Example01.a(CyLib.o)
 .text.CyIntSetPriority
                0x00000000       0xa8 .\CortexM0\ARM_GCC_441\Debug\Comparator_PSoC4_Example01.a(CyLib.o)
 .text.CyIntGetPriority
                0x00000000       0x54 .\CortexM0\ARM_GCC_441\Debug\Comparator_PSoC4_Example01.a(CyLib.o)
 .text.CyIntEnable
                0x00000000       0x2c .\CortexM0\ARM_GCC_441\Debug\Comparator_PSoC4_Example01.a(CyLib.o)
 .text.CyIntGetState
                0x00000000       0x3c .\CortexM0\ARM_GCC_441\Debug\Comparator_PSoC4_Example01.a(CyLib.o)
 .text.CyIntDisable
                0x00000000       0x2c .\CortexM0\ARM_GCC_441\Debug\Comparator_PSoC4_Example01.a(CyLib.o)
 .text.CyIntSetPending
                0x00000000       0x2c .\CortexM0\ARM_GCC_441\Debug\Comparator_PSoC4_Example01.a(CyLib.o)
 .text.CyIntClearPending
                0x00000000       0x2c .\CortexM0\ARM_GCC_441\Debug\Comparator_PSoC4_Example01.a(CyLib.o)
 .text.CyHalt   0x00000000       0x14 .\CortexM0\ARM_GCC_441\Debug\Comparator_PSoC4_Example01.a(CyLib.o)
 .text.CySoftwareReset
                0x00000000       0x20 .\CortexM0\ARM_GCC_441\Debug\Comparator_PSoC4_Example01.a(CyLib.o)
 .text.CyDelayFreq
                0x00000000       0x80 .\CortexM0\ARM_GCC_441\Debug\Comparator_PSoC4_Example01.a(CyLib.o)
 .rodata        0x00000000       0x30 .\CortexM0\ARM_GCC_441\Debug\Comparator_PSoC4_Example01.a(CyLib.o)
 .text          0x00000000        0x0 .\CortexM0\ARM_GCC_441\Debug\Comparator_PSoC4_Example01.a(UART.o)
 .data          0x00000000        0x0 .\CortexM0\ARM_GCC_441\Debug\Comparator_PSoC4_Example01.a(UART.o)
 .text.UART_Stop
                0x00000000       0x1c .\CortexM0\ARM_GCC_441\Debug\Comparator_PSoC4_Example01.a(UART.o)
 .text.UART_SetCustomInterruptHandler
                0x00000000       0x18 .\CortexM0\ARM_GCC_441\Debug\Comparator_PSoC4_Example01.a(UART.o)
 .text.UART_ScbModeStop
                0x00000000        0x8 .\CortexM0\ARM_GCC_441\Debug\Comparator_PSoC4_Example01.a(UART.o)
 .text          0x00000000        0x0 .\CortexM0\ARM_GCC_441\Debug\Comparator_PSoC4_Example01.a(UART_UART.o)
 .data          0x00000000        0x0 .\CortexM0\ARM_GCC_441\Debug\Comparator_PSoC4_Example01.a(UART_UART.o)
 .bss           0x00000000        0x0 .\CortexM0\ARM_GCC_441\Debug\Comparator_PSoC4_Example01.a(UART_UART.o)
 .text.UART_UartSetRxAddress
                0x00000000       0x34 .\CortexM0\ARM_GCC_441\Debug\Comparator_PSoC4_Example01.a(UART_UART.o)
 .text.UART_UartSetRxAddressMask
                0x00000000       0x34 .\CortexM0\ARM_GCC_441\Debug\Comparator_PSoC4_Example01.a(UART_UART.o)
 .text.UART_UartGetChar
                0x00000000       0x44 .\CortexM0\ARM_GCC_441\Debug\Comparator_PSoC4_Example01.a(UART_UART.o)
 .text.UART_UartGetByte
                0x00000000       0x68 .\CortexM0\ARM_GCC_441\Debug\Comparator_PSoC4_Example01.a(UART_UART.o)
 .text.UART_UartPutCRLF
                0x00000000       0x24 .\CortexM0\ARM_GCC_441\Debug\Comparator_PSoC4_Example01.a(UART_UART.o)
 .text          0x00000000        0x0 .\CortexM0\ARM_GCC_441\Debug\Comparator_PSoC4_Example01.a(cyfitter_cfg.o)
 .bss           0x00000000        0x0 .\CortexM0\ARM_GCC_441\Debug\Comparator_PSoC4_Example01.a(cyfitter_cfg.o)
 .text.CYCONFIGCPY
                0x00000000       0x24 .\CortexM0\ARM_GCC_441\Debug\Comparator_PSoC4_Example01.a(cyfitter_cfg.o)
 .text.CYCONFIGCPYCODE
                0x00000000       0x24 .\CortexM0\ARM_GCC_441\Debug\Comparator_PSoC4_Example01.a(cyfitter_cfg.o)
 .data          0x00000000        0x0 .\CortexM0\ARM_GCC_441\Debug\Comparator_PSoC4_Example01.a(CyBootAsmGnu.o)
 .bss           0x00000000        0x0 .\CortexM0\ARM_GCC_441\Debug\Comparator_PSoC4_Example01.a(CyBootAsmGnu.o)
 .text          0x00000000        0x0 .\CortexM0\ARM_GCC_441\Debug\Comparator_PSoC4_Example01.a(UART_SPI_UART.o)
 .data          0x00000000        0x0 .\CortexM0\ARM_GCC_441\Debug\Comparator_PSoC4_Example01.a(UART_SPI_UART.o)
 .bss           0x00000000        0x0 .\CortexM0\ARM_GCC_441\Debug\Comparator_PSoC4_Example01.a(UART_SPI_UART.o)
 .text.UART_SpiUartReadRxData
                0x00000000       0x20 .\CortexM0\ARM_GCC_441\Debug\Comparator_PSoC4_Example01.a(UART_SPI_UART.o)
 .text.UART_SpiUartGetRxBufferSize
                0x00000000       0x20 .\CortexM0\ARM_GCC_441\Debug\Comparator_PSoC4_Example01.a(UART_SPI_UART.o)
 .text.UART_SpiUartClearRxBuffer
                0x00000000       0x2c .\CortexM0\ARM_GCC_441\Debug\Comparator_PSoC4_Example01.a(UART_SPI_UART.o)
 .text.UART_SpiUartPutArray
                0x00000000       0x34 .\CortexM0\ARM_GCC_441\Debug\Comparator_PSoC4_Example01.a(UART_SPI_UART.o)
 .text.UART_SpiUartGetTxBufferSize
                0x00000000       0x20 .\CortexM0\ARM_GCC_441\Debug\Comparator_PSoC4_Example01.a(UART_SPI_UART.o)
 .text.UART_SpiUartClearTxBuffer
                0x00000000       0x2c .\CortexM0\ARM_GCC_441\Debug\Comparator_PSoC4_Example01.a(UART_SPI_UART.o)
 .text.UART_SpiUartDisableIntRx
                0x00000000       0x20 .\CortexM0\ARM_GCC_441\Debug\Comparator_PSoC4_Example01.a(UART_SPI_UART.o)
 .text.UART_SpiUartDisableIntTx
                0x00000000       0x20 .\CortexM0\ARM_GCC_441\Debug\Comparator_PSoC4_Example01.a(UART_SPI_UART.o)
 .text          0x00000000       0x9c c:/program files/cypress/psoc creator/2.2/psoc creator/import/gnu_cs/arm/4.4.1/bin/../lib/gcc/arm-none-eabi/4.4.1/armv6-m\libgcc.a(_udivsi3.o)
 .data          0x00000000        0x0 c:/program files/cypress/psoc creator/2.2/psoc creator/import/gnu_cs/arm/4.4.1/bin/../lib/gcc/arm-none-eabi/4.4.1/armv6-m\libgcc.a(_udivsi3.o)
 .bss           0x00000000        0x0 c:/program files/cypress/psoc creator/2.2/psoc creator/import/gnu_cs/arm/4.4.1/bin/../lib/gcc/arm-none-eabi/4.4.1/armv6-m\libgcc.a(_udivsi3.o)
 .text          0x00000000        0x4 c:/program files/cypress/psoc creator/2.2/psoc creator/import/gnu_cs/arm/4.4.1/bin/../lib/gcc/arm-none-eabi/4.4.1/armv6-m\libgcc.a(_dvmd_tls.o)
 .data          0x00000000        0x0 c:/program files/cypress/psoc creator/2.2/psoc creator/import/gnu_cs/arm/4.4.1/bin/../lib/gcc/arm-none-eabi/4.4.1/armv6-m\libgcc.a(_dvmd_tls.o)
 .bss           0x00000000        0x0 c:/program files/cypress/psoc creator/2.2/psoc creator/import/gnu_cs/arm/4.4.1/bin/../lib/gcc/arm-none-eabi/4.4.1/armv6-m\libgcc.a(_dvmd_tls.o)
 .text          0x00000000      0x100 c:/program files/cypress/psoc creator/2.2/psoc creator/import/gnu_cs/arm/4.4.1/bin/../lib/gcc/arm-none-eabi/4.4.1/../../../../arm-none-eabi/lib/armv6-m\libc.a(lib_a-memcpy.o)
 .data          0x00000000        0x0 c:/program files/cypress/psoc creator/2.2/psoc creator/import/gnu_cs/arm/4.4.1/bin/../lib/gcc/arm-none-eabi/4.4.1/../../../../arm-none-eabi/lib/armv6-m\libc.a(lib_a-memcpy.o)
 .bss           0x00000000        0x0 c:/program files/cypress/psoc creator/2.2/psoc creator/import/gnu_cs/arm/4.4.1/bin/../lib/gcc/arm-none-eabi/4.4.1/../../../../arm-none-eabi/lib/armv6-m\libc.a(lib_a-memcpy.o)
 .data          0x00000000        0x0 c:/program files/cypress/psoc creator/2.2/psoc creator/import/gnu_cs/arm/4.4.1/bin/../lib/gcc/arm-none-eabi/4.4.1/../../../../arm-none-eabi/lib/armv6-m\libc.a(lib_a-memset.o)
 .bss           0x00000000        0x0 c:/program files/cypress/psoc creator/2.2/psoc creator/import/gnu_cs/arm/4.4.1/bin/../lib/gcc/arm-none-eabi/4.4.1/../../../../arm-none-eabi/lib/armv6-m\libc.a(lib_a-memset.o)
 .text          0x00000000        0x0 c:/program files/cypress/psoc creator/2.2/psoc creator/import/gnu_cs/arm/4.4.1/bin/../lib/gcc/arm-none-eabi/4.4.1/armv6-m/crtend.o
 .data          0x00000000        0x0 c:/program files/cypress/psoc creator/2.2/psoc creator/import/gnu_cs/arm/4.4.1/bin/../lib/gcc/arm-none-eabi/4.4.1/armv6-m/crtend.o
 .bss           0x00000000        0x0 c:/program files/cypress/psoc creator/2.2/psoc creator/import/gnu_cs/arm/4.4.1/bin/../lib/gcc/arm-none-eabi/4.4.1/armv6-m/crtend.o
 .text          0x00000000        0x0 c:/program files/cypress/psoc creator/2.2/psoc creator/import/gnu_cs/arm/4.4.1/bin/../lib/gcc/arm-none-eabi/4.4.1/armv6-m/crtn.o
 .data          0x00000000        0x0 c:/program files/cypress/psoc creator/2.2/psoc creator/import/gnu_cs/arm/4.4.1/bin/../lib/gcc/arm-none-eabi/4.4.1/armv6-m/crtn.o
 .bss           0x00000000        0x0 c:/program files/cypress/psoc creator/2.2/psoc creator/import/gnu_cs/arm/4.4.1/bin/../lib/gcc/arm-none-eabi/4.4.1/armv6-m/crtn.o
 .data          0x00000000        0x0 c:/program files/cypress/psoc creator/2.2/psoc creator/import/gnu_cs/arm/4.4.1/bin/../lib/gcc/arm-none-eabi/4.4.1/../../../../arm-none-eabi/lib/armv6-m\libcs3.a(start_c.o)
 .bss           0x00000000        0x0 c:/program files/cypress/psoc creator/2.2/psoc creator/import/gnu_cs/arm/4.4.1/bin/../lib/gcc/arm-none-eabi/4.4.1/../../../../arm-none-eabi/lib/armv6-m\libcs3.a(start_c.o)
 .data          0x00000000        0x0 c:/program files/cypress/psoc creator/2.2/psoc creator/import/gnu_cs/arm/4.4.1/bin/../lib/gcc/arm-none-eabi/4.4.1/../../../../arm-none-eabi/lib/armv6-m\libcs3micro.a(micro_isr_interrupt.o)
 .bss           0x00000000        0x0 c:/program files/cypress/psoc creator/2.2/psoc creator/import/gnu_cs/arm/4.4.1/bin/../lib/gcc/arm-none-eabi/4.4.1/../../../../arm-none-eabi/lib/armv6-m\libcs3micro.a(micro_isr_interrupt.o)
 .data          0x00000000        0x0 c:/program files/cypress/psoc creator/2.2/psoc creator/import/gnu_cs/arm/4.4.1/bin/../lib/gcc/arm-none-eabi/4.4.1/../../../../arm-none-eabi/lib/armv6-m\libc.a(lib_a-init.o)
 .bss           0x00000000        0x0 c:/program files/cypress/psoc creator/2.2/psoc creator/import/gnu_cs/arm/4.4.1/bin/../lib/gcc/arm-none-eabi/4.4.1/../../../../arm-none-eabi/lib/armv6-m\libc.a(lib_a-init.o)

Memory Configuration

Name             Origin             Length             Attributes
rom              0x00000000         0x00008000         xr
ram              0x20000000         0x00000b00         xrw
*default*        0x00000000         0xffffffff

Linker script and memory map

LOAD c:/program files/cypress/psoc creator/2.2/psoc creator/import/gnu_cs/arm/4.4.1/bin/../lib/gcc/arm-none-eabi/4.4.1/armv6-m/crti.o
LOAD c:/program files/cypress/psoc creator/2.2/psoc creator/import/gnu_cs/arm/4.4.1/bin/../lib/gcc/arm-none-eabi/4.4.1/armv6-m/crtbegin.o
START GROUP
LOAD .\CortexM0\ARM_GCC_441\Debug\main.o
LOAD .\CortexM0\ARM_GCC_441\Debug\Cm0Start.o
LOAD .\CortexM0\ARM_GCC_441\Debug\Comparator_PSoC4_Example01.a
LOAD C:\Program Files\Cypress\PSoC Creator\2.2\PSoC Creator\psoc\content\cycomponentlibrary\CyComponentLibrary.cylib\CortexM0\ARM_GCC_441\Debug\CyComponentLibrary.a
END GROUP
START GROUP
LOAD c:/program files/cypress/psoc creator/2.2/psoc creator/import/gnu_cs/arm/4.4.1/bin/../lib/gcc/arm-none-eabi/4.4.1/armv6-m\libgcc.a
LOAD c:/program files/cypress/psoc creator/2.2/psoc creator/import/gnu_cs/arm/4.4.1/bin/../lib/gcc/arm-none-eabi/4.4.1/../../../../arm-none-eabi/lib/armv6-m\libc.a
END GROUP
LOAD c:/program files/cypress/psoc creator/2.2/psoc creator/import/gnu_cs/arm/4.4.1/bin/../lib/gcc/arm-none-eabi/4.4.1/armv6-m/crtend.o
LOAD c:/program files/cypress/psoc creator/2.2/psoc creator/import/gnu_cs/arm/4.4.1/bin/../lib/gcc/arm-none-eabi/4.4.1/armv6-m/crtn.o
START GROUP
LOAD c:/program files/cypress/psoc creator/2.2/psoc creator/import/gnu_cs/arm/4.4.1/bin/../lib/gcc/arm-none-eabi/4.4.1/armv6-m\libgcc.a
LOAD c:/program files/cypress/psoc creator/2.2/psoc creator/import/gnu_cs/arm/4.4.1/bin/../lib/gcc/arm-none-eabi/4.4.1/../../../../arm-none-eabi/lib/armv6-m\libc.a
LOAD c:/program files/cypress/psoc creator/2.2/psoc creator/import/gnu_cs/arm/4.4.1/bin/../lib/gcc/arm-none-eabi/4.4.1/../../../../arm-none-eabi/lib/armv6-m\libcs3.a
LOAD c:/program files/cypress/psoc creator/2.2/psoc creator/import/gnu_cs/arm/4.4.1/bin/../lib/gcc/arm-none-eabi/4.4.1/../../../../arm-none-eabi/lib/armv6-m\libcs3unhosted.a
LOAD c:/program files/cypress/psoc creator/2.2/psoc creator/import/gnu_cs/arm/4.4.1/bin/../lib/gcc/arm-none-eabi/4.4.1/../../../../arm-none-eabi/lib/armv6-m\libcs3micro.a
END GROUP
                0x200000f0                PROVIDE (__cs3_heap_start, _end)
                0x00000001                PROVIDE (__cs3_region_num, ((__cs3_regions_end - __cs3_regions) / 0x14))
                0x20001000                PROVIDE (__cs3_stack, 0x20001000)
                0x20000c00                PROVIDE (__cs3_heap_end, (__cs3_stack - 0x400))

.text           0x00000000      0x85c
 CREATE_OBJECT_SYMBOLS
                0x00000000                PROVIDE (__cs3_interrupt_vector, RomVectors)
 *(.romvectors)
 .romvectors    0x00000000       0x10 .\CortexM0\ARM_GCC_441\Debug\Cm0Start.o
                0x00000000                RomVectors
 *(.cs3.interrupt_vector)
                0x00000001                ASSERT ((. != __cs3_interrupt_vector), No interrupt vector)
                0x00000384                PROVIDE (__cs3_reset, Reset)
 *(.cs3.reset)
                0x00000001                ASSERT ((. != __cs3_reset), No reset code)
 *(.text.cs3.init)
 .text.cs3.init
                0x00000010       0x50 c:/program files/cypress/psoc creator/2.2/psoc creator/import/gnu_cs/arm/4.4.1/bin/../lib/gcc/arm-none-eabi/4.4.1/../../../../arm-none-eabi/lib/armv6-m\libcs3.a(start_c.o)
                0x00000010                __cs3_start_c
 *(.psocinit)
 .psocinit      0x00000060      0x29c .\CortexM0\ARM_GCC_441\Debug\Comparator_PSoC4_Example01.a(cyfitter_cfg.o)
                0x00000198                cyfitter_cfg
                0x000002fc                . = (. MAX 0x100)
 *(.text .text.* .gnu.linkonce.t.*)
 .text          0x000002fc       0x30 c:/program files/cypress/psoc creator/2.2/psoc creator/import/gnu_cs/arm/4.4.1/bin/../lib/gcc/arm-none-eabi/4.4.1/armv6-m/crtbegin.o
 .text.main     0x0000032c       0x50 .\CortexM0\ARM_GCC_441\Debug\main.o
                0x0000032c                main
 .text.IntDefaultHandler
                0x0000037c        0x8 .\CortexM0\ARM_GCC_441\Debug\Cm0Start.o
                0x0000037c                IntDefaultHandler
 .text.Reset    0x00000384       0x10 .\CortexM0\ARM_GCC_441\Debug\Cm0Start.o
                0x00000384                Reset
 .text.initialize_psoc
                0x00000394       0x5c .\CortexM0\ARM_GCC_441\Debug\Cm0Start.o
                0x00000394                initialize_psoc
 .text.Comp_Init
                0x000003f0       0x20 .\CortexM0\ARM_GCC_441\Debug\Comparator_PSoC4_Example01.a(Comp.o)
                0x000003f0                Comp_Init
 .text.Comp_Enable
                0x00000410       0x28 .\CortexM0\ARM_GCC_441\Debug\Comparator_PSoC4_Example01.a(Comp.o)
                0x00000410                Comp_Enable
 .text.Comp_Start
                0x00000438       0x24 .\CortexM0\ARM_GCC_441\Debug\Comparator_PSoC4_Example01.a(Comp.o)
                0x00000438                Comp_Start
 .text.Comp_SetSpeed
                0x0000045c       0x30 .\CortexM0\ARM_GCC_441\Debug\Comparator_PSoC4_Example01.a(Comp.o)
                0x0000045c                Comp_SetSpeed
 .text.Comp_GetCompare
                0x0000048c       0x18 .\CortexM0\ARM_GCC_441\Debug\Comparator_PSoC4_Example01.a(Comp.o)
                0x0000048c                Comp_GetCompare
 .text.CyDelay  0x000004a4       0x48 .\CortexM0\ARM_GCC_441\Debug\Comparator_PSoC4_Example01.a(CyLib.o)
                0x000004a4                CyDelay
 .text.CyDelayUs
                0x000004ec       0x28 .\CortexM0\ARM_GCC_441\Debug\Comparator_PSoC4_Example01.a(CyLib.o)
                0x000004ec                CyDelayUs
 .text.UART_Init
                0x00000514        0xc .\CortexM0\ARM_GCC_441\Debug\Comparator_PSoC4_Example01.a(UART.o)
                0x00000514                UART_Init
 .text.UART_Enable
                0x00000520       0x20 .\CortexM0\ARM_GCC_441\Debug\Comparator_PSoC4_Example01.a(UART.o)
                0x00000520                UART_Enable
 .text.UART_Start
                0x00000540       0x24 .\CortexM0\ARM_GCC_441\Debug\Comparator_PSoC4_Example01.a(UART.o)
                0x00000540                UART_Start
 .text.UART_ScbEnableIntr
                0x00000564        0x8 .\CortexM0\ARM_GCC_441\Debug\Comparator_PSoC4_Example01.a(UART.o)
 .text.UART_UartInit
                0x0000056c       0xa8 .\CortexM0\ARM_GCC_441\Debug\Comparator_PSoC4_Example01.a(UART_UART.o)
                0x0000056c                UART_UartInit
 .text.UART_UartPutString
                0x00000614       0x34 .\CortexM0\ARM_GCC_441\Debug\Comparator_PSoC4_Example01.a(UART_UART.o)
                0x00000614                UART_UartPutString
 .text.CYMEMZERO
                0x00000648       0x20 .\CortexM0\ARM_GCC_441\Debug\Comparator_PSoC4_Example01.a(cyfitter_cfg.o)
 .text.cfg_write_bytes32
                0x00000668       0x80 .\CortexM0\ARM_GCC_441\Debug\Comparator_PSoC4_Example01.a(cyfitter_cfg.o)
 .text.AnalogSetDefault
                0x000006e8       0x14 .\CortexM0\ARM_GCC_441\Debug\Comparator_PSoC4_Example01.a(cyfitter_cfg.o)
 *fill*         0x000006fc        0x4 00
 .text          0x00000700       0x20 .\CortexM0\ARM_GCC_441\Debug\Comparator_PSoC4_Example01.a(CyBootAsmGnu.o)
                0x00000700                CyDelayCycles
                0x00000712                CyEnterCriticalSection
                0x0000071a                CyExitCriticalSection
 .text.UART_SpiUartWriteTxData
                0x00000720       0x28 .\CortexM0\ARM_GCC_441\Debug\Comparator_PSoC4_Example01.a(UART_SPI_UART.o)
                0x00000720                UART_SpiUartWriteTxData
 .text          0x00000748       0x8c c:/program files/cypress/psoc creator/2.2/psoc creator/import/gnu_cs/arm/4.4.1/bin/../lib/gcc/arm-none-eabi/4.4.1/../../../../arm-none-eabi/lib/armv6-m\libc.a(lib_a-memset.o)
                0x00000748                memset
 .text          0x000007d4       0x3c c:/program files/cypress/psoc creator/2.2/psoc creator/import/gnu_cs/arm/4.4.1/bin/../lib/gcc/arm-none-eabi/4.4.1/../../../../arm-none-eabi/lib/armv6-m\libcs3.a(start_c.o)
                0x000007d4                __cs3_premain
 .text          0x00000810        0x2 c:/program files/cypress/psoc creator/2.2/psoc creator/import/gnu_cs/arm/4.4.1/bin/../lib/gcc/arm-none-eabi/4.4.1/../../../../arm-none-eabi/lib/armv6-m\libcs3micro.a(micro_isr_interrupt.o)
                0x00000810                __cs3_isr_external_24
                0x00000810                __cs3_isr_external_9
                0x00000810                __cs3_isr_external_14
                0x00000810                __cs3_isr_reserved_9
                0x00000810                __cs3_isr_external_4
                0x00000810                __cs3_isr_external_21
                0x00000810                __cs3_isr_external_0
                0x00000810                __cs3_isr_external_27
                0x00000810                __cs3_isr_external_11
                0x00000810                __cs3_isr_usage_fault
                0x00000810                __cs3_isr_svcall
                0x00000810                __cs3_isr_external_3
                0x00000810                __cs3_isr_mpu_fault
                0x00000810                __cs3_isr_external_16
                0x00000810                __cs3_isr_pendsv
                0x00000810                __cs3_isr_external_31
                0x00000810                __cs3_isr_nmi
                0x00000810                __cs3_isr_external_5
                0x00000810                __cs3_isr_external_6
                0x00000810                __cs3_isr_external_12
                0x00000810                __cs3_isr_hard_fault
                0x00000810                __cs3_isr_bus_fault
                0x00000810                __cs3_isr_external_1
                0x00000810                __cs3_isr_external_13
                0x00000810                __cs3_isr_external_30
                0x00000810                __cs3_isr_external_23
                0x00000810                __cs3_isr_external_20
                0x00000810                __cs3_isr_debug
                0x00000810                __cs3_isr_reserved_13
                0x00000810                __cs3_isr_external_8
                0x00000810                __cs3_isr_external_26
                0x00000810                __cs3_isr_reserved_8
                0x00000810                __cs3_isr_reserved_7
                0x00000810                __cs3_isr_external_7
                0x00000810                __cs3_isr_external_28
                0x00000810                __cs3_isr_systick
                0x00000810                __cs3_isr_external_22
                0x00000810                __cs3_isr_external_10
                0x00000810                __cs3_isr_external_15
                0x00000810                __cs3_isr_interrupt
                0x00000810                __cs3_isr_external_18
                0x00000810                __cs3_isr_external_29
                0x00000810                __cs3_isr_external_25
                0x00000810                __cs3_isr_reserved_10
                0x00000810                __cs3_isr_external_2
                0x00000810                __cs3_isr_external_17
                0x00000810                __cs3_isr_external_19
 *fill*         0x00000812        0x2 00
 .text          0x00000814       0x48 c:/program files/cypress/psoc creator/2.2/psoc creator/import/gnu_cs/arm/4.4.1/bin/../lib/gcc/arm-none-eabi/4.4.1/../../../../arm-none-eabi/lib/armv6-m\libc.a(lib_a-init.o)
                0x00000814                __libc_init_array
 *(.plt)
 *(.gnu.warning)
 *(.glue_7t)
 .glue_7t       0x00000000        0x0 linker stubs
 *(.glue_7)
 .glue_7        0x00000000        0x0 linker stubs
 *(.vfp11_veneer)
 .vfp11_veneer  0x00000000        0x0 linker stubs
 *(.bootloader)
 *(.ARM.extab* .gnu.linkonce.armextab.*)
 *(.gcc_except_table)

.v4_bx          0x0000085c        0x0
 .v4_bx         0x00000000        0x0 linker stubs

.eh_frame_hdr
 *(.eh_frame_hdr)

.eh_frame
 *(.eh_frame)
                0x0000085c                PROVIDE (__exidx_start, .)

.ARM.exidx
 *(.ARM.exidx* .gnu.linkonce.armexidx.*)
                0x0000085c                __exidx_end = .

.rodata         0x0000085c       0xa4
 *(.rodata .rodata.* .gnu.linkonce.r.*)
 .rodata        0x0000085c       0x3c .\CortexM0\ARM_GCC_441\Debug\main.o
 .rodata        0x00000898       0x2c .\CortexM0\ARM_GCC_441\Debug\Comparator_PSoC4_Example01.a(cyfitter_cfg.o)
                0x000008c4                . = ALIGN (0x4)
 *(.init)
 .init          0x000008c4        0x4 c:/program files/cypress/psoc creator/2.2/psoc creator/import/gnu_cs/arm/4.4.1/bin/../lib/gcc/arm-none-eabi/4.4.1/armv6-m/crti.o
                0x000008c4                _init
 .init          0x000008c8        0x8 c:/program files/cypress/psoc creator/2.2/psoc creator/import/gnu_cs/arm/4.4.1/bin/../lib/gcc/arm-none-eabi/4.4.1/armv6-m/crtn.o
                0x000008d0                . = ALIGN (0x4)
                0x000008d0                __preinit_array_start = .
 *(.preinit_array)
                0x000008d0                __preinit_array_end = .
                0x000008d0                . = ALIGN (0x4)
                0x000008d0                __init_array_start = .
 *(SORT(.init_array.*))
 *(.init_array)
 .init_array    0x000008d0        0x4 c:/program files/cypress/psoc creator/2.2/psoc creator/import/gnu_cs/arm/4.4.1/bin/../lib/gcc/arm-none-eabi/4.4.1/armv6-m/crtbegin.o
 .init_array    0x000008d4        0x4 .\CortexM0\ARM_GCC_441\Debug\Cm0Start.o
                0x000008d8                __init_array_end = .
                0x000008d8                . = ALIGN (0x4)
 *(.fini)
 .fini          0x000008d8        0x4 c:/program files/cypress/psoc creator/2.2/psoc creator/import/gnu_cs/arm/4.4.1/bin/../lib/gcc/arm-none-eabi/4.4.1/armv6-m/crti.o
                0x000008d8                _fini
 .fini          0x000008dc        0x8 c:/program files/cypress/psoc creator/2.2/psoc creator/import/gnu_cs/arm/4.4.1/bin/../lib/gcc/arm-none-eabi/4.4.1/armv6-m/crtn.o
                0x000008e4                . = ALIGN (0x4)
                0x000008e4                __fini_array_start = .
 *(.fini_array)
 .fini_array    0x000008e4        0x4 c:/program files/cypress/psoc creator/2.2/psoc creator/import/gnu_cs/arm/4.4.1/bin/../lib/gcc/arm-none-eabi/4.4.1/armv6-m/crtbegin.o
 *(SORT(.fini_array.*))
                0x000008e8                __fini_array_end = .
                0x000008e8                . = ALIGN (0x4)
 *crtbegin.o(.ctors)
 *(EXCLUDE_FILE(*crtend.o) .ctors)
 *(SORT(.ctors.*))
 *crtend.o(.ctors)
                0x000008e8                . = ALIGN (0x4)
 *crtbegin.o(.dtors)
 *(EXCLUDE_FILE(*crtend.o) .dtors)
 *(SORT(.dtors.*))
 *crtend.o(.dtors)
                0x000008e8                . = ALIGN (0x4)
                0x000008e8                __cs3_regions = .
                0x000008e8        0x4 LONG 0x0
                0x000008ec        0x4 LONG 0x900 __cs3_region_init_ram
                0x000008f0        0x4 LONG 0x200000c8 __cs3_region_start_data
                0x000008f4        0x4 LONG 0x18 __cs3_region_init_size_ram
                0x000008f8        0x4 LONG 0x10 __cs3_region_zero_size_ram
                0x000008fc                __cs3_regions_end = .
                0x00000900                . = ALIGN (0x8)
 *fill*         0x000008fc        0x4 00
                0x00000900                _etext = .

.ramvectors     0x20000000       0xc0
                0x20000000                __cs3_region_start_ram = .
 *(.cs3.region-head.ram)
                0x20000001                ASSERT ((. == __cs3_region_start_ram), .cs3.region-head.ram not permitted)
 *(.ramvectors)
 .ramvectors    0x20000000       0xc0 .\CortexM0\ARM_GCC_441\Debug\Cm0Start.o
                0x20000000                CyRamVectors

.noinit         0x200000c0        0x4
 *(.noinit)
 .noinit        0x200000c0        0x4 .\CortexM0\ARM_GCC_441\Debug\Cm0Start.o

.data           0x200000c8       0x18 load address 0x00000900
                0x200000c8                __cs3_region_start_data = .
 *(.jcr)
 .jcr           0x200000c8        0x0 c:/program files/cypress/psoc creator/2.2/psoc creator/import/gnu_cs/arm/4.4.1/bin/../lib/gcc/arm-none-eabi/4.4.1/armv6-m/crtbegin.o
 .jcr           0x200000c8        0x4 c:/program files/cypress/psoc creator/2.2/psoc creator/import/gnu_cs/arm/4.4.1/bin/../lib/gcc/arm-none-eabi/4.4.1/armv6-m/crtend.o
 *(.got.plt)
 *(.got)
 *(.shdata)
 *(.data .data.* .gnu.linkonce.d.*)
 .data          0x200000cc       0x10 .\CortexM0\ARM_GCC_441\Debug\Comparator_PSoC4_Example01.a(CyLib.o)
                0x200000cc                cydelayFreqHz
                0x200000d0                cydelayFreqKhz
                0x200000d4                cydelayFreqMhz
                0x200000d8                cydelay32kMs
 .data          0x200000dc        0x4 .\CortexM0\ARM_GCC_441\Debug\Comparator_PSoC4_Example01.a(cyfitter_cfg.o)
                0x200000e0                . = ALIGN (0x8)
 *(.ram)
                0x200000e0                _edata = .

.bss            0x200000e0       0x10 load address 0x00000918
 *(.shbss)
 *(.bss .bss.* .gnu.linkonce.b.*)
 .bss           0x200000e0        0x1 c:/program files/cypress/psoc creator/2.2/psoc creator/import/gnu_cs/arm/4.4.1/bin/../lib/gcc/arm-none-eabi/4.4.1/armv6-m/crtbegin.o
 *fill*         0x200000e1        0x3 00
 .bss           0x200000e4        0x4 .\CortexM0\ARM_GCC_441\Debug\Comparator_PSoC4_Example01.a(Comp.o)
                0x200000e4                Comp_initVar
 .bss           0x200000e8        0x8 .\CortexM0\ARM_GCC_441\Debug\Comparator_PSoC4_Example01.a(UART.o)
                0x200000e8                UART_initVar
                0x200000ec                UART_customIntrHandler
 *(COMMON)
                0x200000f0                . = ALIGN (0x8)
 *(.ram.b)
                0x200000f0                _end = .
                0x200000f0                __end = .
                0x20000b00                __cs3_region_end_ram = (__cs3_region_start_ram + 0xb00)
                0x00000b00                __cs3_region_size_ram = 0xb00
                0x00000900                __cs3_region_init_ram = LOADADDR (.data)
                0x00000018                __cs3_region_init_size_ram = (_edata - ADDR (.data))
                0x00000010                __cs3_region_zero_size_ram = (_end - _edata)

.stab
 *(.stab)

.stabstr
 *(.stabstr)

.debug
 *(.debug)

.line
 *(.line)

.debug_srcinfo
 *(.debug_srcinfo)

.debug_sfnames
 *(.debug_sfnames)

.comment        0x00000000      0x158
 .comment       0x00000000       0x2b .\CortexM0\ARM_GCC_441\Debug\main.o
 .comment       0x0000002b       0x2b .\CortexM0\ARM_GCC_441\Debug\Cm0Start.o
 .comment       0x00000056       0x2b .\CortexM0\ARM_GCC_441\Debug\Comparator_PSoC4_Example01.a(Comp.o)
 .comment       0x00000081       0x2b .\CortexM0\ARM_GCC_441\Debug\Comparator_PSoC4_Example01.a(CyLib.o)
 .comment       0x000000ac       0x2b .\CortexM0\ARM_GCC_441\Debug\Comparator_PSoC4_Example01.a(UART.o)
 .comment       0x000000d7       0x2b .\CortexM0\ARM_GCC_441\Debug\Comparator_PSoC4_Example01.a(UART_UART.o)
 .comment       0x00000102       0x2b .\CortexM0\ARM_GCC_441\Debug\Comparator_PSoC4_Example01.a(cyfitter_cfg.o)
 .comment       0x0000012d       0x2b .\CortexM0\ARM_GCC_441\Debug\Comparator_PSoC4_Example01.a(UART_SPI_UART.o)

.debug_aranges  0x00000000      0x3b8
 *(.debug_aranges)
 .debug_aranges
                0x00000000       0x20 .\CortexM0\ARM_GCC_441\Debug\main.o
 .debug_aranges
                0x00000020       0x30 .\CortexM0\ARM_GCC_441\Debug\Cm0Start.o
 .debug_aranges
                0x00000050       0x58 .\CortexM0\ARM_GCC_441\Debug\Comparator_PSoC4_Example01.a(Comp.o)
 .debug_aranges
                0x000000a8      0x198 .\CortexM0\ARM_GCC_441\Debug\Comparator_PSoC4_Example01.a(CyLib.o)
 .debug_aranges
                0x00000240       0x50 .\CortexM0\ARM_GCC_441\Debug\Comparator_PSoC4_Example01.a(UART.o)
 .debug_aranges
                0x00000290       0x50 .\CortexM0\ARM_GCC_441\Debug\Comparator_PSoC4_Example01.a(UART_UART.o)
 .debug_aranges
                0x000002e0       0x58 .\CortexM0\ARM_GCC_441\Debug\Comparator_PSoC4_Example01.a(cyfitter_cfg.o)
 .debug_aranges
                0x00000338       0x20 .\CortexM0\ARM_GCC_441\Debug\Comparator_PSoC4_Example01.a(CyBootAsmGnu.o)
 .debug_aranges
                0x00000358       0x60 .\CortexM0\ARM_GCC_441\Debug\Comparator_PSoC4_Example01.a(UART_SPI_UART.o)

.debug_pubnames
                0x00000000      0x821
 *(.debug_pubnames)
 .debug_pubnames
                0x00000000       0x1b .\CortexM0\ARM_GCC_441\Debug\main.o
 .debug_pubnames
                0x0000001b       0x66 .\CortexM0\ARM_GCC_441\Debug\Cm0Start.o
 .debug_pubnames
                0x00000081       0xa7 .\CortexM0\ARM_GCC_441\Debug\Comparator_PSoC4_Example01.a(Comp.o)
 .debug_pubnames
                0x00000128      0x470 .\CortexM0\ARM_GCC_441\Debug\Comparator_PSoC4_Example01.a(CyLib.o)
 .debug_pubnames
                0x00000598       0x9c .\CortexM0\ARM_GCC_441\Debug\Comparator_PSoC4_Example01.a(UART.o)
 .debug_pubnames
                0x00000634       0xb2 .\CortexM0\ARM_GCC_441\Debug\Comparator_PSoC4_Example01.a(UART_UART.o)
 .debug_pubnames
                0x000006e6       0x23 .\CortexM0\ARM_GCC_441\Debug\Comparator_PSoC4_Example01.a(cyfitter_cfg.o)
 .debug_pubnames
                0x00000709      0x118 .\CortexM0\ARM_GCC_441\Debug\Comparator_PSoC4_Example01.a(UART_SPI_UART.o)

.debug_info     0x00000000     0x1827
 *(.debug_info .gnu.linkonce.wi.*)
 .debug_info    0x00000000       0x9c .\CortexM0\ARM_GCC_441\Debug\main.o
 .debug_info    0x0000009c      0x150 .\CortexM0\ARM_GCC_441\Debug\Cm0Start.o
 .debug_info    0x000001ec      0x19a .\CortexM0\ARM_GCC_441\Debug\Comparator_PSoC4_Example01.a(Comp.o)
 .debug_info    0x00000386      0xa16 .\CortexM0\ARM_GCC_441\Debug\Comparator_PSoC4_Example01.a(CyLib.o)
 .debug_info    0x00000d9c      0x170 .\CortexM0\ARM_GCC_441\Debug\Comparator_PSoC4_Example01.a(UART.o)
 .debug_info    0x00000f0c      0x209 .\CortexM0\ARM_GCC_441\Debug\Comparator_PSoC4_Example01.a(UART_UART.o)
 .debug_info    0x00001115      0x449 .\CortexM0\ARM_GCC_441\Debug\Comparator_PSoC4_Example01.a(cyfitter_cfg.o)
 .debug_info    0x0000155e       0xa9 .\CortexM0\ARM_GCC_441\Debug\Comparator_PSoC4_Example01.a(CyBootAsmGnu.o)
 .debug_info    0x00001607      0x220 .\CortexM0\ARM_GCC_441\Debug\Comparator_PSoC4_Example01.a(UART_SPI_UART.o)

.debug_abbrev   0x00000000      0x776
 *(.debug_abbrev)
 .debug_abbrev  0x00000000       0x48 .\CortexM0\ARM_GCC_441\Debug\main.o
 .debug_abbrev  0x00000048       0xcc .\CortexM0\ARM_GCC_441\Debug\Cm0Start.o
 .debug_abbrev  0x00000114       0xdc .\CortexM0\ARM_GCC_441\Debug\Comparator_PSoC4_Example01.a(Comp.o)
 .debug_abbrev  0x000001f0      0x14f .\CortexM0\ARM_GCC_441\Debug\Comparator_PSoC4_Example01.a(CyLib.o)
 .debug_abbrev  0x0000033f       0xb1 .\CortexM0\ARM_GCC_441\Debug\Comparator_PSoC4_Example01.a(UART.o)
 .debug_abbrev  0x000003f0       0xca .\CortexM0\ARM_GCC_441\Debug\Comparator_PSoC4_Example01.a(UART_UART.o)
 .debug_abbrev  0x000004ba      0x16a .\CortexM0\ARM_GCC_441\Debug\Comparator_PSoC4_Example01.a(cyfitter_cfg.o)
 .debug_abbrev  0x00000624       0x14 .\CortexM0\ARM_GCC_441\Debug\Comparator_PSoC4_Example01.a(CyBootAsmGnu.o)
 .debug_abbrev  0x00000638      0x13e .\CortexM0\ARM_GCC_441\Debug\Comparator_PSoC4_Example01.a(UART_SPI_UART.o)

.debug_line     0x00000000      0xbae
 *(.debug_line)
 .debug_line    0x00000000       0x43 .\CortexM0\ARM_GCC_441\Debug\main.o
 .debug_line    0x00000043       0xaa .\CortexM0\ARM_GCC_441\Debug\Cm0Start.o
 .debug_line    0x000000ed      0x10a .\CortexM0\ARM_GCC_441\Debug\Comparator_PSoC4_Example01.a(Comp.o)
 .debug_line    0x000001f7      0x476 .\CortexM0\ARM_GCC_441\Debug\Comparator_PSoC4_Example01.a(CyLib.o)
 .debug_line    0x0000066d       0xf0 .\CortexM0\ARM_GCC_441\Debug\Comparator_PSoC4_Example01.a(UART.o)
 .debug_line    0x0000075d      0x117 .\CortexM0\ARM_GCC_441\Debug\Comparator_PSoC4_Example01.a(UART_UART.o)
 .debug_line    0x00000874      0x1a9 .\CortexM0\ARM_GCC_441\Debug\Comparator_PSoC4_Example01.a(cyfitter_cfg.o)
 .debug_line    0x00000a1d       0x68 .\CortexM0\ARM_GCC_441\Debug\Comparator_PSoC4_Example01.a(CyBootAsmGnu.o)
 .debug_line    0x00000a85      0x129 .\CortexM0\ARM_GCC_441\Debug\Comparator_PSoC4_Example01.a(UART_SPI_UART.o)

.debug_frame    0x00000000      0xc54
 *(.debug_frame)
 .debug_frame   0x00000000       0x2c .\CortexM0\ARM_GCC_441\Debug\main.o
 .debug_frame   0x0000002c       0x5c .\CortexM0\ARM_GCC_441\Debug\Cm0Start.o
 .debug_frame   0x00000088       0xfc .\CortexM0\ARM_GCC_441\Debug\Comparator_PSoC4_Example01.a(Comp.o)
 .debug_frame   0x00000184      0x5ec .\CortexM0\ARM_GCC_441\Debug\Comparator_PSoC4_Example01.a(CyLib.o)
 .debug_frame   0x00000770       0xd8 .\CortexM0\ARM_GCC_441\Debug\Comparator_PSoC4_Example01.a(UART.o)
 .debug_frame   0x00000848       0xec .\CortexM0\ARM_GCC_441\Debug\Comparator_PSoC4_Example01.a(UART_UART.o)
 .debug_frame   0x00000934      0x108 .\CortexM0\ARM_GCC_441\Debug\Comparator_PSoC4_Example01.a(cyfitter_cfg.o)
 .debug_frame   0x00000a3c      0x128 .\CortexM0\ARM_GCC_441\Debug\Comparator_PSoC4_Example01.a(UART_SPI_UART.o)
 .debug_frame   0x00000b64       0x20 c:/program files/cypress/psoc creator/2.2/psoc creator/import/gnu_cs/arm/4.4.1/bin/../lib/gcc/arm-none-eabi/4.4.1/armv6-m\libgcc.a(_udivsi3.o)
 .debug_frame   0x00000b84       0x30 c:/program files/cypress/psoc creator/2.2/psoc creator/import/gnu_cs/arm/4.4.1/bin/../lib/gcc/arm-none-eabi/4.4.1/../../../../arm-none-eabi/lib/armv6-m\libc.a(lib_a-memcpy.o)
 .debug_frame   0x00000bb4       0x2c c:/program files/cypress/psoc creator/2.2/psoc creator/import/gnu_cs/arm/4.4.1/bin/../lib/gcc/arm-none-eabi/4.4.1/../../../../arm-none-eabi/lib/armv6-m\libc.a(lib_a-memset.o)
 .debug_frame   0x00000be0       0x48 c:/program files/cypress/psoc creator/2.2/psoc creator/import/gnu_cs/arm/4.4.1/bin/../lib/gcc/arm-none-eabi/4.4.1/../../../../arm-none-eabi/lib/armv6-m\libcs3.a(start_c.o)
 .debug_frame   0x00000c28       0x2c c:/program files/cypress/psoc creator/2.2/psoc creator/import/gnu_cs/arm/4.4.1/bin/../lib/gcc/arm-none-eabi/4.4.1/../../../../arm-none-eabi/lib/armv6-m\libc.a(lib_a-init.o)

.debug_str      0x00000000      0xb6c
 *(.debug_str)
 .debug_str     0x00000000       0xcf .\CortexM0\ARM_GCC_441\Debug\main.o
                                0x108 (size before relaxing)
 .debug_str     0x000000cf       0x91 .\CortexM0\ARM_GCC_441\Debug\Cm0Start.o
                                0x191 (size before relaxing)
 .debug_str     0x00000160       0xa6 .\CortexM0\ARM_GCC_441\Debug\Comparator_PSoC4_Example01.a(Comp.o)
                                0x1a7 (size before relaxing)
 .debug_str     0x00000206      0x4fb .\CortexM0\ARM_GCC_441\Debug\Comparator_PSoC4_Example01.a(CyLib.o)
                                0x611 (size before relaxing)
 .debug_str     0x00000701       0xb7 .\CortexM0\ARM_GCC_441\Debug\Comparator_PSoC4_Example01.a(UART.o)
                                0x1c4 (size before relaxing)
 .debug_str     0x000007b8       0xfe .\CortexM0\ARM_GCC_441\Debug\Comparator_PSoC4_Example01.a(UART_UART.o)
                                0x207 (size before relaxing)
 .debug_str     0x000008b6      0x19b .\CortexM0\ARM_GCC_441\Debug\Comparator_PSoC4_Example01.a(cyfitter_cfg.o)
                                0x2d8 (size before relaxing)
 .debug_str     0x00000a51      0x11b .\CortexM0\ARM_GCC_441\Debug\Comparator_PSoC4_Example01.a(UART_SPI_UART.o)
                                0x24d (size before relaxing)

.debug_loc      0x00000000     0x11fa
 *(.debug_loc)
 .debug_loc     0x00000000       0x2b .\CortexM0\ARM_GCC_441\Debug\main.o
 .debug_loc     0x0000002b       0x62 .\CortexM0\ARM_GCC_441\Debug\Cm0Start.o
 .debug_loc     0x0000008d      0x17c .\CortexM0\ARM_GCC_441\Debug\Comparator_PSoC4_Example01.a(Comp.o)
 .debug_loc     0x00000209      0x9cc .\CortexM0\ARM_GCC_441\Debug\Comparator_PSoC4_Example01.a(CyLib.o)
 .debug_loc     0x00000bd5      0x139 .\CortexM0\ARM_GCC_441\Debug\Comparator_PSoC4_Example01.a(UART.o)
 .debug_loc     0x00000d0e      0x175 .\CortexM0\ARM_GCC_441\Debug\Comparator_PSoC4_Example01.a(UART_UART.o)
 .debug_loc     0x00000e83      0x1a0 .\CortexM0\ARM_GCC_441\Debug\Comparator_PSoC4_Example01.a(cyfitter_cfg.o)
 .debug_loc     0x00001023      0x1d7 .\CortexM0\ARM_GCC_441\Debug\Comparator_PSoC4_Example01.a(UART_SPI_UART.o)

.debug_macinfo
 *(.debug_macinfo)

.debug_ranges   0x00000000      0x358
 *(.debug_ranges)
 .debug_ranges  0x00000000       0x18 .\CortexM0\ARM_GCC_441\Debug\main.o
 .debug_ranges  0x00000018       0x28 .\CortexM0\ARM_GCC_441\Debug\Cm0Start.o
 .debug_ranges  0x00000040       0x50 .\CortexM0\ARM_GCC_441\Debug\Comparator_PSoC4_Example01.a(Comp.o)
 .debug_ranges  0x00000090      0x190 .\CortexM0\ARM_GCC_441\Debug\Comparator_PSoC4_Example01.a(CyLib.o)
 .debug_ranges  0x00000220       0x48 .\CortexM0\ARM_GCC_441\Debug\Comparator_PSoC4_Example01.a(UART.o)
 .debug_ranges  0x00000268       0x48 .\CortexM0\ARM_GCC_441\Debug\Comparator_PSoC4_Example01.a(UART_UART.o)
 .debug_ranges  0x000002b0       0x50 .\CortexM0\ARM_GCC_441\Debug\Comparator_PSoC4_Example01.a(cyfitter_cfg.o)
 .debug_ranges  0x00000300       0x58 .\CortexM0\ARM_GCC_441\Debug\Comparator_PSoC4_Example01.a(UART_SPI_UART.o)

.debug_weaknames
 *(.debug_weaknames)

.debug_funcnames
 *(.debug_funcnames)

.debug_typenames
 *(.debug_typenames)

.debug_varnames
 *(.debug_varnames)

.note.gnu.arm.ident
 *(.note.gnu.arm.ident)

.ARM.attributes
                0x00000000       0x29
 *(.ARM.attributes)
 .ARM.attributes
                0x00000000       0x1d c:/program files/cypress/psoc creator/2.2/psoc creator/import/gnu_cs/arm/4.4.1/bin/../lib/gcc/arm-none-eabi/4.4.1/armv6-m/crti.o
 .ARM.attributes
                0x0000001d       0x2d c:/program files/cypress/psoc creator/2.2/psoc creator/import/gnu_cs/arm/4.4.1/bin/../lib/gcc/arm-none-eabi/4.4.1/armv6-m/crtbegin.o
 .ARM.attributes
                0x0000004a       0x33 .\CortexM0\ARM_GCC_441\Debug\main.o
 .ARM.attributes
                0x0000007d       0x33 .\CortexM0\ARM_GCC_441\Debug\Cm0Start.o
 .ARM.attributes
                0x000000b0       0x33 .\CortexM0\ARM_GCC_441\Debug\Comparator_PSoC4_Example01.a(Comp.o)
 .ARM.attributes
                0x000000e3       0x33 .\CortexM0\ARM_GCC_441\Debug\Comparator_PSoC4_Example01.a(CyLib.o)
 .ARM.attributes
                0x00000116       0x33 .\CortexM0\ARM_GCC_441\Debug\Comparator_PSoC4_Example01.a(UART.o)
 .ARM.attributes
                0x00000149       0x33 .\CortexM0\ARM_GCC_441\Debug\Comparator_PSoC4_Example01.a(UART_UART.o)
 .ARM.attributes
                0x0000017c       0x33 .\CortexM0\ARM_GCC_441\Debug\Comparator_PSoC4_Example01.a(cyfitter_cfg.o)
 .ARM.attributes
                0x000001af       0x23 .\CortexM0\ARM_GCC_441\Debug\Comparator_PSoC4_Example01.a(CyBootAsmGnu.o)
 .ARM.attributes
                0x000001d2       0x33 .\CortexM0\ARM_GCC_441\Debug\Comparator_PSoC4_Example01.a(UART_SPI_UART.o)
 .ARM.attributes
                0x00000205       0x1f c:/program files/cypress/psoc creator/2.2/psoc creator/import/gnu_cs/arm/4.4.1/bin/../lib/gcc/arm-none-eabi/4.4.1/armv6-m\libgcc.a(_udivsi3.o)
 .ARM.attributes
                0x00000224       0x1f c:/program files/cypress/psoc creator/2.2/psoc creator/import/gnu_cs/arm/4.4.1/bin/../lib/gcc/arm-none-eabi/4.4.1/armv6-m\libgcc.a(_dvmd_tls.o)
 .ARM.attributes
                0x00000243       0x2d c:/program files/cypress/psoc creator/2.2/psoc creator/import/gnu_cs/arm/4.4.1/bin/../lib/gcc/arm-none-eabi/4.4.1/../../../../arm-none-eabi/lib/armv6-m\libc.a(lib_a-memcpy.o)
 .ARM.attributes
                0x00000270       0x2d c:/program files/cypress/psoc creator/2.2/psoc creator/import/gnu_cs/arm/4.4.1/bin/../lib/gcc/arm-none-eabi/4.4.1/../../../../arm-none-eabi/lib/armv6-m\libc.a(lib_a-memset.o)
 .ARM.attributes
                0x0000029d       0x2d c:/program files/cypress/psoc creator/2.2/psoc creator/import/gnu_cs/arm/4.4.1/bin/../lib/gcc/arm-none-eabi/4.4.1/armv6-m/crtend.o
 .ARM.attributes
                0x000002ca       0x1d c:/program files/cypress/psoc creator/2.2/psoc creator/import/gnu_cs/arm/4.4.1/bin/../lib/gcc/arm-none-eabi/4.4.1/armv6-m/crtn.o
 .ARM.attributes
                0x000002e7       0x2d c:/program files/cypress/psoc creator/2.2/psoc creator/import/gnu_cs/arm/4.4.1/bin/../lib/gcc/arm-none-eabi/4.4.1/../../../../arm-none-eabi/lib/armv6-m\libcs3.a(start_c.o)
 .ARM.attributes
                0x00000314       0x1d c:/program files/cypress/psoc creator/2.2/psoc creator/import/gnu_cs/arm/4.4.1/bin/../lib/gcc/arm-none-eabi/4.4.1/../../../../arm-none-eabi/lib/armv6-m\libcs3micro.a(micro_isr_interrupt.o)
 .ARM.attributes
                0x00000331       0x2d c:/program files/cypress/psoc creator/2.2/psoc creator/import/gnu_cs/arm/4.4.1/bin/../lib/gcc/arm-none-eabi/4.4.1/../../../../arm-none-eabi/lib/armv6-m\libc.a(lib_a-init.o)

/DISCARD/
 *(.note.GNU-stack)
OUTPUT(.\CortexM0\ARM_GCC_441\Debug\Comparator_PSoC4_Example01.elf elf32-littlearm)
